Archive member included to satisfy reference by file (symbol)

/Applications/VEXcode Pro V5.app/Contents/Resources/sdk/vexv5/libv5rt.a(v5_startup.c.obj)
                              (vexStartup)
/Applications/VEXcode Pro V5.app/Contents/Resources/sdk/vexv5/libv5rt.a(v5_util.c.obj)
                              /Applications/VEXcode Pro V5.app/Contents/Resources/sdk/vexv5/libv5rt.a(v5_startup.c.obj) (vexStdlibVersionLinked)
/Applications/VEXcode Pro V5.app/Contents/Resources/sdk/vexv5/libv5rt.a(v5_apijump.c.obj)
                              /Applications/VEXcode Pro V5.app/Contents/Resources/sdk/vexv5/libv5rt.a(v5_startup.c.obj) (vexPrivateApiEnable)
/Applications/VEXcode Pro V5.app/Contents/Resources/sdk/vexv5/libv5rt.a(v5_apiversions.c.obj)
                              /Applications/VEXcode Pro V5.app/Contents/Resources/sdk/vexv5/libv5rt.a(v5_apijump.c.obj) (vexSystemVersion)
/Applications/VEXcode Pro V5.app/Contents/Resources/sdk/vexv5/libv5rt.a(vex_global.cpp.obj)
                              build/src/main.o (vex::wait(double, vex::timeUnits))
/Applications/VEXcode Pro V5.app/Contents/Resources/sdk/vexv5/libv5rt.a(vex_motor.cpp.obj)
                              build/src/robot-config.o (vex::motor::~motor())
/Applications/VEXcode Pro V5.app/Contents/Resources/sdk/vexv5/libv5rt.a(vex_imu.cpp.obj)
                              build/src/robot-config.o (vex::inertial::setHeading(double, vex::rotationUnits))
/Applications/VEXcode Pro V5.app/Contents/Resources/sdk/vexv5/libv5rt.a(vex_rotation.cpp.obj)
                              build/src/robot-config.o (vex::rotation::~rotation())
/Applications/VEXcode Pro V5.app/Contents/Resources/sdk/vexv5/libv5rt.a(vex_controller.cpp.obj)
                              build/src/robot-config.o (vex::controller::~controller())
/Applications/VEXcode Pro V5.app/Contents/Resources/sdk/vexv5/libv5rt.a(vex_task.cpp.obj)
                              build/src/main.o (vex::task::task(int (*)()))
/Applications/VEXcode Pro V5.app/Contents/Resources/sdk/vexv5/libv5rt.a(vex_thread.cpp.obj)
                              /Applications/VEXcode Pro V5.app/Contents/Resources/sdk/vexv5/libv5rt.a(vex_global.cpp.obj) (vex::this_thread::sleep_for(unsigned long))
/Applications/VEXcode Pro V5.app/Contents/Resources/sdk/vexv5/libv5rt.a(vex_event.cpp.obj)
                              /Applications/VEXcode Pro V5.app/Contents/Resources/sdk/vexv5/libv5rt.a(vex_imu.cpp.obj) (vex::event::init(unsigned long, unsigned long, void (*)()))
/Applications/VEXcode Pro V5.app/Contents/Resources/sdk/vexv5/libv5rt.a(vex_mevent.cpp.obj)
                              /Applications/VEXcode Pro V5.app/Contents/Resources/sdk/vexv5/libv5rt.a(vex_controller.cpp.obj) (vex::mevent::mevent(unsigned long, unsigned long))
/Applications/VEXcode Pro V5.app/Contents/Resources/sdk/vexv5/libv5rt.a(vex_brain.cpp.obj)
                              build/src/robot-config.o (vex::brain::lcd::setCursor(long, long))
/Applications/VEXcode Pro V5.app/Contents/Resources/sdk/vexv5/libv5rt.a(vex_competition.cpp.obj)
                              build/src/main.o (vex::competition::competition())
/Applications/VEXcode Pro V5.app/Contents/Resources/sdk/vexv5/libv5rt.a(vex_triport.cpp.obj)
                              /Applications/VEXcode Pro V5.app/Contents/Resources/sdk/vexv5/libv5rt.a(vex_brain.cpp.obj) (vex::triport::~triport())
/Applications/VEXcode Pro V5.app/Contents/Resources/sdk/vexv5/libv5rt.a(vex_color.cpp.obj)
                              /Applications/VEXcode Pro V5.app/Contents/Resources/sdk/vexv5/libv5rt.a(vex_brain.cpp.obj) (vex::color::operator unsigned long() const)
/Applications/VEXcode Pro V5.app/Contents/Resources/sdk/vexv5/libv5rt.a(vex_timer.cpp.obj)
                              build/src/main.o (vex::timer::~timer())
/Applications/VEXcode Pro V5.app/Contents/Resources/sdk/vexv5/libv5rt.a(vex_motorgroup.cpp.obj)
                              build/src/robot-config.o (vex::motor_group::motor_group())
/Applications/VEXcode Pro V5.app/Contents/Resources/sdk/vexv5/libv5rt.a(v5_apiuser.c.obj)
                              /Applications/VEXcode Pro V5.app/Contents/Resources/sdk/vexv5/libv5rt.a(vex_triport.cpp.obj) (vexAdiPortConfigSet)
/Applications/VEXcode Pro V5.app/Contents/Resources/sdk/vexv5/libv5rt.a(vex_device.cpp.obj)
                              /Applications/VEXcode Pro V5.app/Contents/Resources/sdk/vexv5/libv5rt.a(vex_motor.cpp.obj) (vex::device::~device())
/Applications/VEXcode Pro V5.app/Contents/Resources/sdk/vexv5/gcc/libs/libc.a(lib_a-fini.o)
                              /Applications/VEXcode Pro V5.app/Contents/Resources/sdk/vexv5/libv5rt.a(v5_startup.c.obj) (__libc_fini_array)
/Applications/VEXcode Pro V5.app/Contents/Resources/sdk/vexv5/gcc/libs/libc.a(lib_a-impure.o)
                              /Applications/VEXcode Pro V5.app/Contents/Resources/sdk/vexv5/libv5rt.a(v5_startup.c.obj) (_impure_ptr)
/Applications/VEXcode Pro V5.app/Contents/Resources/sdk/vexv5/gcc/libs/libc.a(lib_a-init.o)
[...]
Memory Configuration

Name             Origin             Length             Attributes
ps7_ddr_0_S_AXI_BASEADDR 0x0000000003800000 0x0000000004800000
*default*        0x0000000000000000 0xffffffffffffffff

Linker script and memory map

                0x0000000000002000                _STACK_SIZE = DEFINED (_STACK_SIZE)?_STACK_SIZE:0x2000
                0x0000000000100000                _HEAP_SIZE = DEFINED (_HEAP_SIZE)?_HEAP_SIZE:0x100000
                0x0000000000000400                _ABORT_STACK_SIZE = DEFINED (_ABORT_STACK_SIZE)?_ABORT_STACK_SIZE:0x400
                0x0000000000000800                _SUPERVISOR_STACK_SIZE = DEFINED (_SUPERVISOR_STACK_SIZE)?_SUPERVISOR_STACK_SIZE:0x800
                0x0000000000000400                _IRQ_STACK_SIZE = DEFINED (_IRQ_STACK_SIZE)?_IRQ_STACK_SIZE:0x400
                0x0000000000000400                _FIQ_STACK_SIZE = DEFINED (_FIQ_STACK_SIZE)?_FIQ_STACK_SIZE:0x400
                0x0000000000000400                _UNDEF_STACK_SIZE = DEFINED (_UNDEF_STACK_SIZE)?_UNDEF_STACK_SIZE:0x400

.text           0x0000000003800000     0x5ee8
 *(.vectors)
 *(.boot_data)
 .boot_data     0x0000000003800000       0x20 /Applications/VEXcode Pro V5.app/Contents/Resources/sdk/vexv5/libv5rt.a(v5_startup.c.obj)
                0x0000000003800000                vexCodeSig
                0x0000000000000020                . = 0x20
 *(.boot)
 .boot          0x0000000003800020       0xbc /Applications/VEXcode Pro V5.app/Contents/Resources/sdk/vexv5/libv5rt.a(v5_startup.c.obj)
                0x0000000003800020                vexStartup
                0x0000000003800100                . = ALIGN (0x40)
 *fill*         0x00000000038000dc       0x24 
 *(.freertos_vectors)
 *(.text)
 *(.text.*)
 .text._Z10av_Encoderv
                0x0000000003800100       0x9c build/src/main.o
                0x0000000003800100                av_Encoder()
 *fill*         0x000000000380019c        0x4 
 .text._Z6CalYawv
                0x00000000038001a0       0xe0 build/src/main.o
                0x00000000038001a0                CalYaw()
 .text._Z10set_torquedddd
                0x0000000003800280       0x88 build/src/main.o
                0x0000000003800280                set_torque(double, double, double, double)
 .text._Z5set_Vdddd
                0x0000000003800308       0xa4 build/src/main.o
                0x0000000003800308                set_V(double, double, double, double)
 .text._Z8stop_allN3vex9brakeTypeE
                0x00000000038003ac       0x9c build/src/main.o
                0x00000000038003ac                stop_all(vex::brakeType)
 .text._Z10basic_turndd
                0x0000000003800448      0x13c build/src/main.o
                0x0000000003800448                basic_turn(double, double)
 .text._Z10basic_movedd
                0x0000000003800584      0x150 build/src/main.o
                0x0000000003800584                basic_move(double, double)
 *fill*         0x00000000038006d4        0x4 
 .text._Z7Go_movedddd
                0x00000000038006d8      0x130 build/src/main.o
                0x00000000038006d8                Go_move(double, double, double, double)
 .text._Z8Go_logicdd
                0x0000000003800808      0x3b8 build/src/main.o
                0x0000000003800808                Go_logic(double, double)
 .text._Z17Constant_selecterd
                0x0000000003800bc0      0x398 build/src/main.o
                0x0000000003800bc0                Constant_selecter(double)
 .text._Z12turnto_logicdd
                0x0000000003800f58      0x450 build/src/main.o
                0x0000000003800f58                turnto_logic(double, double)
 .text._Z13turnto_clientdd
                0x00000000038013a8      0x138 build/src/main.o
                0x00000000038013a8                turnto_client(double, double)
 .text._Z8end_autov
                0x00000000038014e0       0xb8 build/src/main.o
                0x00000000038014e0                end_auto()
 .text._Z4liftiid
                0x0000000003801598      0x1a8 build/src/main.o
                0x0000000003801598                lift(int, int, double)
 .text._Z16fast_up_clawopenv
                0x0000000003801740      0x128 build/src/main.o
                0x0000000003801740                fast_up_clawopen()
 .text._Z18fast_down_clawopenv
                0x0000000003801868      0x138 build/src/main.o
                0x0000000003801868                fast_down_clawopen()
 .text._Z17fast_up_clawclosev
                0x00000000038019a0      0x138 build/src/main.o
                0x00000000038019a0                fast_up_clawclose()
 .text._Z19fast_down_clawclosev
                0x0000000003801ad8      0x138 build/src/main.o
                0x0000000003801ad8                fast_down_clawclose()
 .text._Z7task_upv
                0x0000000003801c10       0x30 build/src/main.o
                0x0000000003801c10                task_up()
 .text._Z9task_downv
                0x0000000003801c40       0x48 build/src/main.o
                0x0000000003801c40                task_down()
 .text._Z10task_closev
                0x0000000003801c88       0x38 build/src/main.o
                0x0000000003801c88                task_close()
 .text._Z4Autov
                0x0000000003801cc0      0x338 build/src/main.o
                0x0000000003801cc0                Auto()
 .text.main     0x0000000003801ff8       0x48 build/src/main.o
                0x0000000003801ff8                main
 .text._GLOBAL__sub_I_main.cpp
                0x0000000003802040      0x11c build/src/main.o
 .text._ZN3vex11motor_groupC2IJNS_5motorES2_EEERS2_DpRT_
                0x000000000380215c       0x44 build/src/robot-config.o
                0x000000000380215c                vex::motor_group::motor_group<vex::motor, vex::motor>(vex::motor&, vex::motor&, vex::motor&)
 .text._Z8printingv
                0x00000000038021a0      0x244 build/src/robot-config.o
                0x00000000038021a0                printing()
 *fill*         0x00000000038023e4        0x4 
 .text._Z33rc_auto_loop_function_Controller1v
                0x00000000038023e8      0x990 build/src/robot-config.o
                0x00000000038023e8                rc_auto_loop_function_Controller1()
 .text._Z11vexcodeInitv
                0x0000000003802d78       0x90 build/src/robot-config.o
                0x0000000003802d78                vexcodeInit()
 .text._GLOBAL__sub_I_robot_config.cpp
                0x0000000003802e08      0x374 build/src/robot-config.o
 .text.vexMain  0x000000000380317c       0xb0 /Applications/VEXcode Pro V5.app/Contents/Resources/sdk/vexv5/libv5rt.a(v5_startup.c.obj)
                0x000000000380317c                vexMain
 .text.__vex_function_prolog
                0x000000000380322c       0x18 /Applications/VEXcode Pro V5.app/Contents/Resources/sdk/vexv5/libv5rt.a(v5_startup.c.obj)
                0x000000000380322c                __vex_function_prolog
 .text._init    0x0000000003803244        0x4 /Applications/VEXcode Pro V5.app/Contents/Resources/sdk/vexv5/libv5rt.a(v5_startup.c.obj)
                0x0000000003803244                _init
 .text._fini    0x0000000003803248        0x4 /Applications/VEXcode Pro V5.app/Contents/Resources/sdk/vexv5/libv5rt.a(v5_startup.c.obj)
                0x0000000003803248                _fini
 .text.vexStdlibVersionLinked
                0x000000000380324c        0xc /Applications/VEXcode Pro V5.app/Contents/Resources/sdk/vexv5/libv5rt.a(v5_util.c.obj)
                0x000000000380324c                vexStdlibVersionLinked
 .text.vexStdlibVersionVerify
                0x0000000003803258       0x30 /Applications/VEXcode Pro V5.app/Contents/Resources/sdk/vexv5/libv5rt.a(v5_util.c.obj)
                0x0000000003803258                vexStdlibVersionVerify
 .text.vexPrivateApiEnable
                0x0000000003803288       0x10 /Applications/VEXcode Pro V5.app/Contents/Resources/sdk/vexv5/libv5rt.a(v5_apijump.c.obj)
                0x0000000003803288                vexPrivateApiEnable
 .text.vexStdlibMismatchError
                0x0000000003803298       0x3c /Applications/VEXcode Pro V5.app/Contents/Resources/sdk/vexv5/libv5rt.a(v5_apijump.c.obj)
                0x0000000003803298                vexStdlibMismatchError
 .text.vexTaskAdd
                0x00000000038032d4       0x10 /Applications/VEXcode Pro V5.app/Contents/Resources/sdk/vexv5/libv5rt.a(v5_apijump.c.obj)
                0x00000000038032d4                vexTaskAdd
 .text.vexTasksRun
                0x00000000038032e4       0x10 /Applications/VEXcode Pro V5.app/Contents/Resources/sdk/vexv5/libv5rt.a(v5_apijump.c.obj)
                0x00000000038032e4                vexTasksRun
 .text.vexTaskYield
                0x00000000038032f4       0x10 /Applications/VEXcode Pro V5.app/Contents/Resources/sdk/vexv5/libv5rt.a(v5_apijump.c.obj)
                0x00000000038032f4                vexTaskYield
 .text.vexTaskCheckTimeslice
                0x0000000003803304       0x10 /Applications/VEXcode Pro V5.app/Contents/Resources/sdk/vexv5/libv5rt.a(v5_apijump.c.obj)
                0x0000000003803304                vexTaskCheckTimeslice
 .text.vexTaskSleep
                0x0000000003803314       0x10 /Applications/VEXcode Pro V5.app/Contents/Resources/sdk/vexv5/libv5rt.a(v5_apijump.c.obj)
                0x0000000003803314                vexTaskSleep
 .text.vexTasksDump
                0x0000000003803324       0x1c /Applications/VEXcode Pro V5.app/Contents/Resources/sdk/vexv5/libv5rt.a(v5_apijump.c.obj)
                0x0000000003803324                vexTasksDump
 .text.vexTaskGetTaskIndex
                0x0000000003803340       0x10 /Applications/VEXcode Pro V5.app/Contents/Resources/sdk/vexv5/libv5rt.a(v5_apijump.c.obj)
                0x0000000003803340                vexTaskGetTaskIndex
 .text.vexTaskStopAll
                0x0000000003803350       0x10 /Applications/VEXcode Pro V5.app/Contents/Resources/sdk/vexv5/libv5rt.a(v5_apijump.c.obj)
                0x0000000003803350                vexTaskStopAll
 .text.vexTaskRemoveAllUser
                0x0000000003803360       0x34 /Applications/VEXcode Pro V5.app/Contents/Resources/sdk/vexv5/libv5rt.a(v5_apijump.c.obj)
                0x0000000003803360                vexTaskRemoveAllUser
 .text.vexTaskCompletionIdSet
                0x0000000003803394       0x10 /Applications/VEXcode Pro V5.app/Contents/Resources/sdk/vexv5/libv5rt.a(v5_apijump.c.obj)
                0x0000000003803394                vexTaskCompletionIdSet
 .text.vexTaskStopWithId
                0x00000000038033a4       0x10 /Applications/VEXcode Pro V5.app/Contents/Resources/sdk/vexv5/libv5rt.a(v5_apijump.c.obj)
                0x00000000038033a4                vexTaskStopWithId
 .text.vexCriticalSection
                0x00000000038033b4       0x2c /Applications/VEXcode Pro V5.app/Contents/Resources/sdk/vexv5/libv5rt.a(v5_apijump.c.obj)
                0x00000000038033b4                vexCriticalSection
 .text.vexEventAdd
                0x00000000038033e0       0x34 /Applications/VEXcode Pro V5.app/Contents/Resources/sdk/vexv5/libv5rt.a(v5_apijump.c.obj)
                0x00000000038033e0                vexEventAdd
 .text.vexEventUserIndexGet
                0x0000000003803414       0x1c /Applications/VEXcode Pro V5.app/Contents/Resources/sdk/vexv5/libv5rt.a(v5_apijump.c.obj)
                0x0000000003803414                vexEventUserIndexGet
 .text.vexEventAddWithArg
                0x0000000003803430       0x3c /Applications/VEXcode Pro V5.app/Contents/Resources/sdk/vexv5/libv5rt.a(v5_apijump.c.obj)
                0x0000000003803430                vexEventAddWithArg
 .text.vexEventsCleanup
                0x000000000380346c       0x2c /Applications/VEXcode Pro V5.app/Contents/Resources/sdk/vexv5/libv5rt.a(v5_apijump.c.obj)
                0x000000000380346c                vexEventsCleanup
 .text.vexDebug
                0x0000000003803498       0x38 /Applications/VEXcode Pro V5.app/Contents/Resources/sdk/vexv5/libv5rt.a(v5_apijump.c.obj)
                0x0000000003803498                vexDebug
 .text.vex_sprintf
                0x00000000038034d0       0x40 /Applications/VEXcode Pro V5.app/Contents/Resources/sdk/vexv5/libv5rt.a(v5_apijump.c.obj)
                0x00000000038034d0                vex_sprintf
 .text.vex_vsnprintf
                0x0000000003803510       0x3c /Applications/VEXcode Pro V5.app/Contents/Resources/sdk/vexv5/libv5rt.a(v5_apijump.c.obj)
                0x0000000003803510                vex_vsnprintf
 .text.vexSystemTimeGet
                0x000000000380354c       0x1c /Applications/VEXcode Pro V5.app/Contents/Resources/sdk/vexv5/libv5rt.a(v5_apijump.c.obj)
                0x000000000380354c                vexSystemTimeGet
 .text.vexSystemExitRequest
                0x0000000003803568       0x1c /Applications/VEXcode Pro V5.app/Contents/Resources/sdk/vexv5/libv5rt.a(v5_apijump.c.obj)
                0x0000000003803568                vexSystemExitRequest
 .text.vexDeviceGetByIndex
                0x0000000003803584       0x24 /Applications/VEXcode Pro V5.app/Contents/Resources/sdk/vexv5/libv5rt.a(v5_apijump.c.obj)
                0x0000000003803584                vexDeviceGetByIndex
 .text.vexControllerGet
                0x00000000038035a8       0x2c /Applications/VEXcode Pro V5.app/Contents/Resources/sdk/vexv5/libv5rt.a(v5_apijump.c.obj)
                0x00000000038035a8                vexControllerGet
 .text.vexControllerTextSet
                0x00000000038035d4       0x74 /Applications/VEXcode Pro V5.app/Contents/Resources/sdk/vexv5/libv5rt.a(v5_apijump.c.obj)
                0x00000000038035d4                vexControllerTextSet
 .text.vexDeviceMotorVelocitySet
                0x0000000003803648       0x2c /Applications/VEXcode Pro V5.app/Contents/Resources/sdk/vexv5/libv5rt.a(v5_apijump.c.obj)
                0x0000000003803648                vexDeviceMotorVelocitySet
 .text.vexDeviceMotorActualVelocityGet
                0x0000000003803674       0x24 /Applications/VEXcode Pro V5.app/Contents/Resources/sdk/vexv5/libv5rt.a(v5_apijump.c.obj)
                0x0000000003803674                vexDeviceMotorActualVelocityGet
 .text.vexDeviceMotorCurrentLimitSet
                0x0000000003803698       0x2c /Applications/VEXcode Pro V5.app/Contents/Resources/sdk/vexv5/libv5rt.a(v5_apijump.c.obj)
                0x0000000003803698                vexDeviceMotorCurrentLimitSet
 .text.vexDeviceMotorTemperatureGet
                0x00000000038036c4       0x24 /Applications/VEXcode Pro V5.app/Contents/Resources/sdk/vexv5/libv5rt.a(v5_apijump.c.obj)
                0x00000000038036c4                vexDeviceMotorTemperatureGet
 .text.vexDeviceMotorReverseFlagSet
                0x00000000038036e8       0x2c /Applications/VEXcode Pro V5.app/Contents/Resources/sdk/vexv5/libv5rt.a(v5_apijump.c.obj)
                0x00000000038036e8                vexDeviceMotorReverseFlagSet
 .text.vexDeviceMotorEncoderUnitsSet
                0x0000000003803714       0x2c /Applications/VEXcode Pro V5.app/Contents/Resources/sdk/vexv5/libv5rt.a(v5_apijump.c.obj)
                0x0000000003803714                vexDeviceMotorEncoderUnitsSet
 .text.vexDeviceMotorBrakeModeSet
                0x0000000003803740       0x2c /Applications/VEXcode Pro V5.app/Contents/Resources/sdk/vexv5/libv5rt.a(v5_apijump.c.obj)
                0x0000000003803740                vexDeviceMotorBrakeModeSet
 .text.vexDeviceMotorPositionSet
                0x000000000380376c       0x34 /Applications/VEXcode Pro V5.app/Contents/Resources/sdk/vexv5/libv5rt.a(v5_apijump.c.obj)
                0x000000000380376c                vexDeviceMotorPositionSet
 .text.vexDeviceMotorPositionGet
                0x00000000038037a0       0x24 /Applications/VEXcode Pro V5.app/Contents/Resources/sdk/vexv5/libv5rt.a(v5_apijump.c.obj)
                0x00000000038037a0                vexDeviceMotorPositionGet
 .text.vexDeviceMotorGearingSet
                0x00000000038037c4       0x2c /Applications/VEXcode Pro V5.app/Contents/Resources/sdk/vexv5/libv5rt.a(v5_apijump.c.obj)
                0x00000000038037c4                vexDeviceMotorGearingSet
 .text.vexDeviceMotorGearingGet
                0x00000000038037f0       0x24 /Applications/VEXcode Pro V5.app/Contents/Resources/sdk/vexv5/libv5rt.a(v5_apijump.c.obj)
                0x00000000038037f0                vexDeviceMotorGearingGet
 .text.vexDeviceImuReset
                0x0000000003803814       0x24 /Applications/VEXcode Pro V5.app/Contents/Resources/sdk/vexv5/libv5rt.a(v5_apijump.c.obj)
                0x0000000003803814                vexDeviceImuReset
 .text.vexDeviceImuHeadingGet
                0x0000000003803838       0x24 /Applications/VEXcode Pro V5.app/Contents/Resources/sdk/vexv5/libv5rt.a(v5_apijump.c.obj)
                0x0000000003803838                vexDeviceImuHeadingGet
 .text.vexDeviceImuDegreesGet
                0x000000000380385c       0x24 /Applications/VEXcode Pro V5.app/Contents/Resources/sdk/vexv5/libv5rt.a(v5_apijump.c.obj)
                0x000000000380385c                vexDeviceImuDegreesGet
 .text.vexDeviceImuStatusGet
                0x0000000003803880       0x24 /Applications/VEXcode Pro V5.app/Contents/Resources/sdk/vexv5/libv5rt.a(v5_apijump.c.obj)
                0x0000000003803880                vexDeviceImuStatusGet
 .text.vexDeviceAbsEncAngleGet
                0x00000000038038a4       0x24 /Applications/VEXcode Pro V5.app/Contents/Resources/sdk/vexv5/libv5rt.a(v5_apijump.c.obj)
                0x00000000038038a4                vexDeviceAbsEncAngleGet
 .text.vexDeviceAbsEncReverseFlagSet
                0x00000000038038c8       0x2c /Applications/VEXcode Pro V5.app/Contents/Resources/sdk/vexv5/libv5rt.a(v5_apijump.c.obj)
                0x00000000038038c8                vexDeviceAbsEncReverseFlagSet
 .text.vexDisplayForegroundColor
                0x00000000038038f4       0x24 /Applications/VEXcode Pro V5.app/Contents/Resources/sdk/vexv5/libv5rt.a(v5_apijump.c.obj)
                0x00000000038038f4                vexDisplayForegroundColor
 .text.vexDisplayBackgroundColor
                0x0000000003803918       0x24 /Applications/VEXcode Pro V5.app/Contents/Resources/sdk/vexv5/libv5rt.a(v5_apijump.c.obj)
                0x0000000003803918                vexDisplayBackgroundColor
 .text.vexDisplayBackgroundColorGet
                0x000000000380393c       0x1c /Applications/VEXcode Pro V5.app/Contents/Resources/sdk/vexv5/libv5rt.a(v5_apijump.c.obj)
                0x000000000380393c                vexDisplayBackgroundColorGet
 .text.vexDisplayRectClear
                0x0000000003803958       0x4c /Applications/VEXcode Pro V5.app/Contents/Resources/sdk/vexv5/libv5rt.a(v5_apijump.c.obj)
                0x0000000003803958                vexDisplayRectClear
 .text.vexDisplayPrintf
                0x00000000038039a4       0x68 /Applications/VEXcode Pro V5.app/Contents/Resources/sdk/vexv5/libv5rt.a(v5_apijump.c.obj)
                0x00000000038039a4                vexDisplayPrintf
 .text.vexDisplayTextReference
                0x0000000003803a0c       0x24 /Applications/VEXcode Pro V5.app/Contents/Resources/sdk/vexv5/libv5rt.a(v5_apijump.c.obj)
                0x0000000003803a0c                vexDisplayTextReference
 .text.vexDisplayTextSize
                0x0000000003803a30       0x2c /Applications/VEXcode Pro V5.app/Contents/Resources/sdk/vexv5/libv5rt.a(v5_apijump.c.obj)
                0x0000000003803a30                vexDisplayTextSize
 .text.vexDisplayFontNamedSet
                0x0000000003803a5c       0x24 /Applications/VEXcode Pro V5.app/Contents/Resources/sdk/vexv5/libv5rt.a(v5_apijump.c.obj)
                0x0000000003803a5c                vexDisplayFontNamedSet
 .text.vexDisplayStringWidthGet
                0x0000000003803a80       0x24 /Applications/VEXcode Pro V5.app/Contents/Resources/sdk/vexv5/libv5rt.a(v5_apijump.c.obj)
                0x0000000003803a80                vexDisplayStringWidthGet
 .text.vexSystemStdlibImpureDataAddr
                0x0000000003803aa4       0x28 /Applications/VEXcode Pro V5.app/Contents/Resources/sdk/vexv5/libv5rt.a(v5_apijump.c.obj)
                0x0000000003803aa4                vexSystemStdlibImpureDataAddr
 .text.vexSystemStdlibImpureDataSize
                0x0000000003803acc       0x28 /Applications/VEXcode Pro V5.app/Contents/Resources/sdk/vexv5/libv5rt.a(v5_apijump.c.obj)
                0x0000000003803acc                vexSystemStdlibImpureDataSize
 .text.vexSystemSaveUserData
                0x0000000003803af4       0x3c /Applications/VEXcode Pro V5.app/Contents/Resources/sdk/vexv5/libv5rt.a(v5_apijump.c.obj)
                0x0000000003803af4                vexSystemSaveUserData
 .text.vexDisplayThemeIdGet
                0x0000000003803b30       0x38 /Applications/VEXcode Pro V5.app/Contents/Resources/sdk/vexv5/libv5rt.a(v5_apijump.c.obj)
                0x0000000003803b30                vexDisplayThemeIdGet
 .text.vexCompetitionStatus
                0x0000000003803b68       0x1c /Applications/VEXcode Pro V5.app/Contents/Resources/sdk/vexv5/libv5rt.a(v5_apijump.c.obj)
                0x0000000003803b68                vexCompetitionStatus
 .text.vexBatteryVoltageGet
                0x0000000003803b84       0x1c /Applications/VEXcode Pro V5.app/Contents/Resources/sdk/vexv5/libv5rt.a(v5_apijump.c.obj)
                0x0000000003803b84                vexBatteryVoltageGet
 .text.vexDeviceEventMaskSet
                0x0000000003803ba0       0x48 /Applications/VEXcode Pro V5.app/Contents/Resources/sdk/vexv5/libv5rt.a(v5_apijump.c.obj)
                0x0000000003803ba0                vexDeviceEventMaskSet
 .text.vexDeviceEventMaskGet
                0x0000000003803be8       0x3c /Applications/VEXcode Pro V5.app/Contents/Resources/sdk/vexv5/libv5rt.a(v5_apijump.c.obj)
                0x0000000003803be8                vexDeviceEventMaskGet
 .text.vexSystemVersion
                0x0000000003803c24       0x10 /Applications/VEXcode Pro V5.app/Contents/Resources/sdk/vexv5/libv5rt.a(v5_apiversions.c.obj)
                0x0000000003803c24                vexSystemVersion
 .text.vexStdlibVersion
                0x0000000003803c34       0x10 /Applications/VEXcode Pro V5.app/Contents/Resources/sdk/vexv5/libv5rt.a(v5_apiversions.c.obj)
                0x0000000003803c34                vexStdlibVersion
 *fill*         0x0000000003803c44        0x4 
 .text._ZN3vex4waitEdNS_9timeUnitsE
                0x0000000003803c48       0x30 /Applications/VEXcode Pro V5.app/Contents/Resources/sdk/vexv5/libv5rt.a(vex_global.cpp.obj)
                0x0000000003803c48                vex::wait(double, vex::timeUnits)
 .text._ZN3vex5motorD2Ev
                0x0000000003803c78       0x20 /Applications/VEXcode Pro V5.app/Contents/Resources/sdk/vexv5/libv5rt.a(vex_motor.cpp.obj)
                0x0000000003803c78                vex::motor::~motor()
                0x0000000003803c78                vex::motor::~motor()
 .text._ZN3vex5motorD0Ev
                0x0000000003803c98       0x1c /Applications/VEXcode Pro V5.app/Contents/Resources/sdk/vexv5/libv5rt.a(vex_motor.cpp.obj)
                0x0000000003803c98                vex::motor::~motor()
 .text._ZN3vex5motor9installedEv
                0x0000000003803cb4       0x18 /Applications/VEXcode Pro V5.app/Contents/Resources/sdk/vexv5/libv5rt.a(vex_motor.cpp.obj)
                0x0000000003803cb4                vex::motor::installed()
 .text._ZN3vex5motor15defaultStoppingENS_9brakeTypeE
                0x0000000003803ccc       0x30 /Applications/VEXcode Pro V5.app/Contents/Resources/sdk/vexv5/libv5rt.a(vex_motor.cpp.obj)
                0x0000000003803ccc                vex::motor::defaultStopping(vex::brakeType)
 .text._ZN3vex5motorC2El
                0x0000000003803cfc       0x78 /Applications/VEXcode Pro V5.app/Contents/Resources/sdk/vexv5/libv5rt.a(vex_motor.cpp.obj)
                0x0000000003803cfc                vex::motor::motor(long)
                0x0000000003803cfc                vex::motor::motor(long)
 .text._ZN3vex5motorC2ElNS_11gearSettingEb
                0x0000000003803d74       0x34 /Applications/VEXcode Pro V5.app/Contents/Resources/sdk/vexv5/libv5rt.a(vex_motor.cpp.obj)
                0x0000000003803d74                vex::motor::motor(long, vex::gearSetting, bool)
                0x0000000003803d74                vex::motor::motor(long, vex::gearSetting, bool)
 .text._ZN3vex5motor4stopENS_9brakeTypeE
                0x0000000003803da8       0x30 /Applications/VEXcode Pro V5.app/Contents/Resources/sdk/vexv5/libv5rt.a(vex_motor.cpp.obj)
                0x0000000003803da8                vex::motor::stop(vex::brakeType)
 .text._ZN3vex5motor12setMaxTorqueEdNS_12percentUnitsE
                0x0000000003803dd8       0x88 /Applications/VEXcode Pro V5.app/Contents/Resources/sdk/vexv5/libv5rt.a(vex_motor.cpp.obj)
                0x0000000003803dd8                vex::motor::setMaxTorque(double, vex::percentUnits)
 .text._ZN3vex5motor11temperatureENS_12percentUnitsE
                0x0000000003803e60       0x68 /Applications/VEXcode Pro V5.app/Contents/Resources/sdk/vexv5/libv5rt.a(vex_motor.cpp.obj)
                0x0000000003803e60                vex::motor::temperature(vex::percentUnits)
 .text._ZN3vex5motor16velocityToScaledEdNS_13velocityUnitsE
                0x0000000003803ec8       0x5c /Applications/VEXcode Pro V5.app/Contents/Resources/sdk/vexv5/libv5rt.a(vex_motor.cpp.obj)
                0x0000000003803ec8                vex::motor::velocityToScaled(double, vex::velocityUnits)
 .text._ZN3vex5motor8velocityENS_13velocityUnitsE
                0x0000000003803f24       0x30 /Applications/VEXcode Pro V5.app/Contents/Resources/sdk/vexv5/libv5rt.a(vex_motor.cpp.obj)
                0x0000000003803f24                vex::motor::velocity(vex::velocityUnits)
 .text._ZN3vex5motor5valueEv
                0x0000000003803f54       0x1c /Applications/VEXcode Pro V5.app/Contents/Resources/sdk/vexv5/libv5rt.a(vex_motor.cpp.obj)
                0x0000000003803f54                vex::motor::value()
 .text._ZN3vex5motor16scaledToVelocityEdNS_13velocityUnitsE
                0x0000000003803f70       0xa4 /Applications/VEXcode Pro V5.app/Contents/Resources/sdk/vexv5/libv5rt.a(vex_motor.cpp.obj)
                0x0000000003803f70                vex::motor::scaledToVelocity(double, vex::velocityUnits)
 .text._ZN3vex5motor4spinENS_13directionTypeEdNS_13velocityUnitsE
                0x0000000003804014       0x5c /Applications/VEXcode Pro V5.app/Contents/Resources/sdk/vexv5/libv5rt.a(vex_motor.cpp.obj)
                0x0000000003804014                vex::motor::spin(vex::directionType, double, vex::velocityUnits)
 .text._ZN3vex5motor4spinENS_13directionTypeE
                0x0000000003804070       0x28 /Applications/VEXcode Pro V5.app/Contents/Resources/sdk/vexv5/libv5rt.a(vex_motor.cpp.obj)
                0x0000000003804070                vex::motor::spin(vex::directionType)
 .text._ZN3vex5motor11setVelocityEdNS_13velocityUnitsE
                0x0000000003804098       0x54 /Applications/VEXcode Pro V5.app/Contents/Resources/sdk/vexv5/libv5rt.a(vex_motor.cpp.obj)
                0x0000000003804098                vex::motor::setVelocity(double, vex::velocityUnits)
 .text._ZN3vex5motor16setRotationUnitsENS_13rotationUnitsE
                0x00000000038040ec       0x1c /Applications/VEXcode Pro V5.app/Contents/Resources/sdk/vexv5/libv5rt.a(vex_motor.cpp.obj)
                0x00000000038040ec                vex::motor::setRotationUnits(vex::rotationUnits)
 .text._ZN3vex5motor11setRotationEdNS_13rotationUnitsE
                0x0000000003804108       0x44 /Applications/VEXcode Pro V5.app/Contents/Resources/sdk/vexv5/libv5rt.a(vex_motor.cpp.obj)
                0x0000000003804108                vex::motor::setRotation(double, vex::rotationUnits)
 .text._ZN3vex5motor11setPositionEdNS_13rotationUnitsE
                0x000000000380414c        0x4 /Applications/VEXcode Pro V5.app/Contents/Resources/sdk/vexv5/libv5rt.a(vex_motor.cpp.obj)
                0x000000000380414c                vex::motor::setPosition(double, vex::rotationUnits)
 .text._ZN3vex5motor8rotationENS_13rotationUnitsE
                0x0000000003804150       0x44 /Applications/VEXcode Pro V5.app/Contents/Resources/sdk/vexv5/libv5rt.a(vex_motor.cpp.obj)
                0x0000000003804150                vex::motor::rotation(vex::rotationUnits)
 .text._ZN3vex5motor8positionENS_13rotationUnitsE
                0x0000000003804194        0x4 /Applications/VEXcode Pro V5.app/Contents/Resources/sdk/vexv5/libv5rt.a(vex_motor.cpp.obj)
                0x0000000003804194                vex::motor::position(vex::rotationUnits)
 .text._ZN3vex8inertial10setHeadingEdNS_13rotationUnitsE
                0x0000000003804198       0x60 /Applications/VEXcode Pro V5.app/Contents/Resources/sdk/vexv5/libv5rt.a(vex_imu.cpp.obj)
                0x0000000003804198                vex::inertial::setHeading(double, vex::rotationUnits)
 .text._ZThn16_N3vex8inertial10setHeadingEdNS_13rotationUnitsE
                0x00000000038041f8        0x8 /Applications/VEXcode Pro V5.app/Contents/Resources/sdk/vexv5/libv5rt.a(vex_imu.cpp.obj)
                0x00000000038041f8                non-virtual thunk to vex::inertial::setHeading(double, vex::rotationUnits)
 .text._ZN3vex8inertial11setRotationEdNS_13rotationUnitsE
                0x0000000003804200       0x60 /Applications/VEXcode Pro V5.app/Contents/Resources/sdk/vexv5/libv5rt.a(vex_imu.cpp.obj)
                0x0000000003804200                vex::inertial::setRotation(double, vex::rotationUnits)
 .text._ZThn16_N3vex8inertial11setRotationEdNS_13rotationUnitsE
                0x0000000003804260        0x8 /Applications/VEXcode Pro V5.app/Contents/Resources/sdk/vexv5/libv5rt.a(vex_imu.cpp.obj)
                0x0000000003804260                non-virtual thunk to vex::inertial::setRotation(double, vex::rotationUnits)
 .text._ZN3vex8inertialD2Ev
                0x0000000003804268       0x20 /Applications/VEXcode Pro V5.app/Contents/Resources/sdk/vexv5/libv5rt.a(vex_imu.cpp.obj)
                0x0000000003804268                vex::inertial::~inertial()
                0x0000000003804268                vex::inertial::~inertial()
 .text._ZThn16_N3vex8inertialD1Ev
                0x0000000003804288        0x8 /Applications/VEXcode Pro V5.app/Contents/Resources/sdk/vexv5/libv5rt.a(vex_imu.cpp.obj)
                0x0000000003804288                non-virtual thunk to vex::inertial::~inertial()
 .text._ZN3vex8inertialD0Ev
                0x0000000003804290       0x1c /Applications/VEXcode Pro V5.app/Contents/Resources/sdk/vexv5/libv5rt.a(vex_imu.cpp.obj)
                0x0000000003804290                vex::inertial::~inertial()
 .text._ZThn16_N3vex8inertialD0Ev
                0x00000000038042ac        0x8 /Applications/VEXcode Pro V5.app/Contents/Resources/sdk/vexv5/libv5rt.a(vex_imu.cpp.obj)
                0x00000000038042ac                non-virtual thunk to vex::inertial::~inertial()
 .text._ZN3vex8inertial9installedEv
                0x00000000038042b4       0x18 /Applications/VEXcode Pro V5.app/Contents/Resources/sdk/vexv5/libv5rt.a(vex_imu.cpp.obj)
                0x00000000038042b4                vex::inertial::installed()
 .text._ZN3vex8inertial5angleENS_13rotationUnitsE
                0x00000000038042cc       0x60 /Applications/VEXcode Pro V5.app/Contents/Resources/sdk/vexv5/libv5rt.a(vex_imu.cpp.obj)
                0x00000000038042cc                vex::inertial::angle(vex::rotationUnits)
 .text._ZThn16_N3vex8inertial5angleENS_13rotationUnitsE
                0x000000000380432c        0x8 /Applications/VEXcode Pro V5.app/Contents/Resources/sdk/vexv5/libv5rt.a(vex_imu.cpp.obj)
                0x000000000380432c                non-virtual thunk to vex::inertial::angle(vex::rotationUnits)
 .text._ZN3vex8inertial7headingENS_13rotationUnitsE
                0x0000000003804334        0x4 /Applications/VEXcode Pro V5.app/Contents/Resources/sdk/vexv5/libv5rt.a(vex_imu.cpp.obj)
                0x0000000003804334                vex::inertial::heading(vex::rotationUnits)
 .text._ZThn16_N3vex8inertial7headingENS_13rotationUnitsE
                0x0000000003804338        0x8 /Applications/VEXcode Pro V5.app/Contents/Resources/sdk/vexv5/libv5rt.a(vex_imu.cpp.obj)
                0x0000000003804338                non-virtual thunk to vex::inertial::heading(vex::rotationUnits)
 .text._ZN3vex8inertial5valueEv
                0x0000000003804340       0x1c /Applications/VEXcode Pro V5.app/Contents/Resources/sdk/vexv5/libv5rt.a(vex_imu.cpp.obj)
                0x0000000003804340                vex::inertial::value()
 *fill*         0x000000000380435c        0x4 
 .text._ZN3vex8inertial8rotationENS_13rotationUnitsE
                0x0000000003804360       0x40 /Applications/VEXcode Pro V5.app/Contents/Resources/sdk/vexv5/libv5rt.a(vex_imu.cpp.obj)
                0x0000000003804360                vex::inertial::rotation(vex::rotationUnits)
 .text._ZThn16_N3vex8inertial8rotationENS_13rotationUnitsE
                0x00000000038043a0        0x8 /Applications/VEXcode Pro V5.app/Contents/Resources/sdk/vexv5/libv5rt.a(vex_imu.cpp.obj)
                0x00000000038043a0                non-virtual thunk to vex::inertial::rotation(vex::rotationUnits)
 .text._ZN3vex8inertial13isCalibratingEv
                0x00000000038043a8       0x38 /Applications/VEXcode Pro V5.app/Contents/Resources/sdk/vexv5/libv5rt.a(vex_imu.cpp.obj)
                0x00000000038043a8                vex::inertial::isCalibrating()
 .text._ZThn16_N3vex8inertial13isCalibratingEv
                0x00000000038043e0        0x8 /Applications/VEXcode Pro V5.app/Contents/Resources/sdk/vexv5/libv5rt.a(vex_imu.cpp.obj)
                0x00000000038043e0                non-virtual thunk to vex::inertial::isCalibrating()
 .text._ZN3vex8inertialC2El
                0x00000000038043e8       0x48 /Applications/VEXcode Pro V5.app/Contents/Resources/sdk/vexv5/libv5rt.a(vex_imu.cpp.obj)
                0x00000000038043e8                vex::inertial::inertial(long)
                0x00000000038043e8                vex::inertial::inertial(long)
 .text._ZN3vex8inertial16startCalibrationEl
                0x0000000003804430       0x20 /Applications/VEXcode Pro V5.app/Contents/Resources/sdk/vexv5/libv5rt.a(vex_imu.cpp.obj)
                0x0000000003804430                vex::inertial::startCalibration(long)
 .text._ZN3vex8inertial9calibrateEl
                0x0000000003804450        0xc /Applications/VEXcode Pro V5.app/Contents/Resources/sdk/vexv5/libv5rt.a(vex_imu.cpp.obj)
                0x0000000003804450                vex::inertial::calibrate(long)
                0x0000000003804454                non-virtual thunk to vex::inertial::calibrate(long)
 .text._ZN3vex8rotationD2Ev
                0x000000000380445c       0x20 /Applications/VEXcode Pro V5.app/Contents/Resources/sdk/vexv5/libv5rt.a(vex_rotation.cpp.obj)
                0x000000000380445c                vex::rotation::~rotation()
                0x000000000380445c                vex::rotation::~rotation()
 .text._ZN3vex8rotationD0Ev
                0x000000000380447c       0x1c /Applications/VEXcode Pro V5.app/Contents/Resources/sdk/vexv5/libv5rt.a(vex_rotation.cpp.obj)
                0x000000000380447c                vex::rotation::~rotation()
 .text._ZN3vex8rotation9installedEv
                0x0000000003804498       0x18 /Applications/VEXcode Pro V5.app/Contents/Resources/sdk/vexv5/libv5rt.a(vex_rotation.cpp.obj)
                0x0000000003804498                vex::rotation::installed()
 .text._ZN3vex8rotation5valueEv
                0x00000000038044b0        0x8 /Applications/VEXcode Pro V5.app/Contents/Resources/sdk/vexv5/libv5rt.a(vex_rotation.cpp.obj)
                0x00000000038044b0                vex::rotation::value()
 .text._ZN3vex8rotationC2Elb
                0x00000000038044b8       0x30 /Applications/VEXcode Pro V5.app/Contents/Resources/sdk/vexv5/libv5rt.a(vex_rotation.cpp.obj)
                0x00000000038044b8                vex::rotation::rotation(long, bool)
                0x00000000038044b8                vex::rotation::rotation(long, bool)
 .text._ZN3vex8rotation5angleENS_13rotationUnitsE
                0x00000000038044e8       0x50 /Applications/VEXcode Pro V5.app/Contents/Resources/sdk/vexv5/libv5rt.a(vex_rotation.cpp.obj)
                0x00000000038044e8                vex::rotation::angle(vex::rotationUnits)
 .text._ZN3vex10controllerD2Ev
                0x0000000003804538        0x4 /Applications/VEXcode Pro V5.app/Contents/Resources/sdk/vexv5/libv5rt.a(vex_controller.cpp.obj)
                0x0000000003804538                vex::controller::~controller()
                0x0000000003804538                vex::controller::~controller()
 .text._ZN3vex10controller5valueE19_V5_ControllerIndex
                0x000000000380453c        0x8 /Applications/VEXcode Pro V5.app/Contents/Resources/sdk/vexv5/libv5rt.a(vex_controller.cpp.obj)
                0x000000000380453c                vex::controller::value(_V5_ControllerIndex)
 .text._ZN3vex10controller6button8pressingEv
                0x0000000003804544       0xc8 /Applications/VEXcode Pro V5.app/Contents/Resources/sdk/vexv5/libv5rt.a(vex_controller.cpp.obj)
                0x0000000003804544                vex::controller::button::pressing()
 .text._ZN3vex10controller6button21_buttonToPressedEventEv
                0x000000000380460c       0x20 /Applications/VEXcode Pro V5.app/Contents/Resources/sdk/vexv5/libv5rt.a(vex_controller.cpp.obj)
                0x000000000380460c                vex::controller::button::_buttonToPressedEvent()
 .text._ZN3vex10controller6button22_buttonToReleasedEventEv
                0x000000000380462c       0x20 /Applications/VEXcode Pro V5.app/Contents/Resources/sdk/vexv5/libv5rt.a(vex_controller.cpp.obj)
                0x000000000380462c                vex::controller::button::_buttonToReleasedEvent()
 .text._ZN3vex10controller6buttonC2ENS0_11tButtonTypeEPS0_
                0x000000000380464c       0x48 /Applications/VEXcode Pro V5.app/Contents/Resources/sdk/vexv5/libv5rt.a(vex_controller.cpp.obj)
                0x000000000380464c                vex::controller::button::button(vex::controller::tButtonType, vex::controller*)
                0x000000000380464c                vex::controller::button::button(vex::controller::tButtonType, vex::controller*)
 .text._ZN3vex10controller4axis5valueEv
                0x0000000003804694       0x58 /Applications/VEXcode Pro V5.app/Contents/Resources/sdk/vexv5/libv5rt.a(vex_controller.cpp.obj)
                0x0000000003804694                vex::controller::axis::value()
 .text._ZN3vex10controller4axis8positionENS_12percentUnitsE
                0x00000000038046ec       0x1c /Applications/VEXcode Pro V5.app/Contents/Resources/sdk/vexv5/libv5rt.a(vex_controller.cpp.obj)
                0x00000000038046ec                vex::controller::axis::position(vex::percentUnits)
 .text._ZN3vex10controller4axis23_joystickToChangedEventEv
                0x0000000003804708       0x20 /Applications/VEXcode Pro V5.app/Contents/Resources/sdk/vexv5/libv5rt.a(vex_controller.cpp.obj)
                0x0000000003804708                vex::controller::axis::_joystickToChangedEvent()
 .text._ZN3vex10controller4axisC2ENS0_9tAxisTypeEPS0_
                0x0000000003804728       0x2c /Applications/VEXcode Pro V5.app/Contents/Resources/sdk/vexv5/libv5rt.a(vex_controller.cpp.obj)
                0x0000000003804728                vex::controller::axis::axis(vex::controller::tAxisType, vex::controller*)
                0x0000000003804728                vex::controller::axis::axis(vex::controller::tAxisType, vex::controller*)
 .text._ZN3vex10controllerC2ENS_14controllerTypeE
                0x0000000003804754      0x204 /Applications/VEXcode Pro V5.app/Contents/Resources/sdk/vexv5/libv5rt.a(vex_controller.cpp.obj)
                0x0000000003804754                vex::controller::controller(vex::controllerType)
                0x0000000003804754                vex::controller::controller(vex::controllerType)
 .text._ZN3vex10controller3lcd15getControllerIdEv
                0x0000000003804958       0x10 /Applications/VEXcode Pro V5.app/Contents/Resources/sdk/vexv5/libv5rt.a(vex_controller.cpp.obj)
                0x0000000003804958                vex::controller::lcd::getControllerId()
 .text._ZN3vex10controller3lcd9setCursorEll
                0x0000000003804968       0x40 /Applications/VEXcode Pro V5.app/Contents/Resources/sdk/vexv5/libv5rt.a(vex_controller.cpp.obj)
                0x0000000003804968                vex::controller::lcd::setCursor(long, long)
 .text._ZN3vex10controller3lcd5printEPKcz
                0x00000000038049a8       0x80 /Applications/VEXcode Pro V5.app/Contents/Resources/sdk/vexv5/libv5rt.a(vex_controller.cpp.obj)
                0x00000000038049a8                vex::controller::lcd::print(char const*, ...)
 .text._ZN3vex10controller3lcd9clearLineEi
                0x0000000003804a28       0x80 /Applications/VEXcode Pro V5.app/Contents/Resources/sdk/vexv5/libv5rt.a(vex_controller.cpp.obj)
                0x0000000003804a28                vex::controller::lcd::clearLine(int)
 .text._ZN3vex10controller3lcd11clearScreenEv
                0x0000000003804aa8       0x5c /Applications/VEXcode Pro V5.app/Contents/Resources/sdk/vexv5/libv5rt.a(vex_controller.cpp.obj)
                0x0000000003804aa8                vex::controller::lcd::clearScreen()
 .text._ZN3vex10controller3lcd7newLineEv
                0x0000000003804b04       0x20 /Applications/VEXcode Pro V5.app/Contents/Resources/sdk/vexv5/libv5rt.a(vex_controller.cpp.obj)
                0x0000000003804b04                vex::controller::lcd::newLine()
 .text._ZN3vex4taskC2EPFivE
                0x0000000003804b24       0x5c /Applications/VEXcode Pro V5.app/Contents/Resources/sdk/vexv5/libv5rt.a(vex_task.cpp.obj)
                0x0000000003804b24                vex::task::task(int (*)())
                0x0000000003804b24                vex::task::task(int (*)())
 .text._ZN3vex4taskD2Ev
                0x0000000003804b80        0x4 /Applications/VEXcode Pro V5.app/Contents/Resources/sdk/vexv5/libv5rt.a(vex_task.cpp.obj)
                0x0000000003804b80                vex::task::~task()
                0x0000000003804b80                vex::task::~task()
 .text._ZN3vex4task4stopERKS0_
                0x0000000003804b84       0x18 /Applications/VEXcode Pro V5.app/Contents/Resources/sdk/vexv5/libv5rt.a(vex_task.cpp.obj)
                0x0000000003804b84                vex::task::stop(vex::task const&)
 .text._ZN3vex4task4stopEv
                0x0000000003804b9c       0x18 /Applications/VEXcode Pro V5.app/Contents/Resources/sdk/vexv5/libv5rt.a(vex_task.cpp.obj)
                0x0000000003804b9c                vex::task::stop()
 .text._ZN3vex4task6_indexEPFivE
                0x0000000003804bb4       0x14 /Applications/VEXcode Pro V5.app/Contents/Resources/sdk/vexv5/libv5rt.a(vex_task.cpp.obj)
                0x0000000003804bb4                vex::task::_index(int (*)())
 .text._ZN3vex4task8_stopAllEv
                0x0000000003804bc8       0x3c /Applications/VEXcode Pro V5.app/Contents/Resources/sdk/vexv5/libv5rt.a(vex_task.cpp.obj)
                0x0000000003804bc8                vex::task::_stopAll()
 .text._ZN3vex11this_thread9sleep_forEm
                0x0000000003804c04        0x4 /Applications/VEXcode Pro V5.app/Contents/Resources/sdk/vexv5/libv5rt.a(vex_thread.cpp.obj)
                0x0000000003804c04                vex::this_thread::sleep_for(unsigned long)
 .text._ZN3vex5event4initEmmPFvvE
                0x0000000003804c08        0x4 /Applications/VEXcode Pro V5.app/Contents/Resources/sdk/vexv5/libv5rt.a(vex_event.cpp.obj)
                0x0000000003804c08                vex::event::init(unsigned long, unsigned long, void (*)())
 .text._ZN3vex5event4initEmmPFvPvES1_
                0x0000000003804c0c        0x4 /Applications/VEXcode Pro V5.app/Contents/Resources/sdk/vexv5/libv5rt.a(vex_event.cpp.obj)
                0x0000000003804c0c                vex::event::init(unsigned long, unsigned long, void (*)(void*), void*)
 .text._ZN3vex5event9userindexEv
                0x0000000003804c10        0x4 /Applications/VEXcode Pro V5.app/Contents/Resources/sdk/vexv5/libv5rt.a(vex_event.cpp.obj)
                0x0000000003804c10                vex::event::userindex()
 .text._ZZN3vex6meventC4EmmENUlvE_4_FUNEv
                0x0000000003804c14        0x4 /Applications/VEXcode Pro V5.app/Contents/Resources/sdk/vexv5/libv5rt.a(vex_mevent.cpp.obj)
 .text._ZN3vex6meventC2Emm
                0x0000000003804c18       0x70 /Applications/VEXcode Pro V5.app/Contents/Resources/sdk/vexv5/libv5rt.a(vex_mevent.cpp.obj)
                0x0000000003804c18                vex::mevent::mevent(unsigned long, unsigned long)
                0x0000000003804c18                vex::mevent::mevent(unsigned long, unsigned long)
 .text._ZN3vex5brain9_getIndexEv
                0x0000000003804c88       0x10 /Applications/VEXcode Pro V5.app/Contents/Resources/sdk/vexv5/libv5rt.a(vex_brain.cpp.obj)
                0x0000000003804c88                vex::brain::_getIndex()
 .text._ZN3vex5brain3lcd9setCursorEll
                0x0000000003804c98       0x44 /Applications/VEXcode Pro V5.app/Contents/Resources/sdk/vexv5/libv5rt.a(vex_brain.cpp.obj)
                0x0000000003804c98                vex::brain::lcd::setCursor(long, long)
 .text._ZN3vex5brain3lcd7setFontENS_8fontTypeE
                0x0000000003804cdc      0x23c /Applications/VEXcode Pro V5.app/Contents/Resources/sdk/vexv5/libv5rt.a(vex_brain.cpp.obj)
                0x0000000003804cdc                vex::brain::lcd::setFont(vex::fontType)
 .text._ZN3vex5brain3lcdC2Ev
                0x0000000003804f18       0x94 /Applications/VEXcode Pro V5.app/Contents/Resources/sdk/vexv5/libv5rt.a(vex_brain.cpp.obj)
                0x0000000003804f18                vex::brain::lcd::lcd()
                0x0000000003804f18                vex::brain::lcd::lcd()
 .text._ZN3vex5brainC2Ev
                0x0000000003804fac       0x38 /Applications/VEXcode Pro V5.app/Contents/Resources/sdk/vexv5/libv5rt.a(vex_brain.cpp.obj)
                0x0000000003804fac                vex::brain::brain()
                0x0000000003804fac                vex::brain::brain()
 .text._ZN3vex5brain3lcd12_clearScreenEm
                0x0000000003804fe4       0x38 /Applications/VEXcode Pro V5.app/Contents/Resources/sdk/vexv5/libv5rt.a(vex_brain.cpp.obj)
                0x0000000003804fe4                vex::brain::lcd::_clearScreen(unsigned long)
 .text._ZN3vex5brain3lcd11clearScreenERKNS_5colorE
                0x000000000380501c       0x20 /Applications/VEXcode Pro V5.app/Contents/Resources/sdk/vexv5/libv5rt.a(vex_brain.cpp.obj)
                0x000000000380501c                vex::brain::lcd::clearScreen(vex::color const&)
 .text._ZN3vex5brain3lcd11clearScreenEv
                0x000000000380503c       0x2c /Applications/VEXcode Pro V5.app/Contents/Resources/sdk/vexv5/libv5rt.a(vex_brain.cpp.obj)
                0x000000000380503c                vex::brain::lcd::clearScreen()
 .text._ZN3vex5brain3lcd10rowToPixelEl
                0x0000000003805068       0x34 /Applications/VEXcode Pro V5.app/Contents/Resources/sdk/vexv5/libv5rt.a(vex_brain.cpp.obj)
                0x0000000003805068                vex::brain::lcd::rowToPixel(long)
 .text._ZN3vex5brain3lcd10colToPixelEl
                0x000000000380509c       0x1c /Applications/VEXcode Pro V5.app/Contents/Resources/sdk/vexv5/libv5rt.a(vex_brain.cpp.obj)
                0x000000000380509c                vex::brain::lcd::colToPixel(long)
 .text._ZN3vex5brain3lcd5printEPKcz
                0x00000000038050b8       0xa0 /Applications/VEXcode Pro V5.app/Contents/Resources/sdk/vexv5/libv5rt.a(vex_brain.cpp.obj)
                0x00000000038050b8                vex::brain::lcd::print(char const*, ...)
 .text._ZN3vex5brain7battery7voltageENS_12voltageUnitsE
                0x0000000003805158       0x30 /Applications/VEXcode Pro V5.app/Contents/Resources/sdk/vexv5/libv5rt.a(vex_brain.cpp.obj)
                0x0000000003805158                vex::brain::battery::voltage(vex::voltageUnits)
 .text._ZN3vex5brainD2Ev
                0x0000000003805188       0x20 /Applications/VEXcode Pro V5.app/Contents/Resources/sdk/vexv5/libv5rt.a(vex_brain.cpp.obj)
                0x0000000003805188                vex::brain::~brain()
                0x0000000003805188                vex::brain::~brain()
 .text._ZN3vex11competition11_autonomousEv
                0x00000000038051a8       0x90 /Applications/VEXcode Pro V5.app/Contents/Resources/sdk/vexv5/libv5rt.a(vex_competition.cpp.obj)
                0x00000000038051a8                vex::competition::_autonomous()
 .text._ZN3vex11competition14_drivercontrolEv
                0x0000000003805238       0x90 /Applications/VEXcode Pro V5.app/Contents/Resources/sdk/vexv5/libv5rt.a(vex_competition.cpp.obj)
                0x0000000003805238                vex::competition::_drivercontrol()
 .text._ZN3vex11competition8_disableEPv
                0x00000000038052c8       0xc8 /Applications/VEXcode Pro V5.app/Contents/Resources/sdk/vexv5/libv5rt.a(vex_competition.cpp.obj)
                0x00000000038052c8                vex::competition::_disable(void*)
 .text._ZN3vex11competitionC2Ev
                0x0000000003805390      0x13c /Applications/VEXcode Pro V5.app/Contents/Resources/sdk/vexv5/libv5rt.a(vex_competition.cpp.obj)
                0x0000000003805390                vex::competition::competition()
                0x0000000003805390                vex::competition::competition()
 .text._ZN3vex11competitionD2Ev
                0x00000000038054cc        0x4 /Applications/VEXcode Pro V5.app/Contents/Resources/sdk/vexv5/libv5rt.a(vex_competition.cpp.obj)
                0x00000000038054cc                vex::competition::~competition()
                0x00000000038054cc                vex::competition::~competition()
 .text._ZN3vex11competition10autonomousEPFvvE
                0x00000000038054d0       0x44 /Applications/VEXcode Pro V5.app/Contents/Resources/sdk/vexv5/libv5rt.a(vex_competition.cpp.obj)
                0x00000000038054d0                vex::competition::autonomous(void (*)())
 .text._ZN3vex11competition15isDriverControlEv
                0x0000000003805514       0x14 /Applications/VEXcode Pro V5.app/Contents/Resources/sdk/vexv5/libv5rt.a(vex_competition.cpp.obj)
                0x0000000003805514                vex::competition::isDriverControl()
 .text._ZN3vex11competition12isAutonomousEv
                0x0000000003805528       0x14 /Applications/VEXcode Pro V5.app/Contents/Resources/sdk/vexv5/libv5rt.a(vex_competition.cpp.obj)
                0x0000000003805528                vex::competition::isAutonomous()
 .text._ZN3vex11competition10test_autonEv
                0x000000000380553c        0x4 /Applications/VEXcode Pro V5.app/Contents/Resources/sdk/vexv5/libv5rt.a(vex_competition.cpp.obj)
                0x000000000380553c                vex::competition::test_auton()
 .text._ZN3vex7triportD2Ev
                0x0000000003805540       0x38 /Applications/VEXcode Pro V5.app/Contents/Resources/sdk/vexv5/libv5rt.a(vex_triport.cpp.obj)
                0x0000000003805540                vex::triport::~triport()
                0x0000000003805540                vex::triport::~triport()
 .text._ZN3vex7triportD0Ev
                0x0000000003805578       0x1c /Applications/VEXcode Pro V5.app/Contents/Resources/sdk/vexv5/libv5rt.a(vex_triport.cpp.obj)
                0x0000000003805578                vex::triport::~triport()
 .text._ZN3vex7triport9installedEv
                0x0000000003805594       0x18 /Applications/VEXcode Pro V5.app/Contents/Resources/sdk/vexv5/libv5rt.a(vex_triport.cpp.obj)
                0x0000000003805594                vex::triport::installed()
 .text._ZN3vex7triport4portC2ElPS0_
                0x00000000038055ac       0x74 /Applications/VEXcode Pro V5.app/Contents/Resources/sdk/vexv5/libv5rt.a(vex_triport.cpp.obj)
                0x00000000038055ac                vex::triport::port::port(long, vex::triport*)
                0x00000000038055ac                vex::triport::port::port(long, vex::triport*)
 .text._ZN3vex7triportC2El
                0x0000000003805620       0xf0 /Applications/VEXcode Pro V5.app/Contents/Resources/sdk/vexv5/libv5rt.a(vex_triport.cpp.obj)
                0x0000000003805620                vex::triport::triport(long)
                0x0000000003805620                vex::triport::triport(long)
 .text.startup._GLOBAL__sub_I__ZN3vex7triportC2El
                0x0000000003805710       0x30 /Applications/VEXcode Pro V5.app/Contents/Resources/sdk/vexv5/libv5rt.a(vex_triport.cpp.obj)
 .text._ZN3vex5colorD2Ev
                0x0000000003805740        0x4 /Applications/VEXcode Pro V5.app/Contents/Resources/sdk/vexv5/libv5rt.a(vex_color.cpp.obj)
                0x0000000003805740                vex::color::~color()
                0x0000000003805740                vex::color::~color()
 .text._ZNK3vex5colorcvmEv
                0x0000000003805744        0x8 /Applications/VEXcode Pro V5.app/Contents/Resources/sdk/vexv5/libv5rt.a(vex_color.cpp.obj)
                0x0000000003805744                vex::color::operator unsigned long() const
 .text.startup._GLOBAL__sub_I__ZN3vex5color5blackE
                0x000000000380574c      0x164 /Applications/VEXcode Pro V5.app/Contents/Resources/sdk/vexv5/libv5rt.a(vex_color.cpp.obj)
 .text._ZN3vex5timerD2Ev
                0x00000000038058b0        0x4 /Applications/VEXcode Pro V5.app/Contents/Resources/sdk/vexv5/libv5rt.a(vex_timer.cpp.obj)
                0x00000000038058b0                vex::timer::~timer()
                0x00000000038058b0                vex::timer::~timer()
 .text._ZN3vex5timer5clearEv
                0x00000000038058b4       0x1c /Applications/VEXcode Pro V5.app/Contents/Resources/sdk/vexv5/libv5rt.a(vex_timer.cpp.obj)
                0x00000000038058b4                vex::timer::clear()
 .text._ZN3vex5timerC2Ev
                0x00000000038058d0       0x14 /Applications/VEXcode Pro V5.app/Contents/Resources/sdk/vexv5/libv5rt.a(vex_timer.cpp.obj)
                0x00000000038058d0                vex::timer::timer()
                0x00000000038058d0                vex::timer::timer()
 .text._ZN3vex5timer5resetEv
                0x00000000038058e4        0x4 /Applications/VEXcode Pro V5.app/Contents/Resources/sdk/vexv5/libv5rt.a(vex_timer.cpp.obj)
                0x00000000038058e4                vex::timer::reset()
 .text._ZNK3vex5timer4timeEv
                0x00000000038058e8       0x1c /Applications/VEXcode Pro V5.app/Contents/Resources/sdk/vexv5/libv5rt.a(vex_timer.cpp.obj)
                0x00000000038058e8                vex::timer::time() const
 .text._ZNK3vex5timercvmEv
                0x0000000003805904        0x4 /Applications/VEXcode Pro V5.app/Contents/Resources/sdk/vexv5/libv5rt.a(vex_timer.cpp.obj)
                0x0000000003805904                vex::timer::operator unsigned long() const
 .text._ZNK3vex5timer4timeENS_9timeUnitsE
                0x0000000003805908       0x40 /Applications/VEXcode Pro V5.app/Contents/Resources/sdk/vexv5/libv5rt.a(vex_timer.cpp.obj)
                0x0000000003805908                vex::timer::time(vex::timeUnits) const
 .text._ZN3vex11motor_group18motor_group_motorsC2Ev
                0x0000000003805948       0x28 /Applications/VEXcode Pro V5.app/Contents/Resources/sdk/vexv5/libv5rt.a(vex_motorgroup.cpp.obj)
                0x0000000003805948                vex::motor_group::motor_group_motors::motor_group_motors()
                0x0000000003805948                vex::motor_group::motor_group_motors::motor_group_motors()
 .text._ZN3vex11motor_groupC2Ev
                0x0000000003805970       0x1c /Applications/VEXcode Pro V5.app/Contents/Resources/sdk/vexv5/libv5rt.a(vex_motorgroup.cpp.obj)
                0x0000000003805970                vex::motor_group::motor_group()
                0x0000000003805970                vex::motor_group::motor_group()
 .text._ZN3vex11motor_groupD2Ev
                0x000000000380598c        0x4 /Applications/VEXcode Pro V5.app/Contents/Resources/sdk/vexv5/libv5rt.a(vex_motorgroup.cpp.obj)
                0x000000000380598c                vex::motor_group::~motor_group()
                0x000000000380598c                vex::motor_group::~motor_group()
 .text._ZN3vex11motor_group9_addMotorERNS_5motorE
                0x0000000003805990       0x20 /Applications/VEXcode Pro V5.app/Contents/Resources/sdk/vexv5/libv5rt.a(vex_motorgroup.cpp.obj)
                0x0000000003805990                vex::motor_group::_addMotor(vex::motor&)
 .text._ZN3vex11motor_group11setVelocityEdNS_13velocityUnitsE
                0x00000000038059b0       0x4c /Applications/VEXcode Pro V5.app/Contents/Resources/sdk/vexv5/libv5rt.a(vex_motorgroup.cpp.obj)
                0x00000000038059b0                vex::motor_group::setVelocity(double, vex::velocityUnits)
 .text._ZN3vex11motor_group11setRotationEdNS_13rotationUnitsE
                0x00000000038059fc       0x4c /Applications/VEXcode Pro V5.app/Contents/Resources/sdk/vexv5/libv5rt.a(vex_motorgroup.cpp.obj)
                0x00000000038059fc                vex::motor_group::setRotation(double, vex::rotationUnits)
 .text._ZN3vex11motor_group11setPositionEdNS_13rotationUnitsE
                0x0000000003805a48        0x4 /Applications/VEXcode Pro V5.app/Contents/Resources/sdk/vexv5/libv5rt.a(vex_motorgroup.cpp.obj)
                0x0000000003805a48                vex::motor_group::setPosition(double, vex::rotationUnits)
 .text._ZN3vex11motor_group4spinENS_13directionTypeE
                0x0000000003805a4c       0x38 /Applications/VEXcode Pro V5.app/Contents/Resources/sdk/vexv5/libv5rt.a(vex_motorgroup.cpp.obj)
                0x0000000003805a4c                vex::motor_group::spin(vex::directionType)
 .text._ZN3vex11motor_group4stopENS_9brakeTypeE
                0x0000000003805a84       0x38 /Applications/VEXcode Pro V5.app/Contents/Resources/sdk/vexv5/libv5rt.a(vex_motorgroup.cpp.obj)
                0x0000000003805a84                vex::motor_group::stop(vex::brakeType)
 .text._ZN3vex11motor_group12setMaxTorqueEdNS_12percentUnitsE
                0x0000000003805abc       0x4c /Applications/VEXcode Pro V5.app/Contents/Resources/sdk/vexv5/libv5rt.a(vex_motorgroup.cpp.obj)
                0x0000000003805abc                vex::motor_group::setMaxTorque(double, vex::percentUnits)
 .text.vexMotorVelocitySet
                0x0000000003805b08       0x20 /Applications/VEXcode Pro V5.app/Contents/Resources/sdk/vexv5/libv5rt.a(v5_apiuser.c.obj)
                0x0000000003805b08                vexMotorVelocitySet
 .text.vexMotorActualVelocityGet
                0x0000000003805b28       0x24 /Applications/VEXcode Pro V5.app/Contents/Resources/sdk/vexv5/libv5rt.a(v5_apiuser.c.obj)
                0x0000000003805b28                vexMotorActualVelocityGet
 .text.vexMotorCurrentLimitSet
                0x0000000003805b4c       0x20 /Applications/VEXcode Pro V5.app/Contents/Resources/sdk/vexv5/libv5rt.a(v5_apiuser.c.obj)
                0x0000000003805b4c                vexMotorCurrentLimitSet
 .text.vexMotorTemperatureGet
                0x0000000003805b6c       0x24 /Applications/VEXcode Pro V5.app/Contents/Resources/sdk/vexv5/libv5rt.a(v5_apiuser.c.obj)
                0x0000000003805b6c                vexMotorTemperatureGet
 .text.vexMotorReverseFlagSet
                0x0000000003805b90       0x20 /Applications/VEXcode Pro V5.app/Contents/Resources/sdk/vexv5/libv5rt.a(v5_apiuser.c.obj)
                0x0000000003805b90                vexMotorReverseFlagSet
 .text.vexMotorEncoderUnitsSet
                0x0000000003805bb0       0x20 /Applications/VEXcode Pro V5.app/Contents/Resources/sdk/vexv5/libv5rt.a(v5_apiuser.c.obj)
                0x0000000003805bb0                vexMotorEncoderUnitsSet
 .text.vexMotorBrakeModeSet
                0x0000000003805bd0       0x20 /Applications/VEXcode Pro V5.app/Contents/Resources/sdk/vexv5/libv5rt.a(v5_apiuser.c.obj)
                0x0000000003805bd0                vexMotorBrakeModeSet
 .text.vexMotorPositionSet
                0x0000000003805bf0       0x28 /Applications/VEXcode Pro V5.app/Contents/Resources/sdk/vexv5/libv5rt.a(v5_apiuser.c.obj)
                0x0000000003805bf0                vexMotorPositionSet
 .text.vexMotorPositionGet
                0x0000000003805c18       0x24 /Applications/VEXcode Pro V5.app/Contents/Resources/sdk/vexv5/libv5rt.a(v5_apiuser.c.obj)
                0x0000000003805c18                vexMotorPositionGet
 .text.vexMotorGearingSet
                0x0000000003805c3c       0x20 /Applications/VEXcode Pro V5.app/Contents/Resources/sdk/vexv5/libv5rt.a(v5_apiuser.c.obj)
                0x0000000003805c3c                vexMotorGearingSet
 .text.vexMotorGearingGet
                0x0000000003805c5c       0x18 /Applications/VEXcode Pro V5.app/Contents/Resources/sdk/vexv5/libv5rt.a(v5_apiuser.c.obj)
                0x0000000003805c5c                vexMotorGearingGet
 .text.vexImuReset
                0x0000000003805c74       0x10 /Applications/VEXcode Pro V5.app/Contents/Resources/sdk/vexv5/libv5rt.a(v5_apiuser.c.obj)
                0x0000000003805c74                vexImuReset
 .text.vexImuHeadingGet
                0x0000000003805c84       0x10 /Applications/VEXcode Pro V5.app/Contents/Resources/sdk/vexv5/libv5rt.a(v5_apiuser.c.obj)
                0x0000000003805c84                vexImuHeadingGet
 .text.vexImuDegreesGet
                0x0000000003805c94       0x10 /Applications/VEXcode Pro V5.app/Contents/Resources/sdk/vexv5/libv5rt.a(v5_apiuser.c.obj)
                0x0000000003805c94                vexImuDegreesGet
 .text.vexImuStatusGet
                0x0000000003805ca4       0x10 /Applications/VEXcode Pro V5.app/Contents/Resources/sdk/vexv5/libv5rt.a(v5_apiuser.c.obj)
                0x0000000003805ca4                vexImuStatusGet
 .text.vexAbsEncAngleGet
                0x0000000003805cb4       0x10 /Applications/VEXcode Pro V5.app/Contents/Resources/sdk/vexv5/libv5rt.a(v5_apiuser.c.obj)
                0x0000000003805cb4                vexAbsEncAngleGet
 .text.vexAbsEncReverseFlagSet
                0x0000000003805cc4       0x18 /Applications/VEXcode Pro V5.app/Contents/Resources/sdk/vexv5/libv5rt.a(v5_apiuser.c.obj)
                0x0000000003805cc4                vexAbsEncReverseFlagSet
 .text.vexEventMaskSet
                0x0000000003805cdc       0x28 /Applications/VEXcode Pro V5.app/Contents/Resources/sdk/vexv5/libv5rt.a(v5_apiuser.c.obj)
                0x0000000003805cdc                vexEventMaskSet
 .text.vexEventMaskGet
                0x0000000003805d04       0x18 /Applications/VEXcode Pro V5.app/Contents/Resources/sdk/vexv5/libv5rt.a(v5_apiuser.c.obj)
                0x0000000003805d04                vexEventMaskGet
 .text._ZN3vex6deviceD2Ev
                0x0000000003805d1c        0x4 /Applications/VEXcode Pro V5.app/Contents/Resources/sdk/vexv5/libv5rt.a(vex_device.cpp.obj)
                0x0000000003805d1c                vex::device::~device()
                0x0000000003805d1c                vex::device::~device()
 .text._ZN3vex6device5valueEv
                0x0000000003805d20        0x8 /Applications/VEXcode Pro V5.app/Contents/Resources/sdk/vexv5/libv5rt.a(vex_device.cpp.obj)
                0x0000000003805d20                vex::device::value()
 .text._ZN3vex6deviceD0Ev
                0x0000000003805d28       0x14 /Applications/VEXcode Pro V5.app/Contents/Resources/sdk/vexv5/libv5rt.a(vex_device.cpp.obj)
                0x0000000003805d28                vex::device::~device()
 .text._ZN3vex6device4initEl
                0x0000000003805d3c       0x30 /Applications/VEXcode Pro V5.app/Contents/Resources/sdk/vexv5/libv5rt.a(vex_device.cpp.obj)
                0x0000000003805d3c                vex::device::init(long)
 .text._ZN3vex6deviceC2El
                0x0000000003805d6c       0x20 /Applications/VEXcode Pro V5.app/Contents/Resources/sdk/vexv5/libv5rt.a(vex_device.cpp.obj)
                0x0000000003805d6c                vex::device::device(long)
                0x0000000003805d6c                vex::device::device(long)
 .text._ZN3vex6device4typeEv
                0x0000000003805d8c       0x10 /Applications/VEXcode Pro V5.app/Contents/Resources/sdk/vexv5/libv5rt.a(vex_device.cpp.obj)
                0x0000000003805d8c                vex::device::type()
 .text._ZN3vex6device9installedEv
                0x0000000003805d9c       0x14 /Applications/VEXcode Pro V5.app/Contents/Resources/sdk/vexv5/libv5rt.a(vex_device.cpp.obj)
                0x0000000003805d9c                vex::device::installed()
 .text.__libc_fini_array
                0x0000000003805db0       0x30 /Applications/VEXcode Pro V5.app/Contents/Resources/sdk/vexv5/gcc/libs/libc.a(lib_a-fini.o)
                0x0000000003805db0                __libc_fini_array
 .text.__libc_init_array
                0x0000000003805de0       0x58 /Applications/VEXcode Pro V5.app/Contents/Resources/sdk/vexv5/gcc/libs/libc.a(lib_a-init.o)
                0x0000000003805de0                __libc_init_array
 .text.fmax     0x0000000003805e38       0x4c /Applications/VEXcode Pro V5.app/Contents/Resources/sdk/vexv5/gcc/libs/libm.a(lib_a-s_fmax.o)
                0x0000000003805e38                fmax
 .text.fmin     0x0000000003805e84       0x4c /Applications/VEXcode Pro V5.app/Contents/Resources/sdk/vexv5/gcc/libs/libm.a(lib_a-s_fmin.o)
                0x0000000003805e84                fmin
 .text.fmin.__stub
                0x0000000003805ed0       0x18 linker stubs
 *(.gnu.linkonce.t.*)
 *(.plt)
 *(.gnu_warning)
 *(.gcc_except_table)
 *(.glue_7)
 .glue_7        0x0000000003805ee8        0x0 linker stubs
 *(.glue_7t)
 .glue_7t       0x0000000003805ee8        0x0 linker stubs
 *(.vfp11_veneer)
 .vfp11_veneer  0x0000000003805ee8        0x0 linker stubs
 *(.ARM.extab)
 *(.gnu.linkonce.armextab.*)

.v4_bx          0x0000000003805ee8        0x0
 .v4_bx         0x0000000003805ee8        0x0 linker stubs

.iplt           0x0000000003805ee8        0x0
 .iplt          0x0000000003805ee8        0x0 build/src/main.o

.init
 *(.init)

.fini
 *(.fini)

.rodata         0x0000000003805ee8      0x21c
                0x0000000003805ee8                __rodata_start = .
 *(.rodata)
 *(.rodata.*)
 .rodata.str1.1
                0x0000000003805ee8       0x1d build/src/main.o
 .rodata.str1.1
                0x0000000003805f05       0x2e build/src/robot-config.o
                                         0x3a (size before relaxing)
 .rodata.str1.1
                0x0000000003805f33       0x2e /Applications/VEXcode Pro V5.app/Contents/Resources/sdk/vexv5/libv5rt.a(v5_startup.c.obj)
 *fill*         0x0000000003805f61        0x3 
 .rodata._ZN3vex3fwdE
                0x0000000003805f64        0x4 /Applications/VEXcode Pro V5.app/Contents/Resources/sdk/vexv5/libv5rt.a(vex_global.cpp.obj)
                0x0000000003805f64                vex::fwd
 .rodata._ZN3vex5PORT1E
                0x0000000003805f68        0x4 /Applications/VEXcode Pro V5.app/Contents/Resources/sdk/vexv5/libv5rt.a(vex_global.cpp.obj)
                0x0000000003805f68                vex::PORT1
 .rodata._ZN3vex7reverseE
                0x0000000003805f6c        0x4 /Applications/VEXcode Pro V5.app/Contents/Resources/sdk/vexv5/libv5rt.a(vex_global.cpp.obj)
                0x0000000003805f6c                vex::reverse
 .rodata._ZN3vex6PORT10E
                0x0000000003805f70        0x4 /Applications/VEXcode Pro V5.app/Contents/Resources/sdk/vexv5/libv5rt.a(vex_global.cpp.obj)
                0x0000000003805f70                vex::PORT10
 .rodata._ZN3vex7forwardE
                0x0000000003805f74        0x4 /Applications/VEXcode Pro V5.app/Contents/Resources/sdk/vexv5/libv5rt.a(vex_global.cpp.obj)
                0x0000000003805f74                vex::forward
 .rodata._ZN3vex4msecE
                0x0000000003805f78        0x4 /Applications/VEXcode Pro V5.app/Contents/Resources/sdk/vexv5/libv5rt.a(vex_global.cpp.obj)
                0x0000000003805f78                vex::msec
 .rodata._ZN3vex6PORT18E
                0x0000000003805f7c        0x4 /Applications/VEXcode Pro V5.app/Contents/Resources/sdk/vexv5/libv5rt.a(vex_global.cpp.obj)
                0x0000000003805f7c                vex::PORT18
 .rodata._ZN3vex5PORT9E
                0x0000000003805f80        0x4 /Applications/VEXcode Pro V5.app/Contents/Resources/sdk/vexv5/libv5rt.a(vex_global.cpp.obj)
                0x0000000003805f80                vex::PORT9
 .rodata._ZN3vex6PORT21E
                0x0000000003805f84        0x4 /Applications/VEXcode Pro V5.app/Contents/Resources/sdk/vexv5/libv5rt.a(vex_global.cpp.obj)
                0x0000000003805f84                vex::PORT21
 .rodata._ZN3vex5PORT6E
                0x0000000003805f88        0x4 /Applications/VEXcode Pro V5.app/Contents/Resources/sdk/vexv5/libv5rt.a(vex_global.cpp.obj)
                0x0000000003805f88                vex::PORT6
 .rodata._ZN3vex7primaryE
                0x0000000003805f8c        0x4 /Applications/VEXcode Pro V5.app/Contents/Resources/sdk/vexv5/libv5rt.a(vex_global.cpp.obj)
                0x0000000003805f8c                vex::primary
 .rodata._ZN3vex3degE
                0x0000000003805f90        0x4 /Applications/VEXcode Pro V5.app/Contents/Resources/sdk/vexv5/libv5rt.a(vex_global.cpp.obj)
                0x0000000003805f90                vex::deg
 .rodata._ZN3vex7percentE
                0x0000000003805f94        0x4 /Applications/VEXcode Pro V5.app/Contents/Resources/sdk/vexv5/libv5rt.a(vex_global.cpp.obj)
                0x0000000003805f94                vex::percent
 .rodata._ZN3vex6PORT19E
                0x0000000003805f98        0x4 /Applications/VEXcode Pro V5.app/Contents/Resources/sdk/vexv5/libv5rt.a(vex_global.cpp.obj)
                0x0000000003805f98                vex::PORT19
 .rodata._ZN3vex7degreesE
                0x0000000003805f9c        0x4 /Applications/VEXcode Pro V5.app/Contents/Resources/sdk/vexv5/libv5rt.a(vex_global.cpp.obj)
                0x0000000003805f9c                vex::degrees
 .rodata._ZN3vex6PORT22E
                0x0000000003805fa0        0x4 /Applications/VEXcode Pro V5.app/Contents/Resources/sdk/vexv5/libv5rt.a(vex_global.cpp.obj)
                0x0000000003805fa0                vex::PORT22
 .rodata._ZN3vex4holdE
                0x0000000003805fa4        0x4 /Applications/VEXcode Pro V5.app/Contents/Resources/sdk/vexv5/libv5rt.a(vex_global.cpp.obj)
                0x0000000003805fa4                vex::hold
 .rodata._ZN3vex6PORT12E
                0x0000000003805fa8        0x4 /Applications/VEXcode Pro V5.app/Contents/Resources/sdk/vexv5/libv5rt.a(vex_global.cpp.obj)
                0x0000000003805fa8                vex::PORT12
 .rodata._ZN3vex5brakeE
                0x0000000003805fac        0x4 /Applications/VEXcode Pro V5.app/Contents/Resources/sdk/vexv5/libv5rt.a(vex_global.cpp.obj)
                0x0000000003805fac                vex::brake
 .rodata._ZN3vex5coastE
                0x0000000003805fb0        0x4 /Applications/VEXcode Pro V5.app/Contents/Resources/sdk/vexv5/libv5rt.a(vex_global.cpp.obj)
                0x0000000003805fb0                vex::coast
 .rodata._ZN3vex5PORT4E
                0x0000000003805fb4        0x4 /Applications/VEXcode Pro V5.app/Contents/Resources/sdk/vexv5/libv5rt.a(vex_global.cpp.obj)
                0x0000000003805fb4                vex::PORT4
 .rodata._ZN3vex5PORT8E
                0x0000000003805fb8        0x4 /Applications/VEXcode Pro V5.app/Contents/Resources/sdk/vexv5/libv5rt.a(vex_global.cpp.obj)
                0x0000000003805fb8                vex::PORT8
 .rodata._ZN3vex9ratio18_1E
                0x0000000003805fbc        0x4 /Applications/VEXcode Pro V5.app/Contents/Resources/sdk/vexv5/libv5rt.a(vex_global.cpp.obj)
                0x0000000003805fbc                vex::ratio18_1
 .rodata._ZTVN3vex5motorE
                0x0000000003805fc0       0x18 /Applications/VEXcode Pro V5.app/Contents/Resources/sdk/vexv5/libv5rt.a(vex_motor.cpp.obj)
                0x0000000003805fc0                vtable for vex::motor
 .rodata._ZTVN3vex8inertialE
                0x0000000003805fd8       0x60 /Applications/VEXcode Pro V5.app/Contents/Resources/sdk/vexv5/libv5rt.a(vex_imu.cpp.obj)
                0x0000000003805fd8                vtable for vex::inertial
 .rodata._ZTVN3vex8rotationE
                0x0000000003806038       0x18 /Applications/VEXcode Pro V5.app/Contents/Resources/sdk/vexv5/libv5rt.a(vex_rotation.cpp.obj)
                0x0000000003806038                vtable for vex::rotation
 .rodata.str1.1
                0x0000000003806050       0x1f /Applications/VEXcode Pro V5.app/Contents/Resources/sdk/vexv5/libv5rt.a(vex_controller.cpp.obj)
                                         0x20 (size before relaxing)
 .rodata.CSWTCH.16
                0x000000000380606f        0xb /Applications/VEXcode Pro V5.app/Contents/Resources/sdk/vexv5/libv5rt.a(vex_controller.cpp.obj)
 .rodata.CSWTCH.18
                0x000000000380607a        0xb /Applications/VEXcode Pro V5.app/Contents/Resources/sdk/vexv5/libv5rt.a(vex_controller.cpp.obj)
 .rodata.CSWTCH.24
                0x0000000003806085        0x3 /Applications/VEXcode Pro V5.app/Contents/Resources/sdk/vexv5/libv5rt.a(vex_controller.cpp.obj)
 .rodata.str1.1
                0x0000000003806088       0x14 /Applications/VEXcode Pro V5.app/Contents/Resources/sdk/vexv5/libv5rt.a(vex_task.cpp.obj)
 .rodata.str1.1
                0x000000000380609c       0x2d /Applications/VEXcode Pro V5.app/Contents/Resources/sdk/vexv5/libv5rt.a(vex_brain.cpp.obj)
 *fill*         0x00000000038060c9        0x7 
 .rodata._ZTVN3vex7triportE
                0x00000000038060d0       0x18 /Applications/VEXcode Pro V5.app/Contents/Resources/sdk/vexv5/libv5rt.a(vex_triport.cpp.obj)
                0x00000000038060d0                vtable for vex::triport
 .rodata._ZTVN3vex6deviceE
                0x00000000038060e8       0x18 /Applications/VEXcode Pro V5.app/Contents/Resources/sdk/vexv5/libv5rt.a(vex_device.cpp.obj)
                0x00000000038060e8                vtable for vex::device
 .rodata.str1.4
                0x0000000003806100        0x4 /Applications/VEXcode Pro V5.app/Contents/Resources/sdk/vexv5/gcc/libs/libc.a(lib_a-impure.o)
                                          0x2 (size before relaxing)
 *(.gnu.linkonce.r.*)
                0x0000000003806104                __rodata_end = .

.rodata1        0x0000000003806104        0x0
                0x0000000003806104                __rodata1_start = .
 *(.rodata1)
 *(.rodata1.*)
                0x0000000003806104                __rodata1_end = .

.sdata2         0x0000000003806104        0x0
                0x0000000003806104                __sdata2_start = .
 *(.sdata2)
 *(.sdata2.*)
 *(.gnu.linkonce.s2.*)
                0x0000000003806104                __sdata2_end = .

.sbss2          0x0000000003806104        0x0
                0x0000000003806104                __sbss2_start = .
 *(.sbss2)
 *(.sbss2.*)
 *(.gnu.linkonce.sb2.*)
                0x0000000003806104                __sbss2_end = .

.data           0x0000000003806108      0x5bc
                0x0000000003806108                __data_start = .
 *(.data)
 *(.data.*)
 .data.v_normal
                0x0000000003806108       0x20 build/src/main.o
                0x0000000003806108                v_normal
 .data.d_normal
                0x0000000003806128       0x20 build/src/main.o
                0x0000000003806128                d_normal
 .data.t_normal
                0x0000000003806148       0x20 build/src/main.o
                0x0000000003806148                t_normal
 .data.dec_normal
                0x0000000003806168       0x20 build/src/main.o
                0x0000000003806168                dec_normal
 .data.v_fast   0x0000000003806188       0x20 build/src/main.o
                0x0000000003806188                v_fast
 .data.d_fast   0x00000000038061a8       0x20 build/src/main.o
                0x00000000038061a8                d_fast
 .data.t_fast   0x00000000038061c8       0x20 build/src/main.o
                0x00000000038061c8                t_fast
 .data.dec_fast
                0x00000000038061e8       0x20 build/src/main.o
                0x00000000038061e8                dec_fast
 .data.v_slow   0x0000000003806208       0x20 build/src/main.o
                0x0000000003806208                v_slow
 .data.d_slow   0x0000000003806228       0x20 build/src/main.o
                0x0000000003806228                d_slow
 .data.t_slow   0x0000000003806248       0x20 build/src/main.o
                0x0000000003806248                t_slow
 .data.dec_slow
                0x0000000003806268       0x20 build/src/main.o
                0x0000000003806268                dec_slow
 .data.isMovingL
                0x0000000003806288        0x1 build/src/robot-config.o
                0x0000000003806288                isMovingL
 .data.isMovingR
                0x0000000003806289        0x1 build/src/robot-config.o
                0x0000000003806289                isMovingR
 .data.lowtorque
                0x000000000380628a        0x1 build/src/robot-config.o
                0x000000000380628a                lowtorque
 *fill*         0x000000000380628b        0x1 
 .data.appRunning
                0x000000000380628c        0x4 /Applications/VEXcode Pro V5.app/Contents/Resources/sdk/vexv5/libv5rt.a(v5_startup.c.obj)
                0x000000000380628c                appRunning
 .data.__yoff   0x0000000003806290        0x4 /Applications/VEXcode Pro V5.app/Contents/Resources/sdk/vexv5/libv5rt.a(v5_apijump.c.obj)
 .data._ZN3vex24__default_motor_velocityE
                0x0000000003806294        0x4 /Applications/VEXcode Pro V5.app/Contents/Resources/sdk/vexv5/libv5rt.a(vex_motor.cpp.obj)
                0x0000000003806294                vex::__default_motor_velocity
 .data.impure_data
                0x0000000003806298      0x428 /Applications/VEXcode Pro V5.app/Contents/Resources/sdk/vexv5/gcc/libs/libc.a(lib_a-impure.o)
 .data._impure_ptr
                0x00000000038066c0        0x4 /Applications/VEXcode Pro V5.app/Contents/Resources/sdk/vexv5/gcc/libs/libc.a(lib_a-impure.o)
                0x00000000038066c0                _impure_ptr
 *(.gnu.linkonce.d.*)
 *(.jcr)
 *(.got)
 *(.got.plt)
                0x00000000038066c4                __data_end = .

.igot.plt       0x00000000038066c4        0x0
 .igot.plt      0x00000000038066c4        0x0 build/src/main.o

.data1          0x00000000038066c4        0x0
                0x00000000038066c4                __data1_start = .
 *(.data1)
 *(.data1.*)
                0x00000000038066c4                __data1_end = .

.got
 *(.got)

.ctors          0x00000000038066c4        0x0
                0x00000000038066c4                __CTOR_LIST__ = .
                0x00000000038066c4                ___CTORS_LIST___ = .
 *crtbegin.o(.ctors)
 *(EXCLUDE_FILE(*crtend.o) .ctors)
 *(SORT_BY_NAME(.ctors.*))
 *(.ctors)
                0x00000000038066c4                __CTOR_END__ = .
                0x00000000038066c4                ___CTORS_END___ = .

.dtors          0x00000000038066c4        0x0
                0x00000000038066c4                __DTOR_LIST__ = .
                0x00000000038066c4                ___DTORS_LIST___ = .
 *crtbegin.o(.dtors)
 *(EXCLUDE_FILE(*crtend.o) .dtors)
 *(SORT_BY_NAME(.dtors.*))
 *(.dtors)
                0x00000000038066c4                __DTOR_END__ = .
                0x00000000038066c4                ___DTORS_END___ = .

.fixup          0x00000000038066c4        0x0
                0x00000000038066c4                __fixup_start = .
 *(.fixup)
                0x00000000038066c4                __fixup_end = .

.eh_frame
 *(.eh_frame)

.eh_framehdr    0x00000000038066c4        0x0
                0x00000000038066c4                __eh_framehdr_start = .
 *(.eh_framehdr)
                0x00000000038066c4                __eh_framehdr_end = .

.gcc_except_table
 *(.gcc_except_table)

.mmu_tbl        0x0000000003808000        0x0
                0x0000000003808000                __mmu_tbl_start = .
 *(.mmu_tbl)
                0x0000000003808000                __mmu_tbl_end = .

.ARM.exidx      0x00000000038066c4        0x8
                0x00000000038066c4                __exidx_start = .
 *(.ARM.exidx*)
 .ARM.exidx.text._Z10av_Encoderv
                0x00000000038066c4        0x8 build/src/main.o
 .ARM.exidx.text._Z6CalYawv
                0x00000000038066cc        0x0 build/src/main.o
                                          0x8 (size before relaxing)
 .ARM.exidx.text._Z10set_torquedddd
                0x00000000038066cc        0x0 build/src/main.o
                                          0x8 (size before relaxing)
 .ARM.exidx.text._Z5set_Vdddd
                0x00000000038066cc        0x0 build/src/main.o
                                          0x8 (size before relaxing)
 .ARM.exidx.text._Z8stop_allN3vex9brakeTypeE
                0x00000000038066cc        0x0 build/src/main.o
                                          0x8 (size before relaxing)
 .ARM.exidx.text._Z10basic_turndd
                0x00000000038066cc        0x0 build/src/main.o
                                          0x8 (size before relaxing)
 .ARM.exidx.text._Z10basic_movedd
                0x00000000038066cc        0x0 build/src/main.o
                                          0x8 (size before relaxing)
 .ARM.exidx.text._Z7Go_movedddd
                0x00000000038066cc        0x0 build/src/main.o
                                          0x8 (size before relaxing)
 .ARM.exidx.text._Z8Go_logicdd
                0x00000000038066cc        0x0 build/src/main.o
                                          0x8 (size before relaxing)
 .ARM.exidx.text._Z17Constant_selecterd
                0x00000000038066cc        0x0 build/src/main.o
                                          0x8 (size before relaxing)
 .ARM.exidx.text._Z12turnto_logicdd
                0x00000000038066cc        0x0 build/src/main.o
                                          0x8 (size before relaxing)
 .ARM.exidx.text._Z13turnto_clientdd
                0x00000000038066cc        0x0 build/src/main.o
                                          0x8 (size before relaxing)
 .ARM.exidx.text._Z8end_autov
                0x00000000038066cc        0x0 build/src/main.o
                                          0x8 (size before relaxing)
 .ARM.exidx.text._Z4liftiid
                0x00000000038066cc        0x0 build/src/main.o
                                          0x8 (size before relaxing)
 .ARM.exidx.text._Z16fast_up_clawopenv
                0x00000000038066cc        0x0 build/src/main.o
                                          0x8 (size before relaxing)
 .ARM.exidx.text._Z18fast_down_clawopenv
                0x00000000038066cc        0x0 build/src/main.o
                                          0x8 (size before relaxing)
 .ARM.exidx.text._Z17fast_up_clawclosev
                0x00000000038066cc        0x0 build/src/main.o
                                          0x8 (size before relaxing)
 .ARM.exidx.text._Z19fast_down_clawclosev
                0x00000000038066cc        0x0 build/src/main.o
                                          0x8 (size before relaxing)
 .ARM.exidx.text._Z7task_upv
                0x00000000038066cc        0x0 build/src/main.o
                                          0x8 (size before relaxing)
 .ARM.exidx.text._Z9task_downv
                0x00000000038066cc        0x0 build/src/main.o
                                          0x8 (size before relaxing)
 .ARM.exidx.text._Z10task_closev
                0x00000000038066cc        0x0 build/src/main.o
                                          0x8 (size before relaxing)
 .ARM.exidx.text._Z4Autov
                0x00000000038066cc        0x0 build/src/main.o
                                          0x8 (size before relaxing)
 .ARM.exidx.text.main
                0x00000000038066cc        0x0 build/src/main.o
                                          0x8 (size before relaxing)
 .ARM.exidx.text._GLOBAL__sub_I_main.cpp
                0x00000000038066cc        0x0 build/src/main.o
                                          0x8 (size before relaxing)
 .ARM.exidx.text._ZN3vex11motor_groupC2IJNS_5motorES2_EEERS2_DpRT_
                0x00000000038066cc        0x0 build/src/robot-config.o
                                          0x8 (size before relaxing)
 .ARM.exidx.text._Z8printingv
                0x00000000038066cc        0x0 build/src/robot-config.o
                                          0x8 (size before relaxing)
 .ARM.exidx.text._Z33rc_auto_loop_function_Controller1v
                0x00000000038066cc        0x0 build/src/robot-config.o
                                          0x8 (size before relaxing)
 .ARM.exidx.text._Z11vexcodeInitv
                0x00000000038066cc        0x0 build/src/robot-config.o
                                          0x8 (size before relaxing)
 .ARM.exidx.text._GLOBAL__sub_I_robot_config.cpp
                0x00000000038066cc        0x0 build/src/robot-config.o
                                          0x8 (size before relaxing)
 *(.gnu.linkonce.armexidix.*.*)
                0x00000000038066cc                __exidx_end = .

.rel.dyn        0x00000000038066cc        0x0
 .rel.iplt      0x00000000038066cc        0x0 build/src/main.o

.preinit_array  0x00000000038066cc        0x0
                0x00000000038066cc                __preinit_array_start = .
 *(SORT_BY_NAME(.preinit_array.*))
 *(.preinit_array)
                0x00000000038066cc                __preinit_array_end = .

.init_array     0x00000000038066cc       0x10
                0x00000000038066cc                __init_array_start = .
 *(SORT_BY_NAME(.init_array.*))
 *(.init_array)
 .init_array    0x00000000038066cc        0x4 build/src/main.o
 .init_array    0x00000000038066d0        0x4 build/src/robot-config.o
 .init_array    0x00000000038066d4        0x4 /Applications/VEXcode Pro V5.app/Contents/Resources/sdk/vexv5/libv5rt.a(vex_triport.cpp.obj)
 .init_array    0x00000000038066d8        0x4 /Applications/VEXcode Pro V5.app/Contents/Resources/sdk/vexv5/libv5rt.a(vex_color.cpp.obj)
                0x00000000038066dc                __init_array_end = .

.fini_array     0x00000000038066dc        0x0
                0x00000000038066dc                __fini_array_start = .
 *(SORT_BY_NAME(.fini_array.*))
 *(.fini_array)
                0x00000000038066dc                __fini_array_end = .

.ARM.attributes
                0x00000000038066dc       0x3c
                0x00000000038066dc                __ARM.attributes_start = .
 *(.ARM.attributes)
 .ARM.attributes
                0x00000000038066dc       0x3a build/src/main.o
 .ARM.attributes
                0x0000000003806716       0x3a build/src/robot-config.o
 .ARM.attributes
                0x0000000003806750       0x35 /Applications/VEXcode Pro V5.app/Contents/Resources/sdk/vexv5/libv5rt.a(v5_startup.c.obj)
 .ARM.attributes
                0x0000000003806785       0x35 /Applications/VEXcode Pro V5.app/Contents/Resources/sdk/vexv5/libv5rt.a(v5_util.c.obj)
 .ARM.attributes
                0x00000000038067ba       0x35 /Applications/VEXcode Pro V5.app/Contents/Resources/sdk/vexv5/libv5rt.a(v5_apijump.c.obj)
 .ARM.attributes
                0x00000000038067ef       0x35 /Applications/VEXcode Pro V5.app/Contents/Resources/sdk/vexv5/libv5rt.a(v5_apiversions.c.obj)
 .ARM.attributes
                0x0000000003806824       0x35 /Applications/VEXcode Pro V5.app/Contents/Resources/sdk/vexv5/libv5rt.a(vex_global.cpp.obj)
 .ARM.attributes
                0x0000000003806859       0x35 /Applications/VEXcode Pro V5.app/Contents/Resources/sdk/vexv5/libv5rt.a(vex_motor.cpp.obj)
 .ARM.attributes
                0x000000000380688e       0x35 /Applications/VEXcode Pro V5.app/Contents/Resources/sdk/vexv5/libv5rt.a(vex_imu.cpp.obj)
 .ARM.attributes
                0x00000000038068c3       0x35 /Applications/VEXcode Pro V5.app/Contents/Resources/sdk/vexv5/libv5rt.a(vex_rotation.cpp.obj)
 .ARM.attributes
                0x00000000038068f8       0x35 /Applications/VEXcode Pro V5.app/Contents/Resources/sdk/vexv5/libv5rt.a(vex_controller.cpp.obj)
 .ARM.attributes
                0x000000000380692d       0x35 /Applications/VEXcode Pro V5.app/Contents/Resources/sdk/vexv5/libv5rt.a(vex_task.cpp.obj)
 .ARM.attributes
                0x0000000003806962       0x35 /Applications/VEXcode Pro V5.app/Contents/Resources/sdk/vexv5/libv5rt.a(vex_thread.cpp.obj)
 .ARM.attributes
                0x0000000003806997       0x35 /Applications/VEXcode Pro V5.app/Contents/Resources/sdk/vexv5/libv5rt.a(vex_event.cpp.obj)
 .ARM.attributes
                0x00000000038069cc       0x35 /Applications/VEXcode Pro V5.app/Contents/Resources/sdk/vexv5/libv5rt.a(vex_mevent.cpp.obj)
 .ARM.attributes
                0x0000000003806a01       0x35 /Applications/VEXcode Pro V5.app/Contents/Resources/sdk/vexv5/libv5rt.a(vex_brain.cpp.obj)
 .ARM.attributes
                0x0000000003806a36       0x35 /Applications/VEXcode Pro V5.app/Contents/Resources/sdk/vexv5/libv5rt.a(vex_competition.cpp.obj)
 .ARM.attributes
                0x0000000003806a6b       0x35 /Applications/VEXcode Pro V5.app/Contents/Resources/sdk/vexv5/libv5rt.a(vex_triport.cpp.obj)
 .ARM.attributes
                0x0000000003806aa0       0x35 /Applications/VEXcode Pro V5.app/Contents/Resources/sdk/vexv5/libv5rt.a(vex_color.cpp.obj)
 .ARM.attributes
                0x0000000003806ad5       0x35 /Applications/VEXcode Pro V5.app/Contents/Resources/sdk/vexv5/libv5rt.a(vex_timer.cpp.obj)
 .ARM.attributes
                0x0000000003806b0a       0x35 /Applications/VEXcode Pro V5.app/Contents/Resources/sdk/vexv5/libv5rt.a(vex_motorgroup.cpp.obj)
 .ARM.attributes
                0x0000000003806b3f       0x35 /Applications/VEXcode Pro V5.app/Contents/Resources/sdk/vexv5/libv5rt.a(v5_apiuser.c.obj)
 .ARM.attributes
                0x0000000003806b74       0x35 /Applications/VEXcode Pro V5.app/Contents/Resources/sdk/vexv5/libv5rt.a(vex_device.cpp.obj)
 .ARM.attributes
                0x0000000003806ba9       0x2b /Applications/VEXcode Pro V5.app/Contents/Resources/sdk/vexv5/gcc/libs/libc.a(lib_a-fini.o)
 .ARM.attributes
                0x0000000003806bd4       0x2b /Applications/VEXcode Pro V5.app/Contents/Resources/sdk/vexv5/gcc/libs/libc.a(lib_a-impure.o)
 .ARM.attributes
                0x0000000003806bff       0x2b /Applications/VEXcode Pro V5.app/Contents/Resources/sdk/vexv5/gcc/libs/libc.a(lib_a-init.o)
 .ARM.attributes
                0x0000000003806c2a       0x2b /Applications/VEXcode Pro V5.app/Contents/Resources/sdk/vexv5/gcc/libs/libm.a(lib_a-s_fmax.o)
 .ARM.attributes
                0x0000000003806c55       0x2b /Applications/VEXcode Pro V5.app/Contents/Resources/sdk/vexv5/gcc/libs/libm.a(lib_a-s_fmin.o)
                0x0000000003806c80                __ARM.attributes_end = .

.sdata          0x00000000038066dc        0x0
                0x00000000038066dc                __sdata_start = .
 *(.sdata)
 *(.sdata.*)
 *(.gnu.linkonce.s.*)
                0x00000000038066dc                __sdata_end = .

.sbss           0x00000000038066dc        0x0
                0x00000000038066dc                __sbss_start = .
 *(.sbss)
 *(.sbss.*)
 *(.gnu.linkonce.sb.*)
                0x00000000038066dc                __sbss_end = .

.tdata          0x00000000038066dc        0x0
                0x00000000038066dc                __tdata_start = .
 *(.tdata)
 *(.tdata.*)
 *(.gnu.linkonce.td.*)
                0x00000000038066dc                __tdata_end = .

.tbss           0x00000000038066dc        0x0
                0x00000000038066dc                __tbss_start = .
 *(.tbss)
 *(.tbss.*)
 *(.gnu.linkonce.tb.*)
                0x00000000038066dc                __tbss_end = .

.bss            0x00000000038066e0      0x819
                0x00000000038066e0                __bss_start = .
 *(.bss)
 *(.bss.*)
 .bss._ZStL8__ioinit
                0x00000000038066e0        0x1 build/src/main.o
 *fill*         0x00000000038066e1        0x3 
 .bss.Competition
                0x00000000038066e4       0x28 build/src/main.o
                0x00000000038066e4                Competition
 *fill*         0x000000000380670c        0x4 
 .bss.Yaw       0x0000000003806710        0x8 build/src/main.o
                0x0000000003806710                Yaw
 .bss.Gyro_Started
                0x0000000003806718        0x8 build/src/main.o
                0x0000000003806718                Gyro_Started
 .bss.Go_timer  0x0000000003806720        0x8 build/src/main.o
                0x0000000003806720                Go_timer
 .bss.Go_manner
                0x0000000003806728        0x4 build/src/main.o
                0x0000000003806728                Go_manner
 .bss.TURN_TIMER
                0x000000000380672c        0x8 build/src/main.o
                0x000000000380672c                TURN_TIMER
 .bss.TURN_TIMER2
                0x0000000003806734        0x8 build/src/main.o
                0x0000000003806734                TURN_TIMER2
 .bss.auto_time
                0x000000000380673c        0x8 build/src/main.o
                0x000000000380673c                auto_time
 *fill*         0x0000000003806744        0x4 
 .bss.turn_to_angle
                0x0000000003806748        0x8 build/src/main.o
                0x0000000003806748                turn_to_angle
 .bss.fast_turn
                0x0000000003806750        0x1 build/src/main.o
                0x0000000003806750                fast_turn
 *fill*         0x0000000003806751        0x7 
 .bss.thisKP    0x0000000003806758        0x8 build/src/main.o
                0x0000000003806758                thisKP
 .bss.thisKI    0x0000000003806760        0x8 build/src/main.o
                0x0000000003806760                thisKI
 .bss.this_HIGHSPEED
                0x0000000003806768        0x8 build/src/main.o
                0x0000000003806768                this_HIGHSPEED
 .bss.this_MIDDLESPEED
                0x0000000003806770        0x8 build/src/main.o
                0x0000000003806770                this_MIDDLESPEED
 .bss.this_HIGHSPEED_INCREMENT
                0x0000000003806778        0x8 build/src/main.o
                0x0000000003806778                this_HIGHSPEED_INCREMENT
 .bss.this_MIDDLESPEED_INCREMENT
                0x0000000003806780        0x8 build/src/main.o
                0x0000000003806780                this_MIDDLESPEED_INCREMENT
 .bss.this_LOWSPEED_INCREMENT