Archive member included to satisfy reference by file (symbol)

/Applications/VEXcode Pro V5.app/Contents/Resources/sdk/vexv5/libv5rt.a(v5_startup.c.obj)
                              (vexStartup)
/Applications/VEXcode Pro V5.app/Contents/Resources/sdk/vexv5/libv5rt.a(v5_util.c.obj)
                              /Applications/VEXcode Pro V5.app/Contents/Resources/sdk/vexv5/libv5rt.a(v5_startup.c.obj) (vexStdlibVersionLinked)
/Applications/VEXcode Pro V5.app/Contents/Resources/sdk/vexv5/libv5rt.a(v5_apijump.c.obj)
                              /Applications/VEXcode Pro V5.app/Contents/Resources/sdk/vexv5/libv5rt.a(v5_startup.c.obj) (vexPrivateApiEnable)
/Applications/VEXcode Pro V5.app/Contents/Resources/sdk/vexv5/libv5rt.a(v5_apiversions.c.obj)
                              /Applications/VEXcode Pro V5.app/Contents/Resources/sdk/vexv5/libv5rt.a(v5_apijump.c.obj) (vexSystemVersion)
/Applications/VEXcode Pro V5.app/Contents/Resources/sdk/vexv5/libv5rt.a(vex_global.cpp.obj)
                              build/src/main.o (vex::wait(double, vex::timeUnits))
/Applications/VEXcode Pro V5.app/Contents/Resources/sdk/vexv5/libv5rt.a(vex_motor.cpp.obj)
                              build/src/robot-config.o (vex::motor::~motor())
/Applications/VEXcode Pro V5.app/Contents/Resources/sdk/vexv5/libv5rt.a(vex_imu.cpp.obj)
                              build/src/robot-config.o (vex::inertial::setHeading(double, vex::rotationUnits))
/Applications/VEXcode Pro V5.app/Contents/Resources/sdk/vexv5/libv5rt.a(vex_rotation.cpp.obj)
                              build/src/robot-config.o (vex::rotation::~rotation())
/Applications/VEXcode Pro V5.app/Contents/Resources/sdk/vexv5/libv5rt.a(vex_controller.cpp.obj)
                              build/src/robot-config.o (vex::controller::~controller())
/Applications/VEXcode Pro V5.app/Contents/Resources/sdk/vexv5/libv5rt.a(vex_task.cpp.obj)
                              build/src/main.o (vex::task::task(int (*)()))
/Applications/VEXcode Pro V5.app/Contents/Resources/sdk/vexv5/libv5rt.a(vex_thread.cpp.obj)
                              /Applications/VEXcode Pro V5.app/Contents/Resources/sdk/vexv5/libv5rt.a(vex_global.cpp.obj) (vex::this_thread::sleep_for(unsigned long))
/Applications/VEXcode Pro V5.app/Contents/Resources/sdk/vexv5/libv5rt.a(vex_event.cpp.obj)
                              /Applications/VEXcode Pro V5.app/Contents/Resources/sdk/vexv5/libv5rt.a(vex_imu.cpp.obj) (vex::event::init(unsigned long, unsigned long, void (*)()))
/Applications/VEXcode Pro V5.app/Contents/Resources/sdk/vexv5/libv5rt.a(vex_mevent.cpp.obj)
                              /Applications/VEXcode Pro V5.app/Contents/Resources/sdk/vexv5/libv5rt.a(vex_controller.cpp.obj) (vex::mevent::mevent(unsigned long, unsigned long))
/Applications/VEXcode Pro V5.app/Contents/Resources/sdk/vexv5/libv5rt.a(vex_brain.cpp.obj)
                              build/src/robot-config.o (vex::brain::lcd::setCursor(long, long))
/Applications/VEXcode Pro V5.app/Contents/Resources/sdk/vexv5/libv5rt.a(vex_competition.cpp.obj)
                              build/src/main.o (vex::competition::competition())
/Applications/VEXcode Pro V5.app/Contents/Resources/sdk/vexv5/libv5rt.a(vex_triport.cpp.obj)
                              /Applications/VEXcode Pro V5.app/Contents/Resources/sdk/vexv5/libv5rt.a(vex_brain.cpp.obj) (vex::triport::~triport())
/Applications/VEXcode Pro V5.app/Contents/Resources/sdk/vexv5/libv5rt.a(vex_color.cpp.obj)
                              /Applications/VEXcode Pro V5.app/Contents/Resources/sdk/vexv5/libv5rt.a(vex_brain.cpp.obj) (vex::color::operator unsigned long() const)
/Applications/VEXcode Pro V5.app/Contents/Resources/sdk/vexv5/libv5rt.a(vex_timer.cpp.obj)
                              build/src/main.o (vex::timer::~timer())
/Applications/VEXcode Pro V5.app/Contents/Resources/sdk/vexv5/libv5rt.a(vex_motorgroup.cpp.obj)
                              build/src/robot-config.o (vex::motor_group::motor_group())
/Applications/VEXcode Pro V5.app/Contents/Resources/sdk/vexv5/libv5rt.a(v5_apiuser.c.obj)
                              /Applications/VEXcode Pro V5.app/Contents/Resources/sdk/vexv5/libv5rt.a(vex_triport.cpp.obj) (vexAdiPortConfigSet)
/Applications/VEXcode Pro V5.app/Contents/Resources/sdk/vexv5/libv5rt.a(vex_device.cpp.obj)
                              /Applications/VEXcode Pro V5.app/Contents/Resources/sdk/vexv5/libv5rt.a(vex_motor.cpp.obj) (vex::device::~device())
/Applications/VEXcode Pro V5.app/Contents/Resources/sdk/vexv5/gcc/libs/libc.a(lib_a-fini.o)
                              /Applications/VEXcode Pro V5.app/Contents/Resources/sdk/vexv5/libv5rt.a(v5_startup.c.obj) (__libc_fini_array)
/Applications/VEXcode Pro V5.app/Contents/Resources/sdk/vexv5/gcc/libs/libc.a(lib_a-impure.o)
                              /Applications/VEXcode Pro V5.app/Contents/Resources/sdk/vexv5/libv5rt.a(v5_startup.c.obj) (_impure_ptr)
/Applications/VEXcode Pro V5.app/Contents/Resources/sdk/vexv5/gcc/libs/libc.a(lib_a-init.o)
[...]
Memory Configuration

Name             Origin             Length             Attributes
ps7_ddr_0_S_AXI_BASEADDR 0x0000000003800000 0x0000000004800000
*default*        0x0000000000000000 0xffffffffffffffff

Linker script and memory map

                0x0000000000002000                _STACK_SIZE = DEFINED (_STACK_SIZE)?_STACK_SIZE:0x2000
                0x0000000000100000                _HEAP_SIZE = DEFINED (_HEAP_SIZE)?_HEAP_SIZE:0x100000
                0x0000000000000400                _ABORT_STACK_SIZE = DEFINED (_ABORT_STACK_SIZE)?_ABORT_STACK_SIZE:0x400
                0x0000000000000800                _SUPERVISOR_STACK_SIZE = DEFINED (_SUPERVISOR_STACK_SIZE)?_SUPERVISOR_STACK_SIZE:0x800
                0x0000000000000400                _IRQ_STACK_SIZE = DEFINED (_IRQ_STACK_SIZE)?_IRQ_STACK_SIZE:0x400
                0x0000000000000400                _FIQ_STACK_SIZE = DEFINED (_FIQ_STACK_SIZE)?_FIQ_STACK_SIZE:0x400
                0x0000000000000400                _UNDEF_STACK_SIZE = DEFINED (_UNDEF_STACK_SIZE)?_UNDEF_STACK_SIZE:0x400

.text           0x0000000003800000     0x5fb0
 *(.vectors)
 *(.boot_data)
 .boot_data     0x0000000003800000       0x20 /Applications/VEXcode Pro V5.app/Contents/Resources/sdk/vexv5/libv5rt.a(v5_startup.c.obj)
                0x0000000003800000                vexCodeSig
                0x0000000000000020                . = 0x20
 *(.boot)
 .boot          0x0000000003800020       0xbc /Applications/VEXcode Pro V5.app/Contents/Resources/sdk/vexv5/libv5rt.a(v5_startup.c.obj)
                0x0000000003800020                vexStartup
                0x0000000003800100                . = ALIGN (0x40)
 *fill*         0x00000000038000dc       0x24 
 *(.freertos_vectors)
 *(.text)
 *(.text.*)
 .text._Z10av_Encoderv
                0x0000000003800100       0x9c build/src/main.o
                0x0000000003800100                av_Encoder()
 *fill*         0x000000000380019c        0x4 
 .text._Z6CalYawv
                0x00000000038001a0       0xe0 build/src/main.o
                0x00000000038001a0                CalYaw()
 .text._Z10set_torquedddd
                0x0000000003800280       0x88 build/src/main.o
                0x0000000003800280                set_torque(double, double, double, double)
 .text._Z5set_Vdddd
                0x0000000003800308       0xa4 build/src/main.o
                0x0000000003800308                set_V(double, double, double, double)
 .text._Z8stop_allN3vex9brakeTypeE
                0x00000000038003ac       0x9c build/src/main.o
                0x00000000038003ac                stop_all(vex::brakeType)
 .text._Z10basic_turndd
                0x0000000003800448      0x13c build/src/main.o
                0x0000000003800448                basic_turn(double, double)
 .text._Z10basic_movedd
                0x0000000003800584      0x150 build/src/main.o
                0x0000000003800584                basic_move(double, double)
 *fill*         0x00000000038006d4        0x4 
 .text._Z7Go_movedddd
                0x00000000038006d8      0x130 build/src/main.o
                0x00000000038006d8                Go_move(double, double, double, double)
 .text._Z8Go_logicdd
                0x0000000003800808      0x3b8 build/src/main.o
                0x0000000003800808                Go_logic(double, double)
 .text._Z17Constant_selecterd
                0x0000000003800bc0      0x398 build/src/main.o
                0x0000000003800bc0                Constant_selecter(double)
 .text._Z12turnto_logicdd
                0x0000000003800f58      0x450 build/src/main.o
                0x0000000003800f58                turnto_logic(double, double)
 .text._Z13turnto_clientdd
                0x00000000038013a8      0x138 build/src/main.o
                0x00000000038013a8                turnto_client(double, double)
 .text._Z8end_autov
                0x00000000038014e0       0xb8 build/src/main.o
                0x00000000038014e0                end_auto()
 .text._Z4liftiid
                0x0000000003801598      0x1a8 build/src/main.o
                0x0000000003801598                lift(int, int, double)
 .text._Z18fast_down_clawopenv
                0x0000000003801740      0x138 build/src/main.o
                0x0000000003801740                fast_down_clawopen()
 .text._Z19fast_down_clawclosev
                0x0000000003801878      0x138 build/src/main.o
                0x0000000003801878                fast_down_clawclose()
 .text._Z9back_clawbi
                0x00000000038019b0      0x190 build/src/main.o
                0x00000000038019b0                back_claw(bool, int)
 .text._Z19back_claw_to_bottomv
                0x0000000003801b40       0x20 build/src/main.o
                0x0000000003801b40                back_claw_to_bottom()
 .text._Z16back_claw_to_topv
                0x0000000003801b60       0x1c build/src/main.o
                0x0000000003801b60                back_claw_to_top()
 *fill*         0x0000000003801b7c        0x4 
 .text._Z17back_keep_holdingv
                0x0000000003801b80       0x90 build/src/main.o
                0x0000000003801b80                back_keep_holding()
 .text._Z18front_keep_holdingv
                0x0000000003801c10       0x90 build/src/main.o
                0x0000000003801c10                front_keep_holding()
 .text._Z7task_upv
                0x0000000003801ca0       0x30 build/src/main.o
                0x0000000003801ca0                task_up()
 .text._Z4Autov
                0x0000000003801cd0      0x3f0 build/src/main.o
                0x0000000003801cd0                Auto()
 .text.main     0x00000000038020c0       0x48 build/src/main.o
                0x00000000038020c0                main
 .text._GLOBAL__sub_I_main.cpp
                0x0000000003802108      0x11c build/src/main.o
 .text._ZN3vex11motor_groupC2IJNS_5motorES2_EEERS2_DpRT_
                0x0000000003802224       0x44 build/src/robot-config.o
                0x0000000003802224                vex::motor_group::motor_group<vex::motor, vex::motor>(vex::motor&, vex::motor&, vex::motor&)
 .text._Z8printingv
                0x0000000003802268      0x244 build/src/robot-config.o
                0x0000000003802268                printing()
 *fill*         0x00000000038024ac        0x4 
 .text._Z33rc_auto_loop_function_Controller1v
                0x00000000038024b0      0x990 build/src/robot-config.o
                0x00000000038024b0                rc_auto_loop_function_Controller1()
 .text._Z11vexcodeInitv
                0x0000000003802e40       0x90 build/src/robot-config.o
                0x0000000003802e40                vexcodeInit()
 .text._GLOBAL__sub_I_robot_config.cpp
                0x0000000003802ed0      0x374 build/src/robot-config.o
 .text.vexMain  0x0000000003803244       0xb0 /Applications/VEXcode Pro V5.app/Contents/Resources/sdk/vexv5/libv5rt.a(v5_startup.c.obj)
                0x0000000003803244                vexMain
 .text.__vex_function_prolog
                0x00000000038032f4       0x18 /Applications/VEXcode Pro V5.app/Contents/Resources/sdk/vexv5/libv5rt.a(v5_startup.c.obj)
                0x00000000038032f4                __vex_function_prolog
 .text._init    0x000000000380330c        0x4 /Applications/VEXcode Pro V5.app/Contents/Resources/sdk/vexv5/libv5rt.a(v5_startup.c.obj)
                0x000000000380330c                _init
 .text._fini    0x0000000003803310        0x4 /Applications/VEXcode Pro V5.app/Contents/Resources/sdk/vexv5/libv5rt.a(v5_startup.c.obj)
                0x0000000003803310                _fini
 .text.vexStdlibVersionLinked
                0x0000000003803314        0xc /Applications/VEXcode Pro V5.app/Contents/Resources/sdk/vexv5/libv5rt.a(v5_util.c.obj)
                0x0000000003803314                vexStdlibVersionLinked
 .text.vexStdlibVersionVerify
                0x0000000003803320       0x30 /Applications/VEXcode Pro V5.app/Contents/Resources/sdk/vexv5/libv5rt.a(v5_util.c.obj)
                0x0000000003803320                vexStdlibVersionVerify
 .text.vexPrivateApiEnable
                0x0000000003803350       0x10 /Applications/VEXcode Pro V5.app/Contents/Resources/sdk/vexv5/libv5rt.a(v5_apijump.c.obj)
                0x0000000003803350                vexPrivateApiEnable
 .text.vexStdlibMismatchError
                0x0000000003803360       0x3c /Applications/VEXcode Pro V5.app/Contents/Resources/sdk/vexv5/libv5rt.a(v5_apijump.c.obj)
                0x0000000003803360                vexStdlibMismatchError
 .text.vexTaskAdd
                0x000000000380339c       0x10 /Applications/VEXcode Pro V5.app/Contents/Resources/sdk/vexv5/libv5rt.a(v5_apijump.c.obj)
                0x000000000380339c                vexTaskAdd
 .text.vexTasksRun
                0x00000000038033ac       0x10 /Applications/VEXcode Pro V5.app/Contents/Resources/sdk/vexv5/libv5rt.a(v5_apijump.c.obj)
                0x00000000038033ac                vexTasksRun
 .text.vexTaskYield
                0x00000000038033bc       0x10 /Applications/VEXcode Pro V5.app/Contents/Resources/sdk/vexv5/libv5rt.a(v5_apijump.c.obj)
                0x00000000038033bc                vexTaskYield
 .text.vexTaskCheckTimeslice
                0x00000000038033cc       0x10 /Applications/VEXcode Pro V5.app/Contents/Resources/sdk/vexv5/libv5rt.a(v5_apijump.c.obj)
                0x00000000038033cc                vexTaskCheckTimeslice
 .text.vexTaskSleep
                0x00000000038033dc       0x10 /Applications/VEXcode Pro V5.app/Contents/Resources/sdk/vexv5/libv5rt.a(v5_apijump.c.obj)
                0x00000000038033dc                vexTaskSleep
 .text.vexTasksDump
                0x00000000038033ec       0x1c /Applications/VEXcode Pro V5.app/Contents/Resources/sdk/vexv5/libv5rt.a(v5_apijump.c.obj)
                0x00000000038033ec                vexTasksDump
 .text.vexTaskGetTaskIndex
                0x0000000003803408       0x10 /Applications/VEXcode Pro V5.app/Contents/Resources/sdk/vexv5/libv5rt.a(v5_apijump.c.obj)
                0x0000000003803408                vexTaskGetTaskIndex
 .text.vexTaskStopAll
                0x0000000003803418       0x10 /Applications/VEXcode Pro V5.app/Contents/Resources/sdk/vexv5/libv5rt.a(v5_apijump.c.obj)
                0x0000000003803418                vexTaskStopAll
 .text.vexTaskRemoveAllUser
                0x0000000003803428       0x34 /Applications/VEXcode Pro V5.app/Contents/Resources/sdk/vexv5/libv5rt.a(v5_apijump.c.obj)
                0x0000000003803428                vexTaskRemoveAllUser
 .text.vexTaskCompletionIdSet
                0x000000000380345c       0x10 /Applications/VEXcode Pro V5.app/Contents/Resources/sdk/vexv5/libv5rt.a(v5_apijump.c.obj)
                0x000000000380345c                vexTaskCompletionIdSet
 .text.vexTaskStopWithId
                0x000000000380346c       0x10 /Applications/VEXcode Pro V5.app/Contents/Resources/sdk/vexv5/libv5rt.a(v5_apijump.c.obj)
                0x000000000380346c                vexTaskStopWithId
 .text.vexCriticalSection
                0x000000000380347c       0x2c /Applications/VEXcode Pro V5.app/Contents/Resources/sdk/vexv5/libv5rt.a(v5_apijump.c.obj)
                0x000000000380347c                vexCriticalSection
 .text.vexEventAdd
                0x00000000038034a8       0x34 /Applications/VEXcode Pro V5.app/Contents/Resources/sdk/vexv5/libv5rt.a(v5_apijump.c.obj)
                0x00000000038034a8                vexEventAdd
 .text.vexEventUserIndexGet
                0x00000000038034dc       0x1c /Applications/VEXcode Pro V5.app/Contents/Resources/sdk/vexv5/libv5rt.a(v5_apijump.c.obj)
                0x00000000038034dc                vexEventUserIndexGet
 .text.vexEventAddWithArg
                0x00000000038034f8       0x3c /Applications/VEXcode Pro V5.app/Contents/Resources/sdk/vexv5/libv5rt.a(v5_apijump.c.obj)
                0x00000000038034f8                vexEventAddWithArg
 .text.vexEventsCleanup
                0x0000000003803534       0x2c /Applications/VEXcode Pro V5.app/Contents/Resources/sdk/vexv5/libv5rt.a(v5_apijump.c.obj)
                0x0000000003803534                vexEventsCleanup
 .text.vexDebug
                0x0000000003803560       0x38 /Applications/VEXcode Pro V5.app/Contents/Resources/sdk/vexv5/libv5rt.a(v5_apijump.c.obj)
                0x0000000003803560                vexDebug
 .text.vex_sprintf
                0x0000000003803598       0x40 /Applications/VEXcode Pro V5.app/Contents/Resources/sdk/vexv5/libv5rt.a(v5_apijump.c.obj)
                0x0000000003803598                vex_sprintf
 .text.vex_vsnprintf
                0x00000000038035d8       0x3c /Applications/VEXcode Pro V5.app/Contents/Resources/sdk/vexv5/libv5rt.a(v5_apijump.c.obj)
                0x00000000038035d8                vex_vsnprintf
 .text.vexSystemTimeGet
                0x0000000003803614       0x1c /Applications/VEXcode Pro V5.app/Contents/Resources/sdk/vexv5/libv5rt.a(v5_apijump.c.obj)
                0x0000000003803614                vexSystemTimeGet
 .text.vexSystemExitRequest
                0x0000000003803630       0x1c /Applications/VEXcode Pro V5.app/Contents/Resources/sdk/vexv5/libv5rt.a(v5_apijump.c.obj)
                0x0000000003803630                vexSystemExitRequest
 .text.vexDeviceGetByIndex
                0x000000000380364c       0x24 /Applications/VEXcode Pro V5.app/Contents/Resources/sdk/vexv5/libv5rt.a(v5_apijump.c.obj)
                0x000000000380364c                vexDeviceGetByIndex
 .text.vexControllerGet
                0x0000000003803670       0x2c /Applications/VEXcode Pro V5.app/Contents/Resources/sdk/vexv5/libv5rt.a(v5_apijump.c.obj)
                0x0000000003803670                vexControllerGet
 .text.vexControllerTextSet
                0x000000000380369c       0x74 /Applications/VEXcode Pro V5.app/Contents/Resources/sdk/vexv5/libv5rt.a(v5_apijump.c.obj)
                0x000000000380369c                vexControllerTextSet
 .text.vexDeviceMotorVelocitySet
                0x0000000003803710       0x2c /Applications/VEXcode Pro V5.app/Contents/Resources/sdk/vexv5/libv5rt.a(v5_apijump.c.obj)
                0x0000000003803710                vexDeviceMotorVelocitySet
 .text.vexDeviceMotorActualVelocityGet
                0x000000000380373c       0x24 /Applications/VEXcode Pro V5.app/Contents/Resources/sdk/vexv5/libv5rt.a(v5_apijump.c.obj)
                0x000000000380373c                vexDeviceMotorActualVelocityGet
 .text.vexDeviceMotorCurrentLimitSet
                0x0000000003803760       0x2c /Applications/VEXcode Pro V5.app/Contents/Resources/sdk/vexv5/libv5rt.a(v5_apijump.c.obj)
                0x0000000003803760                vexDeviceMotorCurrentLimitSet
 .text.vexDeviceMotorTemperatureGet
                0x000000000380378c       0x24 /Applications/VEXcode Pro V5.app/Contents/Resources/sdk/vexv5/libv5rt.a(v5_apijump.c.obj)
                0x000000000380378c                vexDeviceMotorTemperatureGet
 .text.vexDeviceMotorReverseFlagSet
                0x00000000038037b0       0x2c /Applications/VEXcode Pro V5.app/Contents/Resources/sdk/vexv5/libv5rt.a(v5_apijump.c.obj)
                0x00000000038037b0                vexDeviceMotorReverseFlagSet
 .text.vexDeviceMotorEncoderUnitsSet
                0x00000000038037dc       0x2c /Applications/VEXcode Pro V5.app/Contents/Resources/sdk/vexv5/libv5rt.a(v5_apijump.c.obj)
                0x00000000038037dc                vexDeviceMotorEncoderUnitsSet
 .text.vexDeviceMotorBrakeModeSet
                0x0000000003803808       0x2c /Applications/VEXcode Pro V5.app/Contents/Resources/sdk/vexv5/libv5rt.a(v5_apijump.c.obj)
                0x0000000003803808                vexDeviceMotorBrakeModeSet
 .text.vexDeviceMotorPositionSet
                0x0000000003803834       0x34 /Applications/VEXcode Pro V5.app/Contents/Resources/sdk/vexv5/libv5rt.a(v5_apijump.c.obj)
                0x0000000003803834                vexDeviceMotorPositionSet
 .text.vexDeviceMotorPositionGet
                0x0000000003803868       0x24 /Applications/VEXcode Pro V5.app/Contents/Resources/sdk/vexv5/libv5rt.a(v5_apijump.c.obj)
                0x0000000003803868                vexDeviceMotorPositionGet
 .text.vexDeviceMotorGearingSet
                0x000000000380388c       0x2c /Applications/VEXcode Pro V5.app/Contents/Resources/sdk/vexv5/libv5rt.a(v5_apijump.c.obj)
                0x000000000380388c                vexDeviceMotorGearingSet
 .text.vexDeviceMotorGearingGet
                0x00000000038038b8       0x24 /Applications/VEXcode Pro V5.app/Contents/Resources/sdk/vexv5/libv5rt.a(v5_apijump.c.obj)
                0x00000000038038b8                vexDeviceMotorGearingGet
 .text.vexDeviceImuReset
                0x00000000038038dc       0x24 /Applications/VEXcode Pro V5.app/Contents/Resources/sdk/vexv5/libv5rt.a(v5_apijump.c.obj)
                0x00000000038038dc                vexDeviceImuReset
 .text.vexDeviceImuHeadingGet
                0x0000000003803900       0x24 /Applications/VEXcode Pro V5.app/Contents/Resources/sdk/vexv5/libv5rt.a(v5_apijump.c.obj)
                0x0000000003803900                vexDeviceImuHeadingGet
 .text.vexDeviceImuDegreesGet
                0x0000000003803924       0x24 /Applications/VEXcode Pro V5.app/Contents/Resources/sdk/vexv5/libv5rt.a(v5_apijump.c.obj)
                0x0000000003803924                vexDeviceImuDegreesGet
 .text.vexDeviceImuStatusGet
                0x0000000003803948       0x24 /Applications/VEXcode Pro V5.app/Contents/Resources/sdk/vexv5/libv5rt.a(v5_apijump.c.obj)
                0x0000000003803948                vexDeviceImuStatusGet
 .text.vexDeviceAbsEncAngleGet
                0x000000000380396c       0x24 /Applications/VEXcode Pro V5.app/Contents/Resources/sdk/vexv5/libv5rt.a(v5_apijump.c.obj)
                0x000000000380396c                vexDeviceAbsEncAngleGet
 .text.vexDeviceAbsEncReverseFlagSet
                0x0000000003803990       0x2c /Applications/VEXcode Pro V5.app/Contents/Resources/sdk/vexv5/libv5rt.a(v5_apijump.c.obj)
                0x0000000003803990                vexDeviceAbsEncReverseFlagSet
 .text.vexDisplayForegroundColor
                0x00000000038039bc       0x24 /Applications/VEXcode Pro V5.app/Contents/Resources/sdk/vexv5/libv5rt.a(v5_apijump.c.obj)
                0x00000000038039bc                vexDisplayForegroundColor
 .text.vexDisplayBackgroundColor
                0x00000000038039e0       0x24 /Applications/VEXcode Pro V5.app/Contents/Resources/sdk/vexv5/libv5rt.a(v5_apijump.c.obj)
                0x00000000038039e0                vexDisplayBackgroundColor
 .text.vexDisplayBackgroundColorGet
                0x0000000003803a04       0x1c /Applications/VEXcode Pro V5.app/Contents/Resources/sdk/vexv5/libv5rt.a(v5_apijump.c.obj)
                0x0000000003803a04                vexDisplayBackgroundColorGet
 .text.vexDisplayRectClear
                0x0000000003803a20       0x4c /Applications/VEXcode Pro V5.app/Contents/Resources/sdk/vexv5/libv5rt.a(v5_apijump.c.obj)
                0x0000000003803a20                vexDisplayRectClear
 .text.vexDisplayPrintf
                0x0000000003803a6c       0x68 /Applications/VEXcode Pro V5.app/Contents/Resources/sdk/vexv5/libv5rt.a(v5_apijump.c.obj)
                0x0000000003803a6c                vexDisplayPrintf
 .text.vexDisplayTextReference
                0x0000000003803ad4       0x24 /Applications/VEXcode Pro V5.app/Contents/Resources/sdk/vexv5/libv5rt.a(v5_apijump.c.obj)
                0x0000000003803ad4                vexDisplayTextReference
 .text.vexDisplayTextSize
                0x0000000003803af8       0x2c /Applications/VEXcode Pro V5.app/Contents/Resources/sdk/vexv5/libv5rt.a(v5_apijump.c.obj)
                0x0000000003803af8                vexDisplayTextSize
 .text.vexDisplayFontNamedSet
                0x0000000003803b24       0x24 /Applications/VEXcode Pro V5.app/Contents/Resources/sdk/vexv5/libv5rt.a(v5_apijump.c.obj)
                0x0000000003803b24                vexDisplayFontNamedSet
 .text.vexDisplayStringWidthGet
                0x0000000003803b48       0x24 /Applications/VEXcode Pro V5.app/Contents/Resources/sdk/vexv5/libv5rt.a(v5_apijump.c.obj)
                0x0000000003803b48                vexDisplayStringWidthGet
 .text.vexSystemStdlibImpureDataAddr
                0x0000000003803b6c       0x28 /Applications/VEXcode Pro V5.app/Contents/Resources/sdk/vexv5/libv5rt.a(v5_apijump.c.obj)
                0x0000000003803b6c                vexSystemStdlibImpureDataAddr
 .text.vexSystemStdlibImpureDataSize
                0x0000000003803b94       0x28 /Applications/VEXcode Pro V5.app/Contents/Resources/sdk/vexv5/libv5rt.a(v5_apijump.c.obj)
                0x0000000003803b94                vexSystemStdlibImpureDataSize
 .text.vexSystemSaveUserData
                0x0000000003803bbc       0x3c /Applications/VEXcode Pro V5.app/Contents/Resources/sdk/vexv5/libv5rt.a(v5_apijump.c.obj)
                0x0000000003803bbc                vexSystemSaveUserData
 .text.vexDisplayThemeIdGet
                0x0000000003803bf8       0x38 /Applications/VEXcode Pro V5.app/Contents/Resources/sdk/vexv5/libv5rt.a(v5_apijump.c.obj)
                0x0000000003803bf8                vexDisplayThemeIdGet
 .text.vexCompetitionStatus
                0x0000000003803c30       0x1c /Applications/VEXcode Pro V5.app/Contents/Resources/sdk/vexv5/libv5rt.a(v5_apijump.c.obj)
                0x0000000003803c30                vexCompetitionStatus
 .text.vexBatteryVoltageGet
                0x0000000003803c4c       0x1c /Applications/VEXcode Pro V5.app/Contents/Resources/sdk/vexv5/libv5rt.a(v5_apijump.c.obj)
                0x0000000003803c4c                vexBatteryVoltageGet
 .text.vexDeviceEventMaskSet
                0x0000000003803c68       0x48 /Applications/VEXcode Pro V5.app/Contents/Resources/sdk/vexv5/libv5rt.a(v5_apijump.c.obj)
                0x0000000003803c68                vexDeviceEventMaskSet
 .text.vexDeviceEventMaskGet
                0x0000000003803cb0       0x3c /Applications/VEXcode Pro V5.app/Contents/Resources/sdk/vexv5/libv5rt.a(v5_apijump.c.obj)
                0x0000000003803cb0                vexDeviceEventMaskGet
 .text.vexSystemVersion
                0x0000000003803cec       0x10 /Applications/VEXcode Pro V5.app/Contents/Resources/sdk/vexv5/libv5rt.a(v5_apiversions.c.obj)
                0x0000000003803cec                vexSystemVersion
 .text.vexStdlibVersion
                0x0000000003803cfc       0x10 /Applications/VEXcode Pro V5.app/Contents/Resources/sdk/vexv5/libv5rt.a(v5_apiversions.c.obj)
                0x0000000003803cfc                vexStdlibVersion
 *fill*         0x0000000003803d0c        0x4 
 .text._ZN3vex4waitEdNS_9timeUnitsE
                0x0000000003803d10       0x30 /Applications/VEXcode Pro V5.app/Contents/Resources/sdk/vexv5/libv5rt.a(vex_global.cpp.obj)
                0x0000000003803d10                vex::wait(double, vex::timeUnits)
 .text._ZN3vex5motorD2Ev
                0x0000000003803d40       0x20 /Applications/VEXcode Pro V5.app/Contents/Resources/sdk/vexv5/libv5rt.a(vex_motor.cpp.obj)
                0x0000000003803d40                vex::motor::~motor()
                0x0000000003803d40                vex::motor::~motor()
 .text._ZN3vex5motorD0Ev
                0x0000000003803d60       0x1c /Applications/VEXcode Pro V5.app/Contents/Resources/sdk/vexv5/libv5rt.a(vex_motor.cpp.obj)
                0x0000000003803d60                vex::motor::~motor()
 .text._ZN3vex5motor9installedEv
                0x0000000003803d7c       0x18 /Applications/VEXcode Pro V5.app/Contents/Resources/sdk/vexv5/libv5rt.a(vex_motor.cpp.obj)
                0x0000000003803d7c                vex::motor::installed()
 .text._ZN3vex5motor15defaultStoppingENS_9brakeTypeE
                0x0000000003803d94       0x30 /Applications/VEXcode Pro V5.app/Contents/Resources/sdk/vexv5/libv5rt.a(vex_motor.cpp.obj)
                0x0000000003803d94                vex::motor::defaultStopping(vex::brakeType)
 .text._ZN3vex5motorC2El
                0x0000000003803dc4       0x78 /Applications/VEXcode Pro V5.app/Contents/Resources/sdk/vexv5/libv5rt.a(vex_motor.cpp.obj)
                0x0000000003803dc4                vex::motor::motor(long)
                0x0000000003803dc4                vex::motor::motor(long)
 .text._ZN3vex5motorC2ElNS_11gearSettingEb
                0x0000000003803e3c       0x34 /Applications/VEXcode Pro V5.app/Contents/Resources/sdk/vexv5/libv5rt.a(vex_motor.cpp.obj)
                0x0000000003803e3c                vex::motor::motor(long, vex::gearSetting, bool)
                0x0000000003803e3c                vex::motor::motor(long, vex::gearSetting, bool)
 .text._ZN3vex5motor4stopENS_9brakeTypeE
                0x0000000003803e70       0x30 /Applications/VEXcode Pro V5.app/Contents/Resources/sdk/vexv5/libv5rt.a(vex_motor.cpp.obj)
                0x0000000003803e70                vex::motor::stop(vex::brakeType)
 .text._ZN3vex5motor12setMaxTorqueEdNS_12percentUnitsE
                0x0000000003803ea0       0x88 /Applications/VEXcode Pro V5.app/Contents/Resources/sdk/vexv5/libv5rt.a(vex_motor.cpp.obj)
                0x0000000003803ea0                vex::motor::setMaxTorque(double, vex::percentUnits)
 .text._ZN3vex5motor11temperatureENS_12percentUnitsE
                0x0000000003803f28       0x68 /Applications/VEXcode Pro V5.app/Contents/Resources/sdk/vexv5/libv5rt.a(vex_motor.cpp.obj)
                0x0000000003803f28                vex::motor::temperature(vex::percentUnits)
 .text._ZN3vex5motor16velocityToScaledEdNS_13velocityUnitsE
                0x0000000003803f90       0x5c /Applications/VEXcode Pro V5.app/Contents/Resources/sdk/vexv5/libv5rt.a(vex_motor.cpp.obj)
                0x0000000003803f90                vex::motor::velocityToScaled(double, vex::velocityUnits)
 .text._ZN3vex5motor8velocityENS_13velocityUnitsE
                0x0000000003803fec       0x30 /Applications/VEXcode Pro V5.app/Contents/Resources/sdk/vexv5/libv5rt.a(vex_motor.cpp.obj)
                0x0000000003803fec                vex::motor::velocity(vex::velocityUnits)
 .text._ZN3vex5motor5valueEv
                0x000000000380401c       0x1c /Applications/VEXcode Pro V5.app/Contents/Resources/sdk/vexv5/libv5rt.a(vex_motor.cpp.obj)
                0x000000000380401c                vex::motor::value()
 .text._ZN3vex5motor16scaledToVelocityEdNS_13velocityUnitsE
                0x0000000003804038       0xa4 /Applications/VEXcode Pro V5.app/Contents/Resources/sdk/vexv5/libv5rt.a(vex_motor.cpp.obj)
                0x0000000003804038                vex::motor::scaledToVelocity(double, vex::velocityUnits)
 .text._ZN3vex5motor4spinENS_13directionTypeEdNS_13velocityUnitsE
                0x00000000038040dc       0x5c /Applications/VEXcode Pro V5.app/Contents/Resources/sdk/vexv5/libv5rt.a(vex_motor.cpp.obj)
                0x00000000038040dc                vex::motor::spin(vex::directionType, double, vex::velocityUnits)
 .text._ZN3vex5motor4spinENS_13directionTypeE
                0x0000000003804138       0x28 /Applications/VEXcode Pro V5.app/Contents/Resources/sdk/vexv5/libv5rt.a(vex_motor.cpp.obj)
                0x0000000003804138                vex::motor::spin(vex::directionType)
 .text._ZN3vex5motor11setVelocityEdNS_13velocityUnitsE
                0x0000000003804160       0x54 /Applications/VEXcode Pro V5.app/Contents/Resources/sdk/vexv5/libv5rt.a(vex_motor.cpp.obj)
                0x0000000003804160                vex::motor::setVelocity(double, vex::velocityUnits)
 .text._ZN3vex5motor16setRotationUnitsENS_13rotationUnitsE
                0x00000000038041b4       0x1c /Applications/VEXcode Pro V5.app/Contents/Resources/sdk/vexv5/libv5rt.a(vex_motor.cpp.obj)
                0x00000000038041b4                vex::motor::setRotationUnits(vex::rotationUnits)
 .text._ZN3vex5motor11setRotationEdNS_13rotationUnitsE
                0x00000000038041d0       0x44 /Applications/VEXcode Pro V5.app/Contents/Resources/sdk/vexv5/libv5rt.a(vex_motor.cpp.obj)
                0x00000000038041d0                vex::motor::setRotation(double, vex::rotationUnits)
 .text._ZN3vex5motor11setPositionEdNS_13rotationUnitsE
                0x0000000003804214        0x4 /Applications/VEXcode Pro V5.app/Contents/Resources/sdk/vexv5/libv5rt.a(vex_motor.cpp.obj)
                0x0000000003804214                vex::motor::setPosition(double, vex::rotationUnits)
 .text._ZN3vex5motor8rotationENS_13rotationUnitsE
                0x0000000003804218       0x44 /Applications/VEXcode Pro V5.app/Contents/Resources/sdk/vexv5/libv5rt.a(vex_motor.cpp.obj)
                0x0000000003804218                vex::motor::rotation(vex::rotationUnits)
 .text._ZN3vex5motor8positionENS_13rotationUnitsE
                0x000000000380425c        0x4 /Applications/VEXcode Pro V5.app/Contents/Resources/sdk/vexv5/libv5rt.a(vex_motor.cpp.obj)
                0x000000000380425c                vex::motor::position(vex::rotationUnits)
 .text._ZN3vex8inertial10setHeadingEdNS_13rotationUnitsE
                0x0000000003804260       0x60 /Applications/VEXcode Pro V5.app/Contents/Resources/sdk/vexv5/libv5rt.a(vex_imu.cpp.obj)
                0x0000000003804260                vex::inertial::setHeading(double, vex::rotationUnits)
 .text._ZThn16_N3vex8inertial10setHeadingEdNS_13rotationUnitsE
                0x00000000038042c0        0x8 /Applications/VEXcode Pro V5.app/Contents/Resources/sdk/vexv5/libv5rt.a(vex_imu.cpp.obj)
                0x00000000038042c0                non-virtual thunk to vex::inertial::setHeading(double, vex::rotationUnits)
 .text._ZN3vex8inertial11setRotationEdNS_13rotationUnitsE
                0x00000000038042c8       0x60 /Applications/VEXcode Pro V5.app/Contents/Resources/sdk/vexv5/libv5rt.a(vex_imu.cpp.obj)
                0x00000000038042c8                vex::inertial::setRotation(double, vex::rotationUnits)
 .text._ZThn16_N3vex8inertial11setRotationEdNS_13rotationUnitsE
                0x0000000003804328        0x8 /Applications/VEXcode Pro V5.app/Contents/Resources/sdk/vexv5/libv5rt.a(vex_imu.cpp.obj)
                0x0000000003804328                non-virtual thunk to vex::inertial::setRotation(double, vex::rotationUnits)
 .text._ZN3vex8inertialD2Ev
                0x0000000003804330       0x20 /Applications/VEXcode Pro V5.app/Contents/Resources/sdk/vexv5/libv5rt.a(vex_imu.cpp.obj)
                0x0000000003804330                vex::inertial::~inertial()
                0x0000000003804330                vex::inertial::~inertial()
 .text._ZThn16_N3vex8inertialD1Ev
                0x0000000003804350        0x8 /Applications/VEXcode Pro V5.app/Contents/Resources/sdk/vexv5/libv5rt.a(vex_imu.cpp.obj)
                0x0000000003804350                non-virtual thunk to vex::inertial::~inertial()
 .text._ZN3vex8inertialD0Ev
                0x0000000003804358       0x1c /Applications/VEXcode Pro V5.app/Contents/Resources/sdk/vexv5/libv5rt.a(vex_imu.cpp.obj)
                0x0000000003804358                vex::inertial::~inertial()
 .text._ZThn16_N3vex8inertialD0Ev
                0x0000000003804374        0x8 /Applications/VEXcode Pro V5.app/Contents/Resources/sdk/vexv5/libv5rt.a(vex_imu.cpp.obj)
                0x0000000003804374                non-virtual thunk to vex::inertial::~inertial()
 .text._ZN3vex8inertial9installedEv
                0x000000000380437c       0x18 /Applications/VEXcode Pro V5.app/Contents/Resources/sdk/vexv5/libv5rt.a(vex_imu.cpp.obj)
                0x000000000380437c                vex::inertial::installed()
 .text._ZN3vex8inertial5angleENS_13rotationUnitsE
                0x0000000003804394       0x60 /Applications/VEXcode Pro V5.app/Contents/Resources/sdk/vexv5/libv5rt.a(vex_imu.cpp.obj)
                0x0000000003804394                vex::inertial::angle(vex::rotationUnits)
 .text._ZThn16_N3vex8inertial5angleENS_13rotationUnitsE
                0x00000000038043f4        0x8 /Applications/VEXcode Pro V5.app/Contents/Resources/sdk/vexv5/libv5rt.a(vex_imu.cpp.obj)
                0x00000000038043f4                non-virtual thunk to vex::inertial::angle(vex::rotationUnits)
 .text._ZN3vex8inertial7headingENS_13rotationUnitsE
                0x00000000038043fc        0x4 /Applications/VEXcode Pro V5.app/Contents/Resources/sdk/vexv5/libv5rt.a(vex_imu.cpp.obj)
                0x00000000038043fc                vex::inertial::heading(vex::rotationUnits)
 .text._ZThn16_N3vex8inertial7headingENS_13rotationUnitsE
                0x0000000003804400        0x8 /Applications/VEXcode Pro V5.app/Contents/Resources/sdk/vexv5/libv5rt.a(vex_imu.cpp.obj)
                0x0000000003804400                non-virtual thunk to vex::inertial::heading(vex::rotationUnits)
 .text._ZN3vex8inertial5valueEv
                0x0000000003804408       0x1c /Applications/VEXcode Pro V5.app/Contents/Resources/sdk/vexv5/libv5rt.a(vex_imu.cpp.obj)
                0x0000000003804408                vex::inertial::value()
 *fill*         0x0000000003804424        0x4 
 .text._ZN3vex8inertial8rotationENS_13rotationUnitsE
                0x0000000003804428       0x40 /Applications/VEXcode Pro V5.app/Contents/Resources/sdk/vexv5/libv5rt.a(vex_imu.cpp.obj)
                0x0000000003804428                vex::inertial::rotation(vex::rotationUnits)
 .text._ZThn16_N3vex8inertial8rotationENS_13rotationUnitsE
                0x0000000003804468        0x8 /Applications/VEXcode Pro V5.app/Contents/Resources/sdk/vexv5/libv5rt.a(vex_imu.cpp.obj)
                0x0000000003804468                non-virtual thunk to vex::inertial::rotation(vex::rotationUnits)
 .text._ZN3vex8inertial13isCalibratingEv
                0x0000000003804470       0x38 /Applications/VEXcode Pro V5.app/Contents/Resources/sdk/vexv5/libv5rt.a(vex_imu.cpp.obj)
                0x0000000003804470                vex::inertial::isCalibrating()
 .text._ZThn16_N3vex8inertial13isCalibratingEv
                0x00000000038044a8        0x8 /Applications/VEXcode Pro V5.app/Contents/Resources/sdk/vexv5/libv5rt.a(vex_imu.cpp.obj)
                0x00000000038044a8                non-virtual thunk to vex::inertial::isCalibrating()
 .text._ZN3vex8inertialC2El
                0x00000000038044b0       0x48 /Applications/VEXcode Pro V5.app/Contents/Resources/sdk/vexv5/libv5rt.a(vex_imu.cpp.obj)
                0x00000000038044b0                vex::inertial::inertial(long)
                0x00000000038044b0                vex::inertial::inertial(long)
 .text._ZN3vex8inertial16startCalibrationEl
                0x00000000038044f8       0x20 /Applications/VEXcode Pro V5.app/Contents/Resources/sdk/vexv5/libv5rt.a(vex_imu.cpp.obj)
                0x00000000038044f8                vex::inertial::startCalibration(long)
 .text._ZN3vex8inertial9calibrateEl
                0x0000000003804518        0xc /Applications/VEXcode Pro V5.app/Contents/Resources/sdk/vexv5/libv5rt.a(vex_imu.cpp.obj)
                0x0000000003804518                vex::inertial::calibrate(long)
                0x000000000380451c                non-virtual thunk to vex::inertial::calibrate(long)
 .text._ZN3vex8rotationD2Ev
                0x0000000003804524       0x20 /Applications/VEXcode Pro V5.app/Contents/Resources/sdk/vexv5/libv5rt.a(vex_rotation.cpp.obj)
                0x0000000003804524                vex::rotation::~rotation()
                0x0000000003804524                vex::rotation::~rotation()
 .text._ZN3vex8rotationD0Ev
                0x0000000003804544       0x1c /Applications/VEXcode Pro V5.app/Contents/Resources/sdk/vexv5/libv5rt.a(vex_rotation.cpp.obj)
                0x0000000003804544                vex::rotation::~rotation()
 .text._ZN3vex8rotation9installedEv
                0x0000000003804560       0x18 /Applications/VEXcode Pro V5.app/Contents/Resources/sdk/vexv5/libv5rt.a(vex_rotation.cpp.obj)
                0x0000000003804560                vex::rotation::installed()
 .text._ZN3vex8rotation5valueEv
                0x0000000003804578        0x8 /Applications/VEXcode Pro V5.app/Contents/Resources/sdk/vexv5/libv5rt.a(vex_rotation.cpp.obj)
                0x0000000003804578                vex::rotation::value()
 .text._ZN3vex8rotationC2Elb
                0x0000000003804580       0x30 /Applications/VEXcode Pro V5.app/Contents/Resources/sdk/vexv5/libv5rt.a(vex_rotation.cpp.obj)
                0x0000000003804580                vex::rotation::rotation(long, bool)
                0x0000000003804580                vex::rotation::rotation(long, bool)
 .text._ZN3vex8rotation5angleENS_13rotationUnitsE
                0x00000000038045b0       0x50 /Applications/VEXcode Pro V5.app/Contents/Resources/sdk/vexv5/libv5rt.a(vex_rotation.cpp.obj)
                0x00000000038045b0                vex::rotation::angle(vex::rotationUnits)
 .text._ZN3vex10controllerD2Ev
                0x0000000003804600        0x4 /Applications/VEXcode Pro V5.app/Contents/Resources/sdk/vexv5/libv5rt.a(vex_controller.cpp.obj)
                0x0000000003804600                vex::controller::~controller()
                0x0000000003804600                vex::controller::~controller()
 .text._ZN3vex10controller5valueE19_V5_ControllerIndex
                0x0000000003804604        0x8 /Applications/VEXcode Pro V5.app/Contents/Resources/sdk/vexv5/libv5rt.a(vex_controller.cpp.obj)
                0x0000000003804604                vex::controller::value(_V5_ControllerIndex)
 .text._ZN3vex10controller6button8pressingEv
                0x000000000380460c       0xc8 /Applications/VEXcode Pro V5.app/Contents/Resources/sdk/vexv5/libv5rt.a(vex_controller.cpp.obj)
                0x000000000380460c                vex::controller::button::pressing()
 .text._ZN3vex10controller6button21_buttonToPressedEventEv
                0x00000000038046d4       0x20 /Applications/VEXcode Pro V5.app/Contents/Resources/sdk/vexv5/libv5rt.a(vex_controller.cpp.obj)
                0x00000000038046d4                vex::controller::button::_buttonToPressedEvent()
 .text._ZN3vex10controller6button22_buttonToReleasedEventEv
                0x00000000038046f4       0x20 /Applications/VEXcode Pro V5.app/Contents/Resources/sdk/vexv5/libv5rt.a(vex_controller.cpp.obj)
                0x00000000038046f4                vex::controller::button::_buttonToReleasedEvent()
 .text._ZN3vex10controller6buttonC2ENS0_11tButtonTypeEPS0_
                0x0000000003804714       0x48 /Applications/VEXcode Pro V5.app/Contents/Resources/sdk/vexv5/libv5rt.a(vex_controller.cpp.obj)
                0x0000000003804714                vex::controller::button::button(vex::controller::tButtonType, vex::controller*)
                0x0000000003804714                vex::controller::button::button(vex::controller::tButtonType, vex::controller*)
 .text._ZN3vex10controller4axis5valueEv
                0x000000000380475c       0x58 /Applications/VEXcode Pro V5.app/Contents/Resources/sdk/vexv5/libv5rt.a(vex_controller.cpp.obj)
                0x000000000380475c                vex::controller::axis::value()
 .text._ZN3vex10controller4axis8positionENS_12percentUnitsE
                0x00000000038047b4       0x1c /Applications/VEXcode Pro V5.app/Contents/Resources/sdk/vexv5/libv5rt.a(vex_controller.cpp.obj)
                0x00000000038047b4                vex::controller::axis::position(vex::percentUnits)
 .text._ZN3vex10controller4axis23_joystickToChangedEventEv
                0x00000000038047d0       0x20 /Applications/VEXcode Pro V5.app/Contents/Resources/sdk/vexv5/libv5rt.a(vex_controller.cpp.obj)
                0x00000000038047d0                vex::controller::axis::_joystickToChangedEvent()
 .text._ZN3vex10controller4axisC2ENS0_9tAxisTypeEPS0_
                0x00000000038047f0       0x2c /Applications/VEXcode Pro V5.app/Contents/Resources/sdk/vexv5/libv5rt.a(vex_controller.cpp.obj)
                0x00000000038047f0                vex::controller::axis::axis(vex::controller::tAxisType, vex::controller*)
                0x00000000038047f0                vex::controller::axis::axis(vex::controller::tAxisType, vex::controller*)
 .text._ZN3vex10controllerC2ENS_14controllerTypeE
                0x000000000380481c      0x204 /Applications/VEXcode Pro V5.app/Contents/Resources/sdk/vexv5/libv5rt.a(vex_controller.cpp.obj)
                0x000000000380481c                vex::controller::controller(vex::controllerType)
                0x000000000380481c                vex::controller::controller(vex::controllerType)
 .text._ZN3vex10controller3lcd15getControllerIdEv
                0x0000000003804a20       0x10 /Applications/VEXcode Pro V5.app/Contents/Resources/sdk/vexv5/libv5rt.a(vex_controller.cpp.obj)
                0x0000000003804a20                vex::controller::lcd::getControllerId()
 .text._ZN3vex10controller3lcd9setCursorEll
                0x0000000003804a30       0x40 /Applications/VEXcode Pro V5.app/Contents/Resources/sdk/vexv5/libv5rt.a(vex_controller.cpp.obj)
                0x0000000003804a30                vex::controller::lcd::setCursor(long, long)
 .text._ZN3vex10controller3lcd5printEPKcz
                0x0000000003804a70       0x80 /Applications/VEXcode Pro V5.app/Contents/Resources/sdk/vexv5/libv5rt.a(vex_controller.cpp.obj)
                0x0000000003804a70                vex::controller::lcd::print(char const*, ...)
 .text._ZN3vex10controller3lcd9clearLineEi
                0x0000000003804af0       0x80 /Applications/VEXcode Pro V5.app/Contents/Resources/sdk/vexv5/libv5rt.a(vex_controller.cpp.obj)
                0x0000000003804af0                vex::controller::lcd::clearLine(int)
 .text._ZN3vex10controller3lcd11clearScreenEv
                0x0000000003804b70       0x5c /Applications/VEXcode Pro V5.app/Contents/Resources/sdk/vexv5/libv5rt.a(vex_controller.cpp.obj)
                0x0000000003804b70                vex::controller::lcd::clearScreen()
 .text._ZN3vex10controller3lcd7newLineEv
                0x0000000003804bcc       0x20 /Applications/VEXcode Pro V5.app/Contents/Resources/sdk/vexv5/libv5rt.a(vex_controller.cpp.obj)
                0x0000000003804bcc                vex::controller::lcd::newLine()
 .text._ZN3vex4taskC2EPFivE
                0x0000000003804bec       0x5c /Applications/VEXcode Pro V5.app/Contents/Resources/sdk/vexv5/libv5rt.a(vex_task.cpp.obj)
                0x0000000003804bec                vex::task::task(int (*)())
                0x0000000003804bec                vex::task::task(int (*)())
 .text._ZN3vex4taskD2Ev
                0x0000000003804c48        0x4 /Applications/VEXcode Pro V5.app/Contents/Resources/sdk/vexv5/libv5rt.a(vex_task.cpp.obj)
                0x0000000003804c48                vex::task::~task()
                0x0000000003804c48                vex::task::~task()
 .text._ZN3vex4task4stopERKS0_
                0x0000000003804c4c       0x18 /Applications/VEXcode Pro V5.app/Contents/Resources/sdk/vexv5/libv5rt.a(vex_task.cpp.obj)
                0x0000000003804c4c                vex::task::stop(vex::task const&)
 .text._ZN3vex4task4stopEv
                0x0000000003804c64       0x18 /Applications/VEXcode Pro V5.app/Contents/Resources/sdk/vexv5/libv5rt.a(vex_task.cpp.obj)
                0x0000000003804c64                vex::task::stop()
 .text._ZN3vex4task6_indexEPFivE
                0x0000000003804c7c       0x14 /Applications/VEXcode Pro V5.app/Contents/Resources/sdk/vexv5/libv5rt.a(vex_task.cpp.obj)
                0x0000000003804c7c                vex::task::_index(int (*)())
 .text._ZN3vex4task8_stopAllEv
                0x0000000003804c90       0x3c /Applications/VEXcode Pro V5.app/Contents/Resources/sdk/vexv5/libv5rt.a(vex_task.cpp.obj)
                0x0000000003804c90                vex::task::_stopAll()
 .text._ZN3vex11this_thread9sleep_forEm
                0x0000000003804ccc        0x4 /Applications/VEXcode Pro V5.app/Contents/Resources/sdk/vexv5/libv5rt.a(vex_thread.cpp.obj)
                0x0000000003804ccc                vex::this_thread::sleep_for(unsigned long)
 .text._ZN3vex5event4initEmmPFvvE
                0x0000000003804cd0        0x4 /Applications/VEXcode Pro V5.app/Contents/Resources/sdk/vexv5/libv5rt.a(vex_event.cpp.obj)
                0x0000000003804cd0                vex::event::init(unsigned long, unsigned long, void (*)())
 .text._ZN3vex5event4initEmmPFvPvES1_
                0x0000000003804cd4        0x4 /Applications/VEXcode Pro V5.app/Contents/Resources/sdk/vexv5/libv5rt.a(vex_event.cpp.obj)
                0x0000000003804cd4                vex::event::init(unsigned long, unsigned long, void (*)(void*), void*)
 .text._ZN3vex5event9userindexEv
                0x0000000003804cd8        0x4 /Applications/VEXcode Pro V5.app/Contents/Resources/sdk/vexv5/libv5rt.a(vex_event.cpp.obj)
                0x0000000003804cd8                vex::event::userindex()
 .text._ZZN3vex6meventC4EmmENUlvE_4_FUNEv
                0x0000000003804cdc        0x4 /Applications/VEXcode Pro V5.app/Contents/Resources/sdk/vexv5/libv5rt.a(vex_mevent.cpp.obj)
 .text._ZN3vex6meventC2Emm
                0x0000000003804ce0       0x70 /Applications/VEXcode Pro V5.app/Contents/Resources/sdk/vexv5/libv5rt.a(vex_mevent.cpp.obj)
                0x0000000003804ce0                vex::mevent::mevent(unsigned long, unsigned long)
                0x0000000003804ce0                vex::mevent::mevent(unsigned long, unsigned long)
 .text._ZN3vex5brain9_getIndexEv
                0x0000000003804d50       0x10 /Applications/VEXcode Pro V5.app/Contents/Resources/sdk/vexv5/libv5rt.a(vex_brain.cpp.obj)
                0x0000000003804d50                vex::brain::_getIndex()
 .text._ZN3vex5brain3lcd9setCursorEll
                0x0000000003804d60       0x44 /Applications/VEXcode Pro V5.app/Contents/Resources/sdk/vexv5/libv5rt.a(vex_brain.cpp.obj)
                0x0000000003804d60                vex::brain::lcd::setCursor(long, long)
 .text._ZN3vex5brain3lcd7setFontENS_8fontTypeE
                0x0000000003804da4      0x23c /Applications/VEXcode Pro V5.app/Contents/Resources/sdk/vexv5/libv5rt.a(vex_brain.cpp.obj)
                0x0000000003804da4                vex::brain::lcd::setFont(vex::fontType)
 .text._ZN3vex5brain3lcdC2Ev
                0x0000000003804fe0       0x94 /Applications/VEXcode Pro V5.app/Contents/Resources/sdk/vexv5/libv5rt.a(vex_brain.cpp.obj)
                0x0000000003804fe0                vex::brain::lcd::lcd()
                0x0000000003804fe0                vex::brain::lcd::lcd()
 .text._ZN3vex5brainC2Ev
                0x0000000003805074       0x38 /Applications/VEXcode Pro V5.app/Contents/Resources/sdk/vexv5/libv5rt.a(vex_brain.cpp.obj)
                0x0000000003805074                vex::brain::brain()
                0x0000000003805074                vex::brain::brain()
 .text._ZN3vex5brain3lcd12_clearScreenEm
                0x00000000038050ac       0x38 /Applications/VEXcode Pro V5.app/Contents/Resources/sdk/vexv5/libv5rt.a(vex_brain.cpp.obj)
                0x00000000038050ac                vex::brain::lcd::_clearScreen(unsigned long)
 .text._ZN3vex5brain3lcd11clearScreenERKNS_5colorE
                0x00000000038050e4       0x20 /Applications/VEXcode Pro V5.app/Contents/Resources/sdk/vexv5/libv5rt.a(vex_brain.cpp.obj)
                0x00000000038050e4                vex::brain::lcd::clearScreen(vex::color const&)
 .text._ZN3vex5brain3lcd11clearScreenEv
                0x0000000003805104       0x2c /Applications/VEXcode Pro V5.app/Contents/Resources/sdk/vexv5/libv5rt.a(vex_brain.cpp.obj)
                0x0000000003805104                vex::brain::lcd::clearScreen()
 .text._ZN3vex5brain3lcd10rowToPixelEl
                0x0000000003805130       0x34 /Applications/VEXcode Pro V5.app/Contents/Resources/sdk/vexv5/libv5rt.a(vex_brain.cpp.obj)
                0x0000000003805130                vex::brain::lcd::rowToPixel(long)
 .text._ZN3vex5brain3lcd10colToPixelEl
                0x0000000003805164       0x1c /Applications/VEXcode Pro V5.app/Contents/Resources/sdk/vexv5/libv5rt.a(vex_brain.cpp.obj)
                0x0000000003805164                vex::brain::lcd::colToPixel(long)
 .text._ZN3vex5brain3lcd5printEPKcz
                0x0000000003805180       0xa0 /Applications/VEXcode Pro V5.app/Contents/Resources/sdk/vexv5/libv5rt.a(vex_brain.cpp.obj)
                0x0000000003805180                vex::brain::lcd::print(char const*, ...)
 .text._ZN3vex5brain7battery7voltageENS_12voltageUnitsE
                0x0000000003805220       0x30 /Applications/VEXcode Pro V5.app/Contents/Resources/sdk/vexv5/libv5rt.a(vex_brain.cpp.obj)
                0x0000000003805220                vex::brain::battery::voltage(vex::voltageUnits)
 .text._ZN3vex5brainD2Ev
                0x0000000003805250       0x20 /Applications/VEXcode Pro V5.app/Contents/Resources/sdk/vexv5/libv5rt.a(vex_brain.cpp.obj)
                0x0000000003805250                vex::brain::~brain()
                0x0000000003805250                vex::brain::~brain()
 .text._ZN3vex11competition11_autonomousEv
                0x0000000003805270       0x90 /Applications/VEXcode Pro V5.app/Contents/Resources/sdk/vexv5/libv5rt.a(vex_competition.cpp.obj)
                0x0000000003805270                vex::competition::_autonomous()
 .text._ZN3vex11competition14_drivercontrolEv
                0x0000000003805300       0x90 /Applications/VEXcode Pro V5.app/Contents/Resources/sdk/vexv5/libv5rt.a(vex_competition.cpp.obj)
                0x0000000003805300                vex::competition::_drivercontrol()
 .text._ZN3vex11competition8_disableEPv
                0x0000000003805390       0xc8 /Applications/VEXcode Pro V5.app/Contents/Resources/sdk/vexv5/libv5rt.a(vex_competition.cpp.obj)
                0x0000000003805390                vex::competition::_disable(void*)
 .text._ZN3vex11competitionC2Ev
                0x0000000003805458      0x13c /Applications/VEXcode Pro V5.app/Contents/Resources/sdk/vexv5/libv5rt.a(vex_competition.cpp.obj)
                0x0000000003805458                vex::competition::competition()
                0x0000000003805458                vex::competition::competition()
 .text._ZN3vex11competitionD2Ev
                0x0000000003805594        0x4 /Applications/VEXcode Pro V5.app/Contents/Resources/sdk/vexv5/libv5rt.a(vex_competition.cpp.obj)
                0x0000000003805594                vex::competition::~competition()
                0x0000000003805594                vex::competition::~competition()
 .text._ZN3vex11competition10autonomousEPFvvE
                0x0000000003805598       0x44 /Applications/VEXcode Pro V5.app/Contents/Resources/sdk/vexv5/libv5rt.a(vex_competition.cpp.obj)
                0x0000000003805598                vex::competition::autonomous(void (*)())
 .text._ZN3vex11competition15isDriverControlEv
                0x00000000038055dc       0x14 /Applications/VEXcode Pro V5.app/Contents/Resources/sdk/vexv5/libv5rt.a(vex_competition.cpp.obj)
                0x00000000038055dc                vex::competition::isDriverControl()
 .text._ZN3vex11competition12isAutonomousEv
                0x00000000038055f0       0x14 /Applications/VEXcode Pro V5.app/Contents/Resources/sdk/vexv5/libv5rt.a(vex_competition.cpp.obj)
                0x00000000038055f0                vex::competition::isAutonomous()
 .text._ZN3vex11competition10test_autonEv
                0x0000000003805604        0x4 /Applications/VEXcode Pro V5.app/Contents/Resources/sdk/vexv5/libv5rt.a(vex_competition.cpp.obj)
                0x0000000003805604                vex::competition::test_auton()
 .text._ZN3vex7triportD2Ev
                0x0000000003805608       0x38 /Applications/VEXcode Pro V5.app/Contents/Resources/sdk/vexv5/libv5rt.a(vex_triport.cpp.obj)
                0x0000000003805608                vex::triport::~triport()
                0x0000000003805608                vex::triport::~triport()
 .text._ZN3vex7triportD0Ev
                0x0000000003805640       0x1c /Applications/VEXcode Pro V5.app/Contents/Resources/sdk/vexv5/libv5rt.a(vex_triport.cpp.obj)
                0x0000000003805640                vex::triport::~triport()
 .text._ZN3vex7triport9installedEv
                0x000000000380565c       0x18 /Applications/VEXcode Pro V5.app/Contents/Resources/sdk/vexv5/libv5rt.a(vex_triport.cpp.obj)
                0x000000000380565c                vex::triport::installed()
 .text._ZN3vex7triport4portC2ElPS0_
                0x0000000003805674       0x74 /Applications/VEXcode Pro V5.app/Contents/Resources/sdk/vexv5/libv5rt.a(vex_triport.cpp.obj)
                0x0000000003805674                vex::triport::port::port(long, vex::triport*)
                0x0000000003805674                vex::triport::port::port(long, vex::triport*)
 .text._ZN3vex7triportC2El
                0x00000000038056e8       0xf0 /Applications/VEXcode Pro V5.app/Contents/Resources/sdk/vexv5/libv5rt.a(vex_triport.cpp.obj)
                0x00000000038056e8                vex::triport::triport(long)
                0x00000000038056e8                vex::triport::triport(long)
 .text.startup._GLOBAL__sub_I__ZN3vex7triportC2El
                0x00000000038057d8       0x30 /Applications/VEXcode Pro V5.app/Contents/Resources/sdk/vexv5/libv5rt.a(vex_triport.cpp.obj)
 .text._ZN3vex5colorD2Ev
                0x0000000003805808        0x4 /Applications/VEXcode Pro V5.app/Contents/Resources/sdk/vexv5/libv5rt.a(vex_color.cpp.obj)
                0x0000000003805808                vex::color::~color()
                0x0000000003805808                vex::color::~color()
 .text._ZNK3vex5colorcvmEv
                0x000000000380580c        0x8 /Applications/VEXcode Pro V5.app/Contents/Resources/sdk/vexv5/libv5rt.a(vex_color.cpp.obj)
                0x000000000380580c                vex::color::operator unsigned long() const
 .text.startup._GLOBAL__sub_I__ZN3vex5color5blackE
                0x0000000003805814      0x164 /Applications/VEXcode Pro V5.app/Contents/Resources/sdk/vexv5/libv5rt.a(vex_color.cpp.obj)
 .text._ZN3vex5timerD2Ev
                0x0000000003805978        0x4 /Applications/VEXcode Pro V5.app/Contents/Resources/sdk/vexv5/libv5rt.a(vex_timer.cpp.obj)
                0x0000000003805978                vex::timer::~timer()
                0x0000000003805978                vex::timer::~timer()
 .text._ZN3vex5timer5clearEv
                0x000000000380597c       0x1c /Applications/VEXcode Pro V5.app/Contents/Resources/sdk/vexv5/libv5rt.a(vex_timer.cpp.obj)
                0x000000000380597c                vex::timer::clear()
 .text._ZN3vex5timerC2Ev
                0x0000000003805998       0x14 /Applications/VEXcode Pro V5.app/Contents/Resources/sdk/vexv5/libv5rt.a(vex_timer.cpp.obj)
                0x0000000003805998                vex::timer::timer()
                0x0000000003805998                vex::timer::timer()
 .text._ZN3vex5timer5resetEv
                0x00000000038059ac        0x4 /Applications/VEXcode Pro V5.app/Contents/Resources/sdk/vexv5/libv5rt.a(vex_timer.cpp.obj)
                0x00000000038059ac                vex::timer::reset()
 .text._ZNK3vex5timer4timeEv
                0x00000000038059b0       0x1c /Applications/VEXcode Pro V5.app/Contents/Resources/sdk/vexv5/libv5rt.a(vex_timer.cpp.obj)
                0x00000000038059b0                vex::timer::time() const
 .text._ZNK3vex5timercvmEv
                0x00000000038059cc        0x4 /Applications/VEXcode Pro V5.app/Contents/Resources/sdk/vexv5/libv5rt.a(vex_timer.cpp.obj)
                0x00000000038059cc                vex::timer::operator unsigned long() const
 .text._ZNK3vex5timer4timeENS_9timeUnitsE
                0x00000000038059d0       0x40 /Applications/VEXcode Pro V5.app/Contents/Resources/sdk/vexv5/libv5rt.a(vex_timer.cpp.obj)
                0x00000000038059d0                vex::timer::time(vex::timeUnits) const
 .text._ZN3vex11motor_group18motor_group_motorsC2Ev
                0x0000000003805a10       0x28 /Applications/VEXcode Pro V5.app/Contents/Resources/sdk/vexv5/libv5rt.a(vex_motorgroup.cpp.obj)
                0x0000000003805a10                vex::motor_group::motor_group_motors::motor_group_motors()
                0x0000000003805a10                vex::motor_group::motor_group_motors::motor_group_motors()
 .text._ZN3vex11motor_groupC2Ev
                0x0000000003805a38       0x1c /Applications/VEXcode Pro V5.app/Contents/Resources/sdk/vexv5/libv5rt.a(vex_motorgroup.cpp.obj)
                0x0000000003805a38                vex::motor_group::motor_group()
                0x0000000003805a38                vex::motor_group::motor_group()
 .text._ZN3vex11motor_groupD2Ev
                0x0000000003805a54        0x4 /Applications/VEXcode Pro V5.app/Contents/Resources/sdk/vexv5/libv5rt.a(vex_motorgroup.cpp.obj)
                0x0000000003805a54                vex::motor_group::~motor_group()
                0x0000000003805a54                vex::motor_group::~motor_group()
 .text._ZN3vex11motor_group9_addMotorERNS_5motorE
                0x0000000003805a58       0x20 /Applications/VEXcode Pro V5.app/Contents/Resources/sdk/vexv5/libv5rt.a(vex_motorgroup.cpp.obj)
                0x0000000003805a58                vex::motor_group::_addMotor(vex::motor&)
 .text._ZN3vex11motor_group11setVelocityEdNS_13velocityUnitsE
                0x0000000003805a78       0x4c /Applications/VEXcode Pro V5.app/Contents/Resources/sdk/vexv5/libv5rt.a(vex_motorgroup.cpp.obj)
                0x0000000003805a78                vex::motor_group::setVelocity(double, vex::velocityUnits)
 .text._ZN3vex11motor_group11setRotationEdNS_13rotationUnitsE
                0x0000000003805ac4       0x4c /Applications/VEXcode Pro V5.app/Contents/Resources/sdk/vexv5/libv5rt.a(vex_motorgroup.cpp.obj)
                0x0000000003805ac4                vex::motor_group::setRotation(double, vex::rotationUnits)
 .text._ZN3vex11motor_group11setPositionEdNS_13rotationUnitsE
                0x0000000003805b10        0x4 /Applications/VEXcode Pro V5.app/Contents/Resources/sdk/vexv5/libv5rt.a(vex_motorgroup.cpp.obj)
                0x0000000003805b10                vex::motor_group::setPosition(double, vex::rotationUnits)
 .text._ZN3vex11motor_group4spinENS_13directionTypeE
                0x0000000003805b14       0x38 /Applications/VEXcode Pro V5.app/Contents/Resources/sdk/vexv5/libv5rt.a(vex_motorgroup.cpp.obj)
                0x0000000003805b14                vex::motor_group::spin(vex::directionType)
 .text._ZN3vex11motor_group4stopENS_9brakeTypeE
                0x0000000003805b4c       0x38 /Applications/VEXcode Pro V5.app/Contents/Resources/sdk/vexv5/libv5rt.a(vex_motorgroup.cpp.obj)
                0x0000000003805b4c                vex::motor_group::stop(vex::brakeType)
 .text._ZN3vex11motor_group12setMaxTorqueEdNS_12percentUnitsE
                0x0000000003805b84       0x4c /Applications/VEXcode Pro V5.app/Contents/Resources/sdk/vexv5/libv5rt.a(vex_motorgroup.cpp.obj)
                0x0000000003805b84                vex::motor_group::setMaxTorque(double, vex::percentUnits)
 .text.vexMotorVelocitySet
                0x0000000003805bd0       0x20 /Applications/VEXcode Pro V5.app/Contents/Resources/sdk/vexv5/libv5rt.a(v5_apiuser.c.obj)
                0x0000000003805bd0                vexMotorVelocitySet
 .text.vexMotorActualVelocityGet
                0x0000000003805bf0       0x24 /Applications/VEXcode Pro V5.app/Contents/Resources/sdk/vexv5/libv5rt.a(v5_apiuser.c.obj)
                0x0000000003805bf0                vexMotorActualVelocityGet
 .text.vexMotorCurrentLimitSet
                0x0000000003805c14       0x20 /Applications/VEXcode Pro V5.app/Contents/Resources/sdk/vexv5/libv5rt.a(v5_apiuser.c.obj)
                0x0000000003805c14                vexMotorCurrentLimitSet
 .text.vexMotorTemperatureGet
                0x0000000003805c34       0x24 /Applications/VEXcode Pro V5.app/Contents/Resources/sdk/vexv5/libv5rt.a(v5_apiuser.c.obj)
                0x0000000003805c34                vexMotorTemperatureGet
 .text.vexMotorReverseFlagSet
                0x0000000003805c58       0x20 /Applications/VEXcode Pro V5.app/Contents/Resources/sdk/vexv5/libv5rt.a(v5_apiuser.c.obj)
                0x0000000003805c58                vexMotorReverseFlagSet
 .text.vexMotorEncoderUnitsSet
                0x0000000003805c78       0x20 /Applications/VEXcode Pro V5.app/Contents/Resources/sdk/vexv5/libv5rt.a(v5_apiuser.c.obj)
                0x0000000003805c78                vexMotorEncoderUnitsSet
 .text.vexMotorBrakeModeSet
                0x0000000003805c98       0x20 /Applications/VEXcode Pro V5.app/Contents/Resources/sdk/vexv5/libv5rt.a(v5_apiuser.c.obj)
                0x0000000003805c98                vexMotorBrakeModeSet
 .text.vexMotorPositionSet
                0x0000000003805cb8       0x28 /Applications/VEXcode Pro V5.app/Contents/Resources/sdk/vexv5/libv5rt.a(v5_apiuser.c.obj)
                0x0000000003805cb8                vexMotorPositionSet
 .text.vexMotorPositionGet
                0x0000000003805ce0       0x24 /Applications/VEXcode Pro V5.app/Contents/Resources/sdk/vexv5/libv5rt.a(v5_apiuser.c.obj)
                0x0000000003805ce0                vexMotorPositionGet
 .text.vexMotorGearingSet
                0x0000000003805d04       0x20 /Applications/VEXcode Pro V5.app/Contents/Resources/sdk/vexv5/libv5rt.a(v5_apiuser.c.obj)
                0x0000000003805d04                vexMotorGearingSet
 .text.vexMotorGearingGet
                0x0000000003805d24       0x18 /Applications/VEXcode Pro V5.app/Contents/Resources/sdk/vexv5/libv5rt.a(v5_apiuser.c.obj)
                0x0000000003805d24                vexMotorGearingGet
 .text.vexImuReset
                0x0000000003805d3c       0x10 /Applications/VEXcode Pro V5.app/Contents/Resources/sdk/vexv5/libv5rt.a(v5_apiuser.c.obj)
                0x0000000003805d3c                vexImuReset
 .text.vexImuHeadingGet
                0x0000000003805d4c       0x10 /Applications/VEXcode Pro V5.app/Contents/Resources/sdk/vexv5/libv5rt.a(v5_apiuser.c.obj)
                0x0000000003805d4c                vexImuHeadingGet
 .text.vexImuDegreesGet
                0x0000000003805d5c       0x10 /Applications/VEXcode Pro V5.app/Contents/Resources/sdk/vexv5/libv5rt.a(v5_apiuser.c.obj)
                0x0000000003805d5c                vexImuDegreesGet
 .text.vexImuStatusGet
                0x0000000003805d6c       0x10 /Applications/VEXcode Pro V5.app/Contents/Resources/sdk/vexv5/libv5rt.a(v5_apiuser.c.obj)
                0x0000000003805d6c                vexImuStatusGet
 .text.vexAbsEncAngleGet
                0x0000000003805d7c       0x10 /Applications/VEXcode Pro V5.app/Contents/Resources/sdk/vexv5/libv5rt.a(v5_apiuser.c.obj)
                0x0000000003805d7c                vexAbsEncAngleGet
 .text.vexAbsEncReverseFlagSet
                0x0000000003805d8c       0x18 /Applications/VEXcode Pro V5.app/Contents/Resources/sdk/vexv5/libv5rt.a(v5_apiuser.c.obj)
                0x0000000003805d8c                vexAbsEncReverseFlagSet
 .text.vexEventMaskSet
                0x0000000003805da4       0x28 /Applications/VEXcode Pro V5.app/Contents/Resources/sdk/vexv5/libv5rt.a(v5_apiuser.c.obj)
                0x0000000003805da4                vexEventMaskSet
 .text.vexEventMaskGet
                0x0000000003805dcc       0x18 /Applications/VEXcode Pro V5.app/Contents/Resources/sdk/vexv5/libv5rt.a(v5_apiuser.c.obj)
                0x0000000003805dcc                vexEventMaskGet
 .text._ZN3vex6deviceD2Ev
                0x0000000003805de4        0x4 /Applications/VEXcode Pro V5.app/Contents/Resources/sdk/vexv5/libv5rt.a(vex_device.cpp.obj)
                0x0000000003805de4                vex::device::~device()
                0x0000000003805de4                vex::device::~device()
 .text._ZN3vex6device5valueEv
                0x0000000003805de8        0x8 /Applications/VEXcode Pro V5.app/Contents/Resources/sdk/vexv5/libv5rt.a(vex_device.cpp.obj)
                0x0000000003805de8                vex::device::value()
 .text._ZN3vex6deviceD0Ev
                0x0000000003805df0       0x14 /Applications/VEXcode Pro V5.app/Contents/Resources/sdk/vexv5/libv5rt.a(vex_device.cpp.obj)
                0x0000000003805df0                vex::device::~device()
 .text._ZN3vex6device4initEl
                0x0000000003805e04       0x30 /Applications/VEXcode Pro V5.app/Contents/Resources/sdk/vexv5/libv5rt.a(vex_device.cpp.obj)
                0x0000000003805e04                vex::device::init(long)
 .text._ZN3vex6deviceC2El
                0x0000000003805e34       0x20 /Applications/VEXcode Pro V5.app/Contents/Resources/sdk/vexv5/libv5rt.a(vex_device.cpp.obj)
                0x0000000003805e34                vex::device::device(long)
                0x0000000003805e34                vex::device::device(long)
 .text._ZN3vex6device4typeEv
                0x0000000003805e54       0x10 /Applications/VEXcode Pro V5.app/Contents/Resources/sdk/vexv5/libv5rt.a(vex_device.cpp.obj)
                0x0000000003805e54                vex::device::type()
 .text._ZN3vex6device9installedEv
                0x0000000003805e64       0x14 /Applications/VEXcode Pro V5.app/Contents/Resources/sdk/vexv5/libv5rt.a(vex_device.cpp.obj)
                0x0000000003805e64                vex::device::installed()
 .text.__libc_fini_array
                0x0000000003805e78       0x30 /Applications/VEXcode Pro V5.app/Contents/Resources/sdk/vexv5/gcc/libs/libc.a(lib_a-fini.o)
                0x0000000003805e78                __libc_fini_array
 .text.__libc_init_array
                0x0000000003805ea8       0x58 /Applications/VEXcode Pro V5.app/Contents/Resources/sdk/vexv5/gcc/libs/libc.a(lib_a-init.o)
                0x0000000003805ea8                __libc_init_array
 .text.fmax     0x0000000003805f00       0x4c /Applications/VEXcode Pro V5.app/Contents/Resources/sdk/vexv5/gcc/libs/libm.a(lib_a-s_fmax.o)
                0x0000000003805f00                fmax
 .text.fmin     0x0000000003805f4c       0x4c /Applications/VEXcode Pro V5.app/Contents/Resources/sdk/vexv5/gcc/libs/libm.a(lib_a-s_fmin.o)
                0x0000000003805f4c                fmin
 .text.fmin.__stub
                0x0000000003805f98       0x18 linker stubs
 *(.gnu.linkonce.t.*)
 *(.plt)
 *(.gnu_warning)
 *(.gcc_except_table)
 *(.glue_7)
 .glue_7        0x0000000003805fb0        0x0 linker stubs
 *(.glue_7t)
 .glue_7t       0x0000000003805fb0        0x0 linker stubs
 *(.vfp11_veneer)
 .vfp11_veneer  0x0000000003805fb0        0x0 linker stubs
 *(.ARM.extab)
 *(.gnu.linkonce.armextab.*)

.v4_bx          0x0000000003805fb0        0x0
 .v4_bx         0x0000000003805fb0        0x0 linker stubs

.iplt           0x0000000003805fb0        0x0
 .iplt          0x0000000003805fb0        0x0 build/src/main.o

.init
 *(.init)

.fini
 *(.fini)

.rodata         0x0000000003805fb0      0x21c
                0x0000000003805fb0                __rodata_start = .
 *(.rodata)
 *(.rodata.*)
 .rodata.str1.1
                0x0000000003805fb0       0x1d build/src/main.o
 .rodata.str1.1
                0x0000000003805fcd       0x2e build/src/robot-config.o
                                         0x3a (size before relaxing)
 .rodata.str1.1
                0x0000000003805ffb       0x2e /Applications/VEXcode Pro V5.app/Contents/Resources/sdk/vexv5/libv5rt.a(v5_startup.c.obj)
 *fill*         0x0000000003806029        0x3 
 .rodata._ZN3vex3fwdE
                0x000000000380602c        0x4 /Applications/VEXcode Pro V5.app/Contents/Resources/sdk/vexv5/libv5rt.a(vex_global.cpp.obj)
                0x000000000380602c                vex::fwd
 .rodata._ZN3vex5PORT1E
                0x0000000003806030        0x4 /Applications/VEXcode Pro V5.app/Contents/Resources/sdk/vexv5/libv5rt.a(vex_global.cpp.obj)
                0x0000000003806030                vex::PORT1
 .rodata._ZN3vex7reverseE
                0x0000000003806034        0x4 /Applications/VEXcode Pro V5.app/Contents/Resources/sdk/vexv5/libv5rt.a(vex_global.cpp.obj)
                0x0000000003806034                vex::reverse
 .rodata._ZN3vex6PORT10E
                0x0000000003806038        0x4 /Applications/VEXcode Pro V5.app/Contents/Resources/sdk/vexv5/libv5rt.a(vex_global.cpp.obj)
                0x0000000003806038                vex::PORT10
 .rodata._ZN3vex7forwardE
                0x000000000380603c        0x4 /Applications/VEXcode Pro V5.app/Contents/Resources/sdk/vexv5/libv5rt.a(vex_global.cpp.obj)
                0x000000000380603c                vex::forward
 .rodata._ZN3vex4msecE
                0x0000000003806040        0x4 /Applications/VEXcode Pro V5.app/Contents/Resources/sdk/vexv5/libv5rt.a(vex_global.cpp.obj)
                0x0000000003806040                vex::msec
 .rodata._ZN3vex6PORT18E
                0x0000000003806044        0x4 /Applications/VEXcode Pro V5.app/Contents/Resources/sdk/vexv5/libv5rt.a(vex_global.cpp.obj)
                0x0000000003806044                vex::PORT18
 .rodata._ZN3vex5PORT9E
                0x0000000003806048        0x4 /Applications/VEXcode Pro V5.app/Contents/Resources/sdk/vexv5/libv5rt.a(vex_global.cpp.obj)
                0x0000000003806048                vex::PORT9
 .rodata._ZN3vex6PORT21E
                0x000000000380604c        0x4 /Applications/VEXcode Pro V5.app/Contents/Resources/sdk/vexv5/libv5rt.a(vex_global.cpp.obj)
                0x000000000380604c                vex::PORT21
 .rodata._ZN3vex5PORT6E
                0x0000000003806050        0x4 /Applications/VEXcode Pro V5.app/Contents/Resources/sdk/vexv5/libv5rt.a(vex_global.cpp.obj)
                0x0000000003806050                vex::PORT6
 .rodata._ZN3vex7primaryE
                0x0000000003806054        0x4 /Applications/VEXcode Pro V5.app/Contents/Resources/sdk/vexv5/libv5rt.a(vex_global.cpp.obj)
                0x0000000003806054                vex::primary
 .rodata._ZN3vex3degE
                0x0000000003806058        0x4 /Applications/VEXcode Pro V5.app/Contents/Resources/sdk/vexv5/libv5rt.a(vex_global.cpp.obj)
                0x0000000003806058                vex::deg
 .rodata._ZN3vex7percentE
                0x000000000380605c        0x4 /Applications/VEXcode Pro V5.app/Contents/Resources/sdk/vexv5/libv5rt.a(vex_global.cpp.obj)
                0x000000000380605c                vex::percent
 .rodata._ZN3vex6PORT19E
                0x0000000003806060        0x4 /Applications/VEXcode Pro V5.app/Contents/Resources/sdk/vexv5/libv5rt.a(vex_global.cpp.obj)
                0x0000000003806060                vex::PORT19
 .rodata._ZN3vex7degreesE
                0x0000000003806064        0x4 /Applications/VEXcode Pro V5.app/Contents/Resources/sdk/vexv5/libv5rt.a(vex_global.cpp.obj)
                0x0000000003806064                vex::degrees
 .rodata._ZN3vex6PORT22E
                0x0000000003806068        0x4 /Applications/VEXcode Pro V5.app/Contents/Resources/sdk/vexv5/libv5rt.a(vex_global.cpp.obj)
                0x0000000003806068                vex::PORT22
 .rodata._ZN3vex4holdE
                0x000000000380606c        0x4 /Applications/VEXcode Pro V5.app/Contents/Resources/sdk/vexv5/libv5rt.a(vex_global.cpp.obj)
                0x000000000380606c                vex::hold
 .rodata._ZN3vex6PORT12E
                0x0000000003806070        0x4 /Applications/VEXcode Pro V5.app/Contents/Resources/sdk/vexv5/libv5rt.a(vex_global.cpp.obj)
                0x0000000003806070                vex::PORT12
 .rodata._ZN3vex5brakeE
                0x0000000003806074        0x4 /Applications/VEXcode Pro V5.app/Contents/Resources/sdk/vexv5/libv5rt.a(vex_global.cpp.obj)
                0x0000000003806074                vex::brake
 .rodata._ZN3vex5coastE
                0x0000000003806078        0x4 /Applications/VEXcode Pro V5.app/Contents/Resources/sdk/vexv5/libv5rt.a(vex_global.cpp.obj)
                0x0000000003806078                vex::coast
 .rodata._ZN3vex5PORT4E
                0x000000000380607c        0x4 /Applications/VEXcode Pro V5.app/Contents/Resources/sdk/vexv5/libv5rt.a(vex_global.cpp.obj)
                0x000000000380607c                vex::PORT4
 .rodata._ZN3vex5PORT8E
                0x0000000003806080        0x4 /Applications/VEXcode Pro V5.app/Contents/Resources/sdk/vexv5/libv5rt.a(vex_global.cpp.obj)
                0x0000000003806080                vex::PORT8
 .rodata._ZN3vex9ratio18_1E
                0x0000000003806084        0x4 /Applications/VEXcode Pro V5.app/Contents/Resources/sdk/vexv5/libv5rt.a(vex_global.cpp.obj)
                0x0000000003806084                vex::ratio18_1
 .rodata._ZTVN3vex5motorE
                0x0000000003806088       0x18 /Applications/VEXcode Pro V5.app/Contents/Resources/sdk/vexv5/libv5rt.a(vex_motor.cpp.obj)
                0x0000000003806088                vtable for vex::motor
 .rodata._ZTVN3vex8inertialE
                0x00000000038060a0       0x60 /Applications/VEXcode Pro V5.app/Contents/Resources/sdk/vexv5/libv5rt.a(vex_imu.cpp.obj)
                0x00000000038060a0                vtable for vex::inertial
 .rodata._ZTVN3vex8rotationE
                0x0000000003806100       0x18 /Applications/VEXcode Pro V5.app/Contents/Resources/sdk/vexv5/libv5rt.a(vex_rotation.cpp.obj)
                0x0000000003806100                vtable for vex::rotation
 .rodata.str1.1
                0x0000000003806118       0x1f /Applications/VEXcode Pro V5.app/Contents/Resources/sdk/vexv5/libv5rt.a(vex_controller.cpp.obj)
                                         0x20 (size before relaxing)
 .rodata.CSWTCH.16
                0x0000000003806137        0xb /Applications/VEXcode Pro V5.app/Contents/Resources/sdk/vexv5/libv5rt.a(vex_controller.cpp.obj)
 .rodata.CSWTCH.18
                0x0000000003806142        0xb /Applications/VEXcode Pro V5.app/Contents/Resources/sdk/vexv5/libv5rt.a(vex_controller.cpp.obj)
 .rodata.CSWTCH.24
                0x000000000380614d        0x3 /Applications/VEXcode Pro V5.app/Contents/Resources/sdk/vexv5/libv5rt.a(vex_controller.cpp.obj)
 .rodata.str1.1
                0x0000000003806150       0x14 /Applications/VEXcode Pro V5.app/Contents/Resources/sdk/vexv5/libv5rt.a(vex_task.cpp.obj)
 .rodata.str1.1
                0x0000000003806164       0x2d /Applications/VEXcode Pro V5.app/Contents/Resources/sdk/vexv5/libv5rt.a(vex_brain.cpp.obj)
 *fill*         0x0000000003806191        0x7 
 .rodata._ZTVN3vex7triportE
                0x0000000003806198       0x18 /Applications/VEXcode Pro V5.app/Contents/Resources/sdk/vexv5/libv5rt.a(vex_triport.cpp.obj)
                0x0000000003806198                vtable for vex::triport
 .rodata._ZTVN3vex6deviceE
                0x00000000038061b0       0x18 /Applications/VEXcode Pro V5.app/Contents/Resources/sdk/vexv5/libv5rt.a(vex_device.cpp.obj)
                0x00000000038061b0                vtable for vex::device
 .rodata.str1.4
                0x00000000038061c8        0x4 /Applications/VEXcode Pro V5.app/Contents/Resources/sdk/vexv5/gcc/libs/libc.a(lib_a-impure.o)
                                          0x2 (size before relaxing)
 *(.gnu.linkonce.r.*)
                0x00000000038061cc                __rodata_end = .

.rodata1        0x00000000038061cc        0x0
                0x00000000038061cc                __rodata1_start = .
 *(.rodata1)
 *(.rodata1.*)
                0x00000000038061cc                __rodata1_end = .

.sdata2         0x00000000038061cc        0x0
                0x00000000038061cc                __sdata2_start = .
 *(.sdata2)
 *(.sdata2.*)
 *(.gnu.linkonce.s2.*)
                0x00000000038061cc                __sdata2_end = .

.sbss2          0x00000000038061cc        0x0
                0x00000000038061cc                __sbss2_start = .
 *(.sbss2)
 *(.sbss2.*)
 *(.gnu.linkonce.sb2.*)
                0x00000000038061cc                __sbss2_end = .

.data           0x00000000038061d0      0x5bc
                0x00000000038061d0                __data_start = .
 *(.data)
 *(.data.*)
 .data.v_normal
                0x00000000038061d0       0x20 build/src/main.o
                0x00000000038061d0                v_normal
 .data.d_normal
                0x00000000038061f0       0x20 build/src/main.o
                0x00000000038061f0                d_normal
 .data.t_normal
                0x0000000003806210       0x20 build/src/main.o
                0x0000000003806210                t_normal
 .data.dec_normal
                0x0000000003806230       0x20 build/src/main.o
                0x0000000003806230                dec_normal
 .data.v_fast   0x0000000003806250       0x20 build/src/main.o
                0x0000000003806250                v_fast
 .data.d_fast   0x0000000003806270       0x20 build/src/main.o
                0x0000000003806270                d_fast
 .data.t_fast   0x0000000003806290       0x20 build/src/main.o
                0x0000000003806290                t_fast
 .data.dec_fast
                0x00000000038062b0       0x20 build/src/main.o
                0x00000000038062b0                dec_fast
 .data.v_slow   0x00000000038062d0       0x20 build/src/main.o
                0x00000000038062d0                v_slow
 .data.d_slow   0x00000000038062f0       0x20 build/src/main.o
                0x00000000038062f0                d_slow
 .data.t_slow   0x0000000003806310       0x20 build/src/main.o
                0x0000000003806310                t_slow
 .data.dec_slow
                0x0000000003806330       0x20 build/src/main.o
                0x0000000003806330                dec_slow
 .data.isMovingL
                0x0000000003806350        0x1 build/src/robot-config.o
                0x0000000003806350                isMovingL
 .data.isMovingR
                0x0000000003806351        0x1 build/src/robot-config.o
                0x0000000003806351                isMovingR
 .data.lowtorque
                0x0000000003806352        0x1 build/src/robot-config.o
                0x0000000003806352                lowtorque
 *fill*         0x0000000003806353        0x1 
 .data.appRunning
                0x0000000003806354        0x4 /Applications/VEXcode Pro V5.app/Contents/Resources/sdk/vexv5/libv5rt.a(v5_startup.c.obj)
                0x0000000003806354                appRunning
 .data.__yoff   0x0000000003806358        0x4 /Applications/VEXcode Pro V5.app/Contents/Resources/sdk/vexv5/libv5rt.a(v5_apijump.c.obj)
 .data._ZN3vex24__default_motor_velocityE
                0x000000000380635c        0x4 /Applications/VEXcode Pro V5.app/Contents/Resources/sdk/vexv5/libv5rt.a(vex_motor.cpp.obj)
                0x000000000380635c                vex::__default_motor_velocity
 .data.impure_data
                0x0000000003806360      0x428 /Applications/VEXcode Pro V5.app/Contents/Resources/sdk/vexv5/gcc/libs/libc.a(lib_a-impure.o)
 .data._impure_ptr
                0x0000000003806788        0x4 /Applications/VEXcode Pro V5.app/Contents/Resources/sdk/vexv5/gcc/libs/libc.a(lib_a-impure.o)
                0x0000000003806788                _impure_ptr
 *(.gnu.linkonce.d.*)
 *(.jcr)
 *(.got)
 *(.got.plt)
                0x000000000380678c                __data_end = .

.igot.plt       0x000000000380678c        0x0
 .igot.plt      0x000000000380678c        0x0 build/src/main.o

.data1          0x000000000380678c        0x0
                0x000000000380678c                __data1_start = .
 *(.data1)
 *(.data1.*)
                0x000000000380678c                __data1_end = .

.got
 *(.got)

.ctors          0x000000000380678c        0x0
                0x000000000380678c                __CTOR_LIST__ = .
                0x000000000380678c                ___CTORS_LIST___ = .
 *crtbegin.o(.ctors)
 *(EXCLUDE_FILE(*crtend.o) .ctors)
 *(SORT_BY_NAME(.ctors.*))
 *(.ctors)
                0x000000000380678c                __CTOR_END__ = .
                0x000000000380678c                ___CTORS_END___ = .

.dtors          0x000000000380678c        0x0
                0x000000000380678c                __DTOR_LIST__ = .
                0x000000000380678c                ___DTORS_LIST___ = .
 *crtbegin.o(.dtors)
 *(EXCLUDE_FILE(*crtend.o) .dtors)
 *(SORT_BY_NAME(.dtors.*))
 *(.dtors)
                0x000000000380678c                __DTOR_END__ = .
                0x000000000380678c                ___DTORS_END___ = .

.fixup          0x000000000380678c        0x0
                0x000000000380678c                __fixup_start = .
 *(.fixup)
                0x000000000380678c                __fixup_end = .

.eh_frame
 *(.eh_frame)

.eh_framehdr    0x000000000380678c        0x0
                0x000000000380678c                __eh_framehdr_start = .
 *(.eh_framehdr)
                0x000000000380678c                __eh_framehdr_end = .

.gcc_except_table
 *(.gcc_except_table)

.mmu_tbl        0x0000000003808000        0x0
                0x0000000003808000                __mmu_tbl_start = .
 *(.mmu_tbl)
                0x0000000003808000                __mmu_tbl_end = .

.ARM.exidx      0x000000000380678c        0x8
                0x000000000380678c                __exidx_start = .
 *(.ARM.exidx*)
 .ARM.exidx.text._Z10av_Encoderv
                0x000000000380678c        0x8 build/src/main.o
 .ARM.exidx.text._Z6CalYawv
                0x0000000003806794        0x0 build/src/main.o
                                          0x8 (size before relaxing)
 .ARM.exidx.text._Z10set_torquedddd
                0x0000000003806794        0x0 build/src/main.o
                                          0x8 (size before relaxing)
 .ARM.exidx.text._Z5set_Vdddd
                0x0000000003806794        0x0 build/src/main.o
                                          0x8 (size before relaxing)
 .ARM.exidx.text._Z8stop_allN3vex9brakeTypeE
                0x0000000003806794        0x0 build/src/main.o
                                          0x8 (size before relaxing)
 .ARM.exidx.text._Z10basic_turndd
                0x0000000003806794        0x0 build/src/main.o
                                          0x8 (size before relaxing)
 .ARM.exidx.text._Z10basic_movedd
                0x0000000003806794        0x0 build/src/main.o
                                          0x8 (size before relaxing)
 .ARM.exidx.text._Z7Go_movedddd
                0x0000000003806794        0x0 build/src/main.o
                                          0x8 (size before relaxing)
 .ARM.exidx.text._Z8Go_logicdd
                0x0000000003806794        0x0 build/src/main.o
                                          0x8 (size before relaxing)
 .ARM.exidx.text._Z17Constant_selecterd
                0x0000000003806794        0x0 build/src/main.o
                                          0x8 (size before relaxing)
 .ARM.exidx.text._Z12turnto_logicdd
                0x0000000003806794        0x0 build/src/main.o
                                          0x8 (size before relaxing)
 .ARM.exidx.text._Z13turnto_clientdd
                0x0000000003806794        0x0 build/src/main.o
                                          0x8 (size before relaxing)
 .ARM.exidx.text._Z8end_autov
                0x0000000003806794        0x0 build/src/main.o
                                          0x8 (size before relaxing)
 .ARM.exidx.text._Z4liftiid
                0x0000000003806794        0x0 build/src/main.o
                                          0x8 (size before relaxing)
 .ARM.exidx.text._Z18fast_down_clawopenv
                0x0000000003806794        0x0 build/src/main.o
                                          0x8 (size before relaxing)
 .ARM.exidx.text._Z19fast_down_clawclosev
                0x0000000003806794        0x0 build/src/main.o
                                          0x8 (size before relaxing)
 .ARM.exidx.text._Z9back_clawbi
                0x0000000003806794        0x0 build/src/main.o
                                          0x8 (size before relaxing)
 .ARM.exidx.text._Z19back_claw_to_bottomv
                0x0000000003806794        0x0 build/src/main.o
                                          0x8 (size before relaxing)
 .ARM.exidx.text._Z16back_claw_to_topv
                0x0000000003806794        0x0 build/src/main.o
                                          0x8 (size before relaxing)
 .ARM.exidx.text._Z17back_keep_holdingv
                0x0000000003806794        0x0 build/src/main.o
                                          0x8 (size before relaxing)
 .ARM.exidx.text._Z18front_keep_holdingv
                0x0000000003806794        0x0 build/src/main.o
                                          0x8 (size before relaxing)
 .ARM.exidx.text._Z7task_upv
                0x0000000003806794        0x0 build/src/main.o
                                          0x8 (size before relaxing)
 .ARM.exidx.text._Z4Autov
                0x0000000003806794        0x0 build/src/main.o
                                          0x8 (size before relaxing)
 .ARM.exidx.text.main
                0x0000000003806794        0x0 build/src/main.o
                                          0x8 (size before relaxing)
 .ARM.exidx.text._GLOBAL__sub_I_main.cpp
                0x0000000003806794        0x0 build/src/main.o
                                          0x8 (size before relaxing)
 .ARM.exidx.text._ZN3vex11motor_groupC2IJNS_5motorES2_EEERS2_DpRT_
                0x0000000003806794        0x0 build/src/robot-config.o
                                          0x8 (size before relaxing)
 .ARM.exidx.text._Z8printingv
                0x0000000003806794        0x0 build/src/robot-config.o
                                          0x8 (size before relaxing)
 .ARM.exidx.text._Z33rc_auto_loop_function_Controller1v
                0x0000000003806794        0x0 build/src/robot-config.o
                                          0x8 (size before relaxing)
 .ARM.exidx.text._Z11vexcodeInitv
                0x0000000003806794        0x0 build/src/robot-config.o
                                          0x8 (size before relaxing)
 .ARM.exidx.text._GLOBAL__sub_I_robot_config.cpp
                0x0000000003806794        0x0 build/src/robot-config.o
                                          0x8 (size before relaxing)
 *(.gnu.linkonce.armexidix.*.*)
                0x0000000003806794                __exidx_end = .

.rel.dyn        0x0000000003806794        0x0
 .rel.iplt      0x0000000003806794        0x0 build/src/main.o

.preinit_array  0x0000000003806794        0x0
                0x0000000003806794                __preinit_array_start = .
 *(SORT_BY_NAME(.preinit_array.*))
 *(.preinit_array)
                0x0000000003806794                __preinit_array_end = .

.init_array     0x0000000003806794       0x10
                0x0000000003806794                __init_array_start = .
 *(SORT_BY_NAME(.init_array.*))
 *(.init_array)
 .init_array    0x0000000003806794        0x4 build/src/main.o
 .init_array    0x0000000003806798        0x4 build/src/robot-config.o
 .init_array    0x000000000380679c        0x4 /Applications/VEXcode Pro V5.app/Contents/Resources/sdk/vexv5/libv5rt.a(vex_triport.cpp.obj)
 .init_array    0x00000000038067a0        0x4 /Applications/VEXcode Pro V5.app/Contents/Resources/sdk/vexv5/libv5rt.a(vex_color.cpp.obj)
                0x00000000038067a4                __init_array_end = .

.fini_array     0x00000000038067a4        0x0
                0x00000000038067a4                __fini_array_start = .
 *(SORT_BY_NAME(.fini_array.*))
 *(.fini_array)
                0x00000000038067a4                __fini_array_end = .

.ARM.attributes
                0x00000000038067a4       0x3c
                0x00000000038067a4                __ARM.attributes_start = .
 *(.ARM.attributes)
 .ARM.attributes
                0x00000000038067a4       0x3a build/src/main.o
 .ARM.attributes
                0x00000000038067de       0x3a build/src/robot-config.o
 .ARM.attributes
                0x0000000003806818       0x35 /Applications/VEXcode Pro V5.app/Contents/Resources/sdk/vexv5/libv5rt.a(v5_startup.c.obj)
 .ARM.attributes
                0x000000000380684d       0x35 /Applications/VEXcode Pro V5.app/Contents/Resources/sdk/vexv5/libv5rt.a(v5_util.c.obj)
 .ARM.attributes
                0x0000000003806882       0x35 /Applications/VEXcode Pro V5.app/Contents/Resources/sdk/vexv5/libv5rt.a(v5_apijump.c.obj)
 .ARM.attributes
                0x00000000038068b7       0x35 /Applications/VEXcode Pro V5.app/Contents/Resources/sdk/vexv5/libv5rt.a(v5_apiversions.c.obj)
 .ARM.attributes
                0x00000000038068ec       0x35 /Applications/VEXcode Pro V5.app/Contents/Resources/sdk/vexv5/libv5rt.a(vex_global.cpp.obj)
 .ARM.attributes
                0x0000000003806921       0x35 /Applications/VEXcode Pro V5.app/Contents/Resources/sdk/vexv5/libv5rt.a(vex_motor.cpp.obj)
 .ARM.attributes
                0x0000000003806956       0x35 /Applications/VEXcode Pro V5.app/Contents/Resources/sdk/vexv5/libv5rt.a(vex_imu.cpp.obj)
 .ARM.attributes
                0x000000000380698b       0x35 /Applications/VEXcode Pro V5.app/Contents/Resources/sdk/vexv5/libv5rt.a(vex_rotation.cpp.obj)
 .ARM.attributes
                0x00000000038069c0       0x35 /Applications/VEXcode Pro V5.app/Contents/Resources/sdk/vexv5/libv5rt.a(vex_controller.cpp.obj)
 .ARM.attributes
                0x00000000038069f5       0x35 /Applications/VEXcode Pro V5.app/Contents/Resources/sdk/vexv5/libv5rt.a(vex_task.cpp.obj)
 .ARM.attributes
                0x0000000003806a2a       0x35 /Applications/VEXcode Pro V5.app/Contents/Resources/sdk/vexv5/libv5rt.a(vex_thread.cpp.obj)
 .ARM.attributes
                0x0000000003806a5f       0x35 /Applications/VEXcode Pro V5.app/Contents/Resources/sdk/vexv5/libv5rt.a(vex_event.cpp.obj)
 .ARM.attributes
                0x0000000003806a94       0x35 /Applications/VEXcode Pro V5.app/Contents/Resources/sdk/vexv5/libv5rt.a(vex_mevent.cpp.obj)
 .ARM.attributes
                0x0000000003806ac9       0x35 /Applications/VEXcode Pro V5.app/Contents/Resources/sdk/vexv5/libv5rt.a(vex_brain.cpp.obj)
 .ARM.attributes
                0x0000000003806afe       0x35 /Applications/VEXcode Pro V5.app/Contents/Resources/sdk/vexv5/libv5rt.a(vex_competition.cpp.obj)
 .ARM.attributes
                0x0000000003806b33       0x35 /Applications/VEXcode Pro V5.app/Contents/Resources/sdk/vexv5/libv5rt.a(vex_triport.cpp.obj)
 .ARM.attributes
                0x0000000003806b68       0x35 /Applications/VEXcode Pro V5.app/Contents/Resources/sdk/vexv5/libv5rt.a(vex_color.cpp.obj)
 .ARM.attributes
                0x0000000003806b9d       0x35 /Applications/VEXcode Pro V5.app/Contents/Resources/sdk/vexv5/libv5rt.a(vex_timer.cpp.obj)
 .ARM.attributes
                0x0000000003806bd2       0x35 /Applications/VEXcode Pro V5.app/Contents/Resources/sdk/vexv5/libv5rt.a(vex_motorgroup.cpp.obj)
 .ARM.attributes
                0x0000000003806c07       0x35 /Applications/VEXcode Pro V5.app/Contents/Resources/sdk/vexv5/libv5rt.a(v5_apiuser.c.obj)
 .ARM.attributes
                0x0000000003806c3c       0x35 /Applications/VEXcode Pro V5.app/Contents/Resources/sdk/vexv5/libv5rt.a(vex_device.cpp.obj)
 .ARM.attributes
                0x0000000003806c71       0x2b /Applications/VEXcode Pro V5.app/Contents/Resources/sdk/vexv5/gcc/libs/libc.a(lib_a-fini.o)
 .ARM.attributes
                0x0000000003806c9c       0x2b /Applications/VEXcode Pro V5.app/Contents/Resources/sdk/vexv5/gcc/libs/libc.a(lib_a-impure.o)
 .ARM.attributes
                0x0000000003806cc7       0x2b /Applications/VEXcode Pro V5.app/Contents/Resources/sdk/vexv5/gcc/libs/libc.a(lib_a-init.o)
 .ARM.attributes
                0x0000000003806cf2       0x2b /Applications/VEXcode Pro V5.app/Contents/Resources/sdk/vexv5/gcc/libs/libm.a(lib_a-s_fmax.o)
 .ARM.attributes
                0x0000000003806d1d       0x2b /Applications/VEXcode Pro V5.app/Contents/Resources/sdk/vexv5/gcc/libs/libm.a(lib_a-s_fmin.o)
                0x0000000003806d48                __ARM.attributes_end = .

.sdata          0x00000000038067a4        0x0
                0x00000000038067a4                __sdata_start = .
 *(.sdata)
 *(.sdata.*)
 *(.gnu.linkonce.s.*)
                0x00000000038067a4                __sdata_end = .

.sbss           0x00000000038067a4        0x0
                0x00000000038067a4                __sbss_start = .
 *(.sbss)
 *(.sbss.*)
 *(.gnu.linkonce.sb.*)
                0x00000000038067a4                __sbss_end = .

.tdata          0x00000000038067a4        0x0
                0x00000000038067a4                __tdata_start = .
 *(.tdata)
 *(.tdata.*)
 *(.gnu.linkonce.td.*)
                0x00000000038067a4                __tdata_end = .

.tbss           0x00000000038067a4        0x0
                0x00000000038067a4                __tbss_start = .
 *(.tbss)
 *(.tbss.*)
 *(.gnu.linkonce.tb.*)
                0x00000000038067a4                __tbss_end = .

.bss            0x00000000038067a8      0x819
                0x00000000038067a8                __bss_start = .
 *(.bss)
 *(.bss.*)
 .bss._ZStL8__ioinit
                0x00000000038067a8        0x1 build/src/main.o
 *fill*         0x00000000038067a9        0x3 
 .bss.Competition
                0x00000000038067ac       0x28 build/src/main.o
                0x00000000038067ac                Competition
 *fill*         0x00000000038067d4        0x4 
 .bss.Yaw       0x00000000038067d8        0x8 build/src/main.o
                0x00000000038067d8                Yaw
 .bss.Gyro_Started
                0x00000000038067e0        0x8 build/src/main.o
                0x00000000038067e0                Gyro_Started
 .bss.Go_timer  0x00000000038067e8        0x8 build/src/main.o
                0x00000000038067e8                Go_timer
 .bss.Go_manner
                0x00000000038067f0        0x4 build/src/main.o
                0x00000000038067f0                Go_manner
 .bss.TURN_TIMER
                0x00000000038067f4        0x8 build/src/main.o
                0x00000000038067f4                TURN_TIMER
 .bss.TURN_TIMER2
                0x00000000038067fc        0x8 build/src/main.o
                0x00000000038067fc                TURN_TIMER2
 .bss.auto_time
                0x0000000003806804        0x8 build/src/main.o
                0x0000000003806804                auto_time
 *fill*         0x000000000380680c        0x4 
 .bss.turn_to_angle
                0x0000000003806810        0x8 build/src/main.o
                0x0000000003806810                turn_to_angle
 .bss.fast_turn
                0x0000000003806818        0x1 build/src/main.o
                0x0000000003806818                fast_turn
 *fill*         0x0000000003806819        0x7 
 .bss.thisKP    0x0000000003806820        0x8 build/src/main.o
                0x0000000003806820                thisKP
 .bss.thisKI    0x0000000003806828        0x8 build/src/main.o
                0x0000000003806828                thisKI
 .bss.this_HIGHSPEED
                0x0000000003806830        0x8 build/src/main.o
                0x0000000003806830                this_HIGHSPEED
 .bss.this_MIDDLESPEED
                0x0000000003806838        0x8 build/src/main.o
                0x0000000003806838                this_MIDDLESPEED